
Allocating common symbols
Common symbol       size              file

bss_var             0x1c              main.o

Memory Configuration

Name             Origin             Length             Attributes
FLASH            0x0000000008000000 0x0000000000020000 xr
SRAM             0x0000000020000000 0x0000000000005000 xrw
*default*        0x0000000000000000 0xffffffffffffffff

Linker script and memory map


.text           0x0000000008000000       0xd4
 *(.vectors*)
 .vectors       0x0000000008000000       0x4c startup.o
 *(.text*)
 .text          0x000000000800004c       0x7c main.o
                0x000000000800004c                main
 .text          0x00000000080000c8        0x8 startup.o
 *(.rodata)
 .rodata        0x00000000080000d0        0x3 main.o
                0x00000000080000d0                const_variables
                0x00000000080000d4                . = ALIGN (0x4)
 *fill*         0x00000000080000d3        0x1 
                0x00000000080000d4                _E_text = .

.glue_7         0x00000000080000d4        0x0
 .glue_7        0x00000000080000d4        0x0 linker stubs

.glue_7t        0x00000000080000d4        0x0
 .glue_7t       0x00000000080000d4        0x0 linker stubs

.vfp11_veneer   0x00000000080000d4        0x0
 .vfp11_veneer  0x00000000080000d4        0x0 linker stubs

.v4_bx          0x00000000080000d4        0x0
 .v4_bx         0x00000000080000d4        0x0 linker stubs

.iplt           0x00000000080000d4        0x0
 .iplt          0x00000000080000d4        0x0 main.o

.rel.dyn        0x00000000080000d4        0x0
 .rel.iplt      0x00000000080000d4        0x0 main.o

.data           0x0000000020000000        0x4 load address 0x00000000080000d4
                0x0000000020000000                _S_data = .
 *(.data)
 .data          0x0000000020000000        0x3 main.o
                0x0000000020000000                g_variables
 .data          0x0000000020000003        0x0 startup.o
                0x0000000020000004                . = ALIGN (0x4)
 *fill*         0x0000000020000003        0x1 
                0x0000000020000004                _E_data = .

.igot.plt       0x0000000020000004        0x0 load address 0x00000000080000d8
 .igot.plt      0x0000000020000004        0x0 main.o

.bss            0x0000000020000004     0x101c load address 0x00000000080000d8
                0x0000000020000004                _S_bss = .
 *(.bss)
 .bss           0x0000000020000004        0x0 main.o
 .bss           0x0000000020000004        0x0 startup.o
                0x0000000020000004                _E_bss = .
                0x0000000020000004                . = ALIGN (0x4)
                0x0000000020001004                . = (. + 0x1000)
 *fill*         0x0000000020000004     0x1000 
                0x0000000020001004                _stack_top = .
 COMMON         0x0000000020001004       0x1c main.o
                0x0000000020001004                bss_var
LOAD main.o
LOAD startup.o
OUTPUT(toggle_led_lab2.elf elf32-littlearm)

.debug_info     0x0000000000000000      0x159
 .debug_info    0x0000000000000000      0x133 main.o
 .debug_info    0x0000000000000133       0x26 startup.o

.debug_abbrev   0x0000000000000000       0xae
 .debug_abbrev  0x0000000000000000       0x9a main.o
 .debug_abbrev  0x000000000000009a       0x14 startup.o

.debug_loc      0x0000000000000000       0x38
 .debug_loc     0x0000000000000000       0x38 main.o

.debug_aranges  0x0000000000000000       0x40
 .debug_aranges
                0x0000000000000000       0x20 main.o
 .debug_aranges
                0x0000000000000020       0x20 startup.o

.debug_line     0x0000000000000000       0xa6
 .debug_line    0x0000000000000000       0x6b main.o
 .debug_line    0x000000000000006b       0x3b startup.o

.debug_str      0x0000000000000000      0x16b
 .debug_str     0x0000000000000000      0x153 main.o
                                        0x175 (size before relaxing)
 .debug_str     0x0000000000000153       0x18 startup.o
                                         0x61 (size before relaxing)

.comment        0x0000000000000000       0x7b
 .comment       0x0000000000000000       0x7b main.o
                                         0x7c (size before relaxing)

.ARM.attributes
                0x0000000000000000       0x31
 .ARM.attributes
                0x0000000000000000       0x33 main.o
 .ARM.attributes
                0x0000000000000033       0x21 startup.o

.debug_frame    0x0000000000000000       0x2c
 .debug_frame   0x0000000000000000       0x2c main.o
