stm32_f103c6_USART_drivers.c:43:6:MCAL_UART_Init	32	static
stm32_f103c6_USART_drivers.c:115:6:MCAL_UART_DeInit	16	static
stm32_f103c6_USART_drivers.c:145:6:MCAL_UART_GPIO_Set_Pins	24	static
stm32_f103c6_USART_drivers.c:247:6:MCAL_UART_SendData	24	static
stm32_f103c6_USART_drivers.c:309:6:MCAL_UART_ReceiveData	24	static
stm32_f103c6_USART_drivers.c:418:6:MCAL_UART_WAIT_TC	16	static
stm32_f103c6_USART_drivers.c:432:6:USART1_IRQHandler	8	static
stm32_f103c6_USART_drivers.c:438:6:USART2_IRQHandler	8	static
stm32_f103c6_USART_drivers.c:444:6:USART3_IRQHandler	8	static
