Archive member included to satisfy reference by file (symbol)

c:/st/stm32cubeide_1.4.0/stm32cubeide/plugins/com.st.stm32cube.ide.mcu.externaltools.gnu-tools-for-stm32.7-2018-q2-update.win32_1.4.0.202007081208/tools/bin/../lib/gcc/arm-none-eabi/7.3.1/../../../../arm-none-eabi/lib/thumb/v7-m\libc_nano.a(lib_a-errno.o)
                              Src/syscalls.o (__errno)
c:/st/stm32cubeide_1.4.0/stm32cubeide/plugins/com.st.stm32cube.ide.mcu.externaltools.gnu-tools-for-stm32.7-2018-q2-update.win32_1.4.0.202007081208/tools/bin/../lib/gcc/arm-none-eabi/7.3.1/../../../../arm-none-eabi/lib/thumb/v7-m\libc_nano.a(lib_a-exit.o)
                              c:/st/stm32cubeide_1.4.0/stm32cubeide/plugins/com.st.stm32cube.ide.mcu.externaltools.gnu-tools-for-stm32.7-2018-q2-update.win32_1.4.0.202007081208/tools/bin/../lib/gcc/arm-none-eabi/7.3.1/../../../../arm-none-eabi/lib/thumb/v7-m/crt0.o (exit)
c:/st/stm32cubeide_1.4.0/stm32cubeide/plugins/com.st.stm32cube.ide.mcu.externaltools.gnu-tools-for-stm32.7-2018-q2-update.win32_1.4.0.202007081208/tools/bin/../lib/gcc/arm-none-eabi/7.3.1/../../../../arm-none-eabi/lib/thumb/v7-m\libc_nano.a(lib_a-impure.o)
                              c:/st/stm32cubeide_1.4.0/stm32cubeide/plugins/com.st.stm32cube.ide.mcu.externaltools.gnu-tools-for-stm32.7-2018-q2-update.win32_1.4.0.202007081208/tools/bin/../lib/gcc/arm-none-eabi/7.3.1/../../../../arm-none-eabi/lib/thumb/v7-m\libc_nano.a(lib_a-exit.o) (_global_impure_ptr)
c:/st/stm32cubeide_1.4.0/stm32cubeide/plugins/com.st.stm32cube.ide.mcu.externaltools.gnu-tools-for-stm32.7-2018-q2-update.win32_1.4.0.202007081208/tools/bin/../lib/gcc/arm-none-eabi/7.3.1/../../../../arm-none-eabi/lib/thumb/v7-m\libc_nano.a(lib_a-init.o)
                              c:/st/stm32cubeide_1.4.0/stm32cubeide/plugins/com.st.stm32cube.ide.mcu.externaltools.gnu-tools-for-stm32.7-2018-q2-update.win32_1.4.0.202007081208/tools/bin/../lib/gcc/arm-none-eabi/7.3.1/../../../../arm-none-eabi/lib/thumb/v7-m/crt0.o (__libc_init_array)
c:/st/stm32cubeide_1.4.0/stm32cubeide/plugins/com.st.stm32cube.ide.mcu.externaltools.gnu-tools-for-stm32.7-2018-q2-update.win32_1.4.0.202007081208/tools/bin/../lib/gcc/arm-none-eabi/7.3.1/../../../../arm-none-eabi/lib/thumb/v7-m\libc_nano.a(lib_a-memset.o)
                              c:/st/stm32cubeide_1.4.0/stm32cubeide/plugins/com.st.stm32cube.ide.mcu.externaltools.gnu-tools-for-stm32.7-2018-q2-update.win32_1.4.0.202007081208/tools/bin/../lib/gcc/arm-none-eabi/7.3.1/../../../../arm-none-eabi/lib/thumb/v7-m/crt0.o (memset)

Allocating common symbols
Common symbol       size              file

GP_IRQ_callback     0x40              stm32_f103c6_Drivers/EXTI/stm32_f103c6_EXTI_drivers.o
pin_cfg             0x4               HAL/LCD_Driver/lcd.o

Discarded input sections

 .text          0x0000000000000000        0x0 c:/st/stm32cubeide_1.4.0/stm32cubeide/plugins/com.st.stm32cube.ide.mcu.externaltools.gnu-tools-for-stm32.7-2018-q2-update.win32_1.4.0.202007081208/tools/bin/../lib/gcc/arm-none-eabi/7.3.1/thumb/v7-m/crti.o
 .data          0x0000000000000000        0x0 c:/st/stm32cubeide_1.4.0/stm32cubeide/plugins/com.st.stm32cube.ide.mcu.externaltools.gnu-tools-for-stm32.7-2018-q2-update.win32_1.4.0.202007081208/tools/bin/../lib/gcc/arm-none-eabi/7.3.1/thumb/v7-m/crti.o
 .bss           0x0000000000000000        0x0 c:/st/stm32cubeide_1.4.0/stm32cubeide/plugins/com.st.stm32cube.ide.mcu.externaltools.gnu-tools-for-stm32.7-2018-q2-update.win32_1.4.0.202007081208/tools/bin/../lib/gcc/arm-none-eabi/7.3.1/thumb/v7-m/crti.o
 .data          0x0000000000000000        0x4 c:/st/stm32cubeide_1.4.0/stm32cubeide/plugins/com.st.stm32cube.ide.mcu.externaltools.gnu-tools-for-stm32.7-2018-q2-update.win32_1.4.0.202007081208/tools/bin/../lib/gcc/arm-none-eabi/7.3.1/thumb/v7-m/crtbegin.o
 .text          0x0000000000000000       0x74 c:/st/stm32cubeide_1.4.0/stm32cubeide/plugins/com.st.stm32cube.ide.mcu.externaltools.gnu-tools-for-stm32.7-2018-q2-update.win32_1.4.0.202007081208/tools/bin/../lib/gcc/arm-none-eabi/7.3.1/../../../../arm-none-eabi/lib/thumb/v7-m/crt0.o
 .data          0x0000000000000000        0x0 c:/st/stm32cubeide_1.4.0/stm32cubeide/plugins/com.st.stm32cube.ide.mcu.externaltools.gnu-tools-for-stm32.7-2018-q2-update.win32_1.4.0.202007081208/tools/bin/../lib/gcc/arm-none-eabi/7.3.1/../../../../arm-none-eabi/lib/thumb/v7-m/crt0.o
 .bss           0x0000000000000000        0x0 c:/st/stm32cubeide_1.4.0/stm32cubeide/plugins/com.st.stm32cube.ide.mcu.externaltools.gnu-tools-for-stm32.7-2018-q2-update.win32_1.4.0.202007081208/tools/bin/../lib/gcc/arm-none-eabi/7.3.1/../../../../arm-none-eabi/lib/thumb/v7-m/crt0.o
 .ARM.extab     0x0000000000000000        0x0 c:/st/stm32cubeide_1.4.0/stm32cubeide/plugins/com.st.stm32cube.ide.mcu.externaltools.gnu-tools-for-stm32.7-2018-q2-update.win32_1.4.0.202007081208/tools/bin/../lib/gcc/arm-none-eabi/7.3.1/../../../../arm-none-eabi/lib/thumb/v7-m/crt0.o
 .ARM.exidx     0x0000000000000000        0x8 c:/st/stm32cubeide_1.4.0/stm32cubeide/plugins/com.st.stm32cube.ide.mcu.externaltools.gnu-tools-for-stm32.7-2018-q2-update.win32_1.4.0.202007081208/tools/bin/../lib/gcc/arm-none-eabi/7.3.1/../../../../arm-none-eabi/lib/thumb/v7-m/crt0.o
 .ARM.attributes
                0x0000000000000000       0x1b c:/st/stm32cubeide_1.4.0/stm32cubeide/plugins/com.st.stm32cube.ide.mcu.externaltools.gnu-tools-for-stm32.7-2018-q2-update.win32_1.4.0.202007081208/tools/bin/../lib/gcc/arm-none-eabi/7.3.1/../../../../arm-none-eabi/lib/thumb/v7-m/crt0.o
 .group         0x0000000000000000        0xc HAL/LCD_Driver/lcd.o
 .group         0x0000000000000000        0xc HAL/LCD_Driver/lcd.o
 .group         0x0000000000000000        0xc HAL/LCD_Driver/lcd.o
 .group         0x0000000000000000        0xc HAL/LCD_Driver/lcd.o
 .group         0x0000000000000000        0xc HAL/LCD_Driver/lcd.o
 .group         0x0000000000000000        0xc HAL/LCD_Driver/lcd.o
 .group         0x0000000000000000        0xc HAL/LCD_Driver/lcd.o
 .group         0x0000000000000000        0xc HAL/LCD_Driver/lcd.o
 .group         0x0000000000000000        0xc HAL/LCD_Driver/lcd.o
 .group         0x0000000000000000        0xc HAL/LCD_Driver/lcd.o
 .group         0x0000000000000000        0xc HAL/LCD_Driver/lcd.o
 .group         0x0000000000000000        0xc HAL/LCD_Driver/lcd.o
 .group         0x0000000000000000        0xc HAL/LCD_Driver/lcd.o
 .group         0x0000000000000000        0xc HAL/LCD_Driver/lcd.o
 .group         0x0000000000000000        0xc HAL/LCD_Driver/lcd.o
 .group         0x0000000000000000        0xc HAL/LCD_Driver/lcd.o
 .group         0x0000000000000000        0xc HAL/LCD_Driver/lcd.o
 .group         0x0000000000000000        0xc HAL/LCD_Driver/lcd.o
 .group         0x0000000000000000        0xc HAL/LCD_Driver/lcd.o
 .group         0x0000000000000000        0xc HAL/LCD_Driver/lcd.o
 .group         0x0000000000000000        0xc HAL/LCD_Driver/lcd.o
 .group         0x0000000000000000        0xc HAL/LCD_Driver/lcd.o
 .group         0x0000000000000000        0xc HAL/LCD_Driver/lcd.o
 .group         0x0000000000000000        0xc HAL/LCD_Driver/lcd.o
 .group         0x0000000000000000        0xc HAL/LCD_Driver/lcd.o
 .text          0x0000000000000000        0x0 HAL/LCD_Driver/lcd.o
 .data          0x0000000000000000        0x0 HAL/LCD_Driver/lcd.o
 .bss           0x0000000000000000        0x0 HAL/LCD_Driver/lcd.o
 .text.lcd_shift_right
                0x0000000000000000        0xe HAL/LCD_Driver/lcd.o
 .group         0x0000000000000000        0xc Src/main.o
 .group         0x0000000000000000        0xc Src/main.o
 .group         0x0000000000000000        0xc Src/main.o
 .group         0x0000000000000000        0xc Src/main.o
 .group         0x0000000000000000        0xc Src/main.o
 .group         0x0000000000000000        0xc Src/main.o
 .group         0x0000000000000000        0xc Src/main.o
 .group         0x0000000000000000        0xc Src/main.o
 .group         0x0000000000000000        0xc Src/main.o
 .group         0x0000000000000000        0xc Src/main.o
 .group         0x0000000000000000        0xc Src/main.o
 .group         0x0000000000000000        0xc Src/main.o
 .group         0x0000000000000000        0xc Src/main.o
 .group         0x0000000000000000        0xc Src/main.o
 .group         0x0000000000000000        0xc Src/main.o
 .group         0x0000000000000000        0xc Src/main.o
 .group         0x0000000000000000        0xc Src/main.o
 .group         0x0000000000000000        0xc Src/main.o
 .group         0x0000000000000000        0xc Src/main.o
 .group         0x0000000000000000        0xc Src/main.o
 .group         0x0000000000000000        0xc Src/main.o
 .group         0x0000000000000000        0xc Src/main.o
 .group         0x0000000000000000        0xc Src/main.o
 .group         0x0000000000000000        0xc Src/main.o
 .group         0x0000000000000000        0xc Src/main.o
 .group         0x0000000000000000        0xc Src/main.o
 .text          0x0000000000000000        0x0 Src/main.o
 .data          0x0000000000000000        0x0 Src/main.o
 .bss           0x0000000000000000        0x0 Src/main.o
 .debug_macro   0x0000000000000000      0xa60 Src/main.o
 .debug_macro   0x0000000000000000       0x22 Src/main.o
 .debug_macro   0x0000000000000000       0x8e Src/main.o
 .debug_macro   0x0000000000000000       0x51 Src/main.o
 .debug_macro   0x0000000000000000       0xef Src/main.o
 .debug_macro   0x0000000000000000       0x6a Src/main.o
 .debug_macro   0x0000000000000000      0x1df Src/main.o
 .debug_macro   0x0000000000000000       0x18 Src/main.o
 .debug_macro   0x0000000000000000       0x46 Src/main.o
 .debug_macro   0x0000000000000000       0x3c Src/main.o
 .debug_macro   0x0000000000000000       0x34 Src/main.o
 .debug_macro   0x0000000000000000       0x16 Src/main.o
 .debug_macro   0x0000000000000000      0x10e Src/main.o
 .debug_macro   0x0000000000000000       0x8d Src/main.o
 .debug_macro   0x0000000000000000       0x52 Src/main.o
 .debug_macro   0x0000000000000000       0x1f Src/main.o
 .debug_macro   0x0000000000000000       0x43 Src/main.o
 .debug_macro   0x0000000000000000       0x20 Src/main.o
 .debug_macro   0x0000000000000000      0x1a3 Src/main.o
 .debug_macro   0x0000000000000000      0x330 Src/main.o
 .debug_macro   0x0000000000000000       0x16 Src/main.o
 .debug_macro   0x0000000000000000       0x29 Src/main.o
 .debug_macro   0x0000000000000000      0x1b0 Src/main.o
 .group         0x0000000000000000        0xc Src/syscalls.o
 .group         0x0000000000000000        0xc Src/syscalls.o
 .group         0x0000000000000000        0xc Src/syscalls.o
 .group         0x0000000000000000        0xc Src/syscalls.o
 .group         0x0000000000000000        0xc Src/syscalls.o
 .group         0x0000000000000000        0xc Src/syscalls.o
 .group         0x0000000000000000        0xc Src/syscalls.o
 .group         0x0000000000000000        0xc Src/syscalls.o
 .group         0x0000000000000000        0xc Src/syscalls.o
 .group         0x0000000000000000        0xc Src/syscalls.o
 .group         0x0000000000000000        0xc Src/syscalls.o
 .group         0x0000000000000000        0xc Src/syscalls.o
 .group         0x0000000000000000        0xc Src/syscalls.o
 .group         0x0000000000000000        0xc Src/syscalls.o
 .group         0x0000000000000000        0xc Src/syscalls.o
 .group         0x0000000000000000        0xc Src/syscalls.o
 .group         0x0000000000000000        0xc Src/syscalls.o
 .group         0x0000000000000000        0xc Src/syscalls.o
 .group         0x0000000000000000        0xc Src/syscalls.o
 .group         0x0000000000000000        0xc Src/syscalls.o
 .group         0x0000000000000000        0xc Src/syscalls.o
 .group         0x0000000000000000        0xc Src/syscalls.o
 .group         0x0000000000000000        0xc Src/syscalls.o
 .group         0x0000000000000000        0xc Src/syscalls.o
 .group         0x0000000000000000        0xc Src/syscalls.o
 .group         0x0000000000000000        0xc Src/syscalls.o
 .group         0x0000000000000000        0xc Src/syscalls.o
 .group         0x0000000000000000        0xc Src/syscalls.o
 .group         0x0000000000000000        0xc Src/syscalls.o
 .group         0x0000000000000000        0xc Src/syscalls.o
 .group         0x0000000000000000        0xc Src/syscalls.o
 .group         0x0000000000000000        0xc Src/syscalls.o
 .group         0x0000000000000000        0xc Src/syscalls.o
 .group         0x0000000000000000        0xc Src/syscalls.o
 .group         0x0000000000000000        0xc Src/syscalls.o
 .group         0x0000000000000000        0xc Src/syscalls.o
 .group         0x0000000000000000        0xc Src/syscalls.o
 .group         0x0000000000000000        0xc Src/syscalls.o
 .group         0x0000000000000000        0xc Src/syscalls.o
 .group         0x0000000000000000        0xc Src/syscalls.o
 .group         0x0000000000000000        0xc Src/syscalls.o
 .group         0x0000000000000000        0xc Src/syscalls.o
 .group         0x0000000000000000        0xc Src/syscalls.o
 .group         0x0000000000000000        0xc Src/syscalls.o
 .text          0x0000000000000000        0x0 Src/syscalls.o
 .data          0x0000000000000000        0x0 Src/syscalls.o
 .bss           0x0000000000000000        0x0 Src/syscalls.o
 .bss.__env     0x0000000000000000        0x4 Src/syscalls.o
 .data.environ  0x0000000000000000        0x4 Src/syscalls.o
 .text.initialise_monitor_handles
                0x0000000000000000        0xc Src/syscalls.o
 .text._getpid  0x0000000000000000        0xe Src/syscalls.o
 .text._kill    0x0000000000000000       0x20 Src/syscalls.o
 .text._exit    0x0000000000000000       0x14 Src/syscalls.o
 .text._read    0x0000000000000000       0x3a Src/syscalls.o
 .text._write   0x0000000000000000       0x38 Src/syscalls.o
 .text._close   0x0000000000000000       0x16 Src/syscalls.o
 .text._fstat   0x0000000000000000       0x1e Src/syscalls.o
 .text._isatty  0x0000000000000000       0x14 Src/syscalls.o
 .text._lseek   0x0000000000000000       0x18 Src/syscalls.o
 .text._open    0x0000000000000000       0x1a Src/syscalls.o
 .text._wait    0x0000000000000000       0x1e Src/syscalls.o
 .text._unlink  0x0000000000000000       0x1e Src/syscalls.o
 .text._times   0x0000000000000000       0x16 Src/syscalls.o
 .text._stat    0x0000000000000000       0x1e Src/syscalls.o
 .text._link    0x0000000000000000       0x20 Src/syscalls.o
 .text._fork    0x0000000000000000       0x16 Src/syscalls.o
 .text._execve  0x0000000000000000       0x22 Src/syscalls.o
 .debug_info    0x0000000000000000     0x1038 Src/syscalls.o
 .debug_abbrev  0x0000000000000000      0x254 Src/syscalls.o
 .debug_loc     0x0000000000000000      0x5b8 Src/syscalls.o
 .debug_aranges
                0x0000000000000000       0xa8 Src/syscalls.o
 .debug_ranges  0x0000000000000000       0x98 Src/syscalls.o
 .debug_macro   0x0000000000000000      0x243 Src/syscalls.o
 .debug_macro   0x0000000000000000      0xa60 Src/syscalls.o
 .debug_macro   0x0000000000000000       0x22 Src/syscalls.o
 .debug_macro   0x0000000000000000       0x40 Src/syscalls.o
 .debug_macro   0x0000000000000000       0x18 Src/syscalls.o
 .debug_macro   0x0000000000000000       0x94 Src/syscalls.o
 .debug_macro   0x0000000000000000       0x3c Src/syscalls.o
 .debug_macro   0x0000000000000000       0x34 Src/syscalls.o
 .debug_macro   0x0000000000000000       0x57 Src/syscalls.o
 .debug_macro   0x0000000000000000      0x174 Src/syscalls.o
 .debug_macro   0x0000000000000000      0x330 Src/syscalls.o
 .debug_macro   0x0000000000000000       0x52 Src/syscalls.o
 .debug_macro   0x0000000000000000       0x1f Src/syscalls.o
 .debug_macro   0x0000000000000000       0x43 Src/syscalls.o
 .debug_macro   0x0000000000000000       0x20 Src/syscalls.o
 .debug_macro   0x0000000000000000      0x1a3 Src/syscalls.o
 .debug_macro   0x0000000000000000       0x10 Src/syscalls.o
 .debug_macro   0x0000000000000000       0x35 Src/syscalls.o
 .debug_macro   0x0000000000000000       0x10 Src/syscalls.o
 .debug_macro   0x0000000000000000       0x10 Src/syscalls.o
 .debug_macro   0x0000000000000000       0x10 Src/syscalls.o
 .debug_macro   0x0000000000000000       0x6a Src/syscalls.o
 .debug_macro   0x0000000000000000       0x1c Src/syscalls.o
 .debug_macro   0x0000000000000000       0x52 Src/syscalls.o
 .debug_macro   0x0000000000000000       0x40 Src/syscalls.o
 .debug_macro   0x0000000000000000       0x10 Src/syscalls.o
 .debug_macro   0x0000000000000000       0x40 Src/syscalls.o
 .debug_macro   0x0000000000000000       0xd7 Src/syscalls.o
 .debug_macro   0x0000000000000000       0x1c Src/syscalls.o
 .debug_macro   0x0000000000000000       0x3d Src/syscalls.o
 .debug_macro   0x0000000000000000       0x35 Src/syscalls.o
 .debug_macro   0x0000000000000000      0x122 Src/syscalls.o
 .debug_macro   0x0000000000000000       0x16 Src/syscalls.o
 .debug_macro   0x0000000000000000       0x16 Src/syscalls.o
 .debug_macro   0x0000000000000000       0x29 Src/syscalls.o
 .debug_macro   0x0000000000000000       0x10 Src/syscalls.o
 .debug_macro   0x0000000000000000      0x241 Src/syscalls.o
 .debug_macro   0x0000000000000000       0x1c Src/syscalls.o
 .debug_macro   0x0000000000000000       0x10 Src/syscalls.o
 .debug_macro   0x0000000000000000       0x10 Src/syscalls.o
 .debug_macro   0x0000000000000000       0x16 Src/syscalls.o
 .debug_macro   0x0000000000000000      0x145 Src/syscalls.o
 .debug_macro   0x0000000000000000      0x189 Src/syscalls.o
 .debug_macro   0x0000000000000000       0x16 Src/syscalls.o
 .debug_macro   0x0000000000000000       0x88 Src/syscalls.o
 .debug_line    0x0000000000000000      0x739 Src/syscalls.o
 .debug_str     0x0000000000000000     0x889c Src/syscalls.o
 .comment       0x0000000000000000       0x7c Src/syscalls.o
 .debug_frame   0x0000000000000000      0x2ac Src/syscalls.o
 .ARM.attributes
                0x0000000000000000       0x33 Src/syscalls.o
 .group         0x0000000000000000        0xc Src/sysmem.o
 .group         0x0000000000000000        0xc Src/sysmem.o
 .group         0x0000000000000000        0xc Src/sysmem.o
 .group         0x0000000000000000        0xc Src/sysmem.o
 .group         0x0000000000000000        0xc Src/sysmem.o
 .group         0x0000000000000000        0xc Src/sysmem.o
 .group         0x0000000000000000        0xc Src/sysmem.o
 .group         0x0000000000000000        0xc Src/sysmem.o
 .group         0x0000000000000000        0xc Src/sysmem.o
 .group         0x0000000000000000        0xc Src/sysmem.o
 .group         0x0000000000000000        0xc Src/sysmem.o
 .group         0x0000000000000000        0xc Src/sysmem.o
 .group         0x0000000000000000        0xc Src/sysmem.o
 .group         0x0000000000000000        0xc Src/sysmem.o
 .group         0x0000000000000000        0xc Src/sysmem.o
 .group         0x0000000000000000        0xc Src/sysmem.o
 .group         0x0000000000000000        0xc Src/sysmem.o
 .group         0x0000000000000000        0xc Src/sysmem.o
 .group         0x0000000000000000        0xc Src/sysmem.o
 .text          0x0000000000000000        0x0 Src/sysmem.o
 .data          0x0000000000000000        0x0 Src/sysmem.o
 .bss           0x0000000000000000        0x0 Src/sysmem.o
 .bss.__sbrk_heap_end
                0x0000000000000000        0x4 Src/sysmem.o
 .text._sbrk    0x0000000000000000       0x6c Src/sysmem.o
 .debug_info    0x0000000000000000      0xa7c Src/sysmem.o
 .debug_abbrev  0x0000000000000000      0x18e Src/sysmem.o
 .debug_loc     0x0000000000000000       0x50 Src/sysmem.o
 .debug_aranges
                0x0000000000000000       0x20 Src/sysmem.o
 .debug_ranges  0x0000000000000000       0x10 Src/sysmem.o
 .debug_macro   0x0000000000000000       0xee Src/sysmem.o
 .debug_macro   0x0000000000000000      0xa60 Src/sysmem.o
 .debug_macro   0x0000000000000000       0x10 Src/sysmem.o
 .debug_macro   0x0000000000000000       0x22 Src/sysmem.o
 .debug_macro   0x0000000000000000       0x40 Src/sysmem.o
 .debug_macro   0x0000000000000000       0x18 Src/sysmem.o
 .debug_macro   0x0000000000000000       0x94 Src/sysmem.o
 .debug_macro   0x0000000000000000       0x3c Src/sysmem.o
 .debug_macro   0x0000000000000000       0x34 Src/sysmem.o
 .debug_macro   0x0000000000000000      0x174 Src/sysmem.o
 .debug_macro   0x0000000000000000       0x57 Src/sysmem.o
 .debug_macro   0x0000000000000000       0x52 Src/sysmem.o
 .debug_macro   0x0000000000000000       0x1f Src/sysmem.o
 .debug_macro   0x0000000000000000       0x43 Src/sysmem.o
 .debug_macro   0x0000000000000000       0x20 Src/sysmem.o
 .debug_macro   0x0000000000000000      0x1a3 Src/sysmem.o
 .debug_macro   0x0000000000000000      0x23b Src/sysmem.o
 .debug_macro   0x0000000000000000       0xef Src/sysmem.o
 .debug_macro   0x0000000000000000       0x6a Src/sysmem.o
 .debug_macro   0x0000000000000000      0x1df Src/sysmem.o
 .debug_line    0x0000000000000000      0x4c2 Src/sysmem.o
 .debug_str     0x0000000000000000     0x5f6a Src/sysmem.o
 .comment       0x0000000000000000       0x7c Src/sysmem.o
 .debug_frame   0x0000000000000000       0x34 Src/sysmem.o
 .ARM.attributes
                0x0000000000000000       0x33 Src/sysmem.o
 .text          0x0000000000000000       0x14 Startup/startup_stm32f103c6tx.o
 .data          0x0000000000000000        0x0 Startup/startup_stm32f103c6tx.o
 .bss           0x0000000000000000        0x0 Startup/startup_stm32f103c6tx.o
 .group         0x0000000000000000        0xc stm32_f103c6_Drivers/EXTI/stm32_f103c6_EXTI_drivers.o
 .group         0x0000000000000000        0xc stm32_f103c6_Drivers/EXTI/stm32_f103c6_EXTI_drivers.o
 .group         0x0000000000000000        0xc stm32_f103c6_Drivers/EXTI/stm32_f103c6_EXTI_drivers.o
 .group         0x0000000000000000        0xc stm32_f103c6_Drivers/EXTI/stm32_f103c6_EXTI_drivers.o
 .group         0x0000000000000000        0xc stm32_f103c6_Drivers/EXTI/stm32_f103c6_EXTI_drivers.o
 .group         0x0000000000000000        0xc stm32_f103c6_Drivers/EXTI/stm32_f103c6_EXTI_drivers.o
 .group         0x0000000000000000        0xc stm32_f103c6_Drivers/EXTI/stm32_f103c6_EXTI_drivers.o
 .group         0x0000000000000000        0xc stm32_f103c6_Drivers/EXTI/stm32_f103c6_EXTI_drivers.o
 .group         0x0000000000000000        0xc stm32_f103c6_Drivers/EXTI/stm32_f103c6_EXTI_drivers.o
 .group         0x0000000000000000        0xc stm32_f103c6_Drivers/EXTI/stm32_f103c6_EXTI_drivers.o
 .group         0x0000000000000000        0xc stm32_f103c6_Drivers/EXTI/stm32_f103c6_EXTI_drivers.o
 .group         0x0000000000000000        0xc stm32_f103c6_Drivers/EXTI/stm32_f103c6_EXTI_drivers.o
 .group         0x0000000000000000        0xc stm32_f103c6_Drivers/EXTI/stm32_f103c6_EXTI_drivers.o
 .group         0x0000000000000000        0xc stm32_f103c6_Drivers/EXTI/stm32_f103c6_EXTI_drivers.o
 .group         0x0000000000000000        0xc stm32_f103c6_Drivers/EXTI/stm32_f103c6_EXTI_drivers.o
 .group         0x0000000000000000        0xc stm32_f103c6_Drivers/EXTI/stm32_f103c6_EXTI_drivers.o
 .group         0x0000000000000000        0xc stm32_f103c6_Drivers/EXTI/stm32_f103c6_EXTI_drivers.o
 .group         0x0000000000000000        0xc stm32_f103c6_Drivers/EXTI/stm32_f103c6_EXTI_drivers.o
 .group         0x0000000000000000        0xc stm32_f103c6_Drivers/EXTI/stm32_f103c6_EXTI_drivers.o
 .group         0x0000000000000000        0xc stm32_f103c6_Drivers/EXTI/stm32_f103c6_EXTI_drivers.o
 .group         0x0000000000000000        0xc stm32_f103c6_Drivers/EXTI/stm32_f103c6_EXTI_drivers.o
 .group         0x0000000000000000        0xc stm32_f103c6_Drivers/EXTI/stm32_f103c6_EXTI_drivers.o
 .group         0x0000000000000000        0xc stm32_f103c6_Drivers/EXTI/stm32_f103c6_EXTI_drivers.o
 .group         0x0000000000000000        0xc stm32_f103c6_Drivers/EXTI/stm32_f103c6_EXTI_drivers.o
 .group         0x0000000000000000        0xc stm32_f103c6_Drivers/EXTI/stm32_f103c6_EXTI_drivers.o
 .text          0x0000000000000000        0x0 stm32_f103c6_Drivers/EXTI/stm32_f103c6_EXTI_drivers.o
 .data          0x0000000000000000        0x0 stm32_f103c6_Drivers/EXTI/stm32_f103c6_EXTI_drivers.o
 .bss           0x0000000000000000        0x0 stm32_f103c6_Drivers/EXTI/stm32_f103c6_EXTI_drivers.o
 .text.MCAL_EXTI_GPIO_DeInit
                0x0000000000000000       0x94 stm32_f103c6_Drivers/EXTI/stm32_f103c6_EXTI_drivers.o
 .text.MCAL_EXTI_GPIO_Update
                0x0000000000000000       0x16 stm32_f103c6_Drivers/EXTI/stm32_f103c6_EXTI_drivers.o
 .debug_macro   0x0000000000000000      0xa60 stm32_f103c6_Drivers/EXTI/stm32_f103c6_EXTI_drivers.o
 .debug_macro   0x0000000000000000       0x22 stm32_f103c6_Drivers/EXTI/stm32_f103c6_EXTI_drivers.o
 .debug_macro   0x0000000000000000       0x8e stm32_f103c6_Drivers/EXTI/stm32_f103c6_EXTI_drivers.o
 .debug_macro   0x0000000000000000       0x51 stm32_f103c6_Drivers/EXTI/stm32_f103c6_EXTI_drivers.o
 .debug_macro   0x0000000000000000       0xef stm32_f103c6_Drivers/EXTI/stm32_f103c6_EXTI_drivers.o
 .debug_macro   0x0000000000000000       0x6a stm32_f103c6_Drivers/EXTI/stm32_f103c6_EXTI_drivers.o
 .debug_macro   0x0000000000000000      0x1df stm32_f103c6_Drivers/EXTI/stm32_f103c6_EXTI_drivers.o
 .debug_macro   0x0000000000000000       0x18 stm32_f103c6_Drivers/EXTI/stm32_f103c6_EXTI_drivers.o
 .debug_macro   0x0000000000000000       0x46 stm32_f103c6_Drivers/EXTI/stm32_f103c6_EXTI_drivers.o
 .debug_macro   0x0000000000000000       0x3c stm32_f103c6_Drivers/EXTI/stm32_f103c6_EXTI_drivers.o
 .debug_macro   0x0000000000000000       0x34 stm32_f103c6_Drivers/EXTI/stm32_f103c6_EXTI_drivers.o
 .debug_macro   0x0000000000000000       0x16 stm32_f103c6_Drivers/EXTI/stm32_f103c6_EXTI_drivers.o
 .debug_macro   0x0000000000000000      0x10e stm32_f103c6_Drivers/EXTI/stm32_f103c6_EXTI_drivers.o
 .debug_macro   0x0000000000000000       0x8d stm32_f103c6_Drivers/EXTI/stm32_f103c6_EXTI_drivers.o
 .debug_macro   0x0000000000000000       0x52 stm32_f103c6_Drivers/EXTI/stm32_f103c6_EXTI_drivers.o
 .debug_macro   0x0000000000000000       0x1f stm32_f103c6_Drivers/EXTI/stm32_f103c6_EXTI_drivers.o
 .debug_macro   0x0000000000000000       0x43 stm32_f103c6_Drivers/EXTI/stm32_f103c6_EXTI_drivers.o
 .debug_macro   0x0000000000000000       0x20 stm32_f103c6_Drivers/EXTI/stm32_f103c6_EXTI_drivers.o
 .debug_macro   0x0000000000000000      0x1a3 stm32_f103c6_Drivers/EXTI/stm32_f103c6_EXTI_drivers.o
 .debug_macro   0x0000000000000000      0x330 stm32_f103c6_Drivers/EXTI/stm32_f103c6_EXTI_drivers.o
 .debug_macro   0x0000000000000000       0x16 stm32_f103c6_Drivers/EXTI/stm32_f103c6_EXTI_drivers.o
 .debug_macro   0x0000000000000000       0x29 stm32_f103c6_Drivers/EXTI/stm32_f103c6_EXTI_drivers.o
 .debug_macro   0x0000000000000000      0x1b0 stm32_f103c6_Drivers/EXTI/stm32_f103c6_EXTI_drivers.o
 .debug_macro   0x0000000000000000       0xdc stm32_f103c6_Drivers/EXTI/stm32_f103c6_EXTI_drivers.o
 .debug_macro   0x0000000000000000      0x225 stm32_f103c6_Drivers/EXTI/stm32_f103c6_EXTI_drivers.o
 .group         0x0000000000000000        0xc stm32_f103c6_Drivers/GPIO/stm32_f103c6_gpio_drivers.o
 .group         0x0000000000000000        0xc stm32_f103c6_Drivers/GPIO/stm32_f103c6_gpio_drivers.o
 .group         0x0000000000000000        0xc stm32_f103c6_Drivers/GPIO/stm32_f103c6_gpio_drivers.o
 .group         0x0000000000000000        0xc stm32_f103c6_Drivers/GPIO/stm32_f103c6_gpio_drivers.o
 .group         0x0000000000000000        0xc stm32_f103c6_Drivers/GPIO/stm32_f103c6_gpio_drivers.o
 .group         0x0000000000000000        0xc stm32_f103c6_Drivers/GPIO/stm32_f103c6_gpio_drivers.o
 .group         0x0000000000000000        0xc stm32_f103c6_Drivers/GPIO/stm32_f103c6_gpio_drivers.o
 .group         0x0000000000000000        0xc stm32_f103c6_Drivers/GPIO/stm32_f103c6_gpio_drivers.o
 .group         0x0000000000000000        0xc stm32_f103c6_Drivers/GPIO/stm32_f103c6_gpio_drivers.o
 .group         0x0000000000000000        0xc stm32_f103c6_Drivers/GPIO/stm32_f103c6_gpio_drivers.o
 .group         0x0000000000000000        0xc stm32_f103c6_Drivers/GPIO/stm32_f103c6_gpio_drivers.o
 .group         0x0000000000000000        0xc stm32_f103c6_Drivers/GPIO/stm32_f103c6_gpio_drivers.o
 .group         0x0000000000000000        0xc stm32_f103c6_Drivers/GPIO/stm32_f103c6_gpio_drivers.o
 .group         0x0000000000000000        0xc stm32_f103c6_Drivers/GPIO/stm32_f103c6_gpio_drivers.o
 .group         0x0000000000000000        0xc stm32_f103c6_Drivers/GPIO/stm32_f103c6_gpio_drivers.o
 .group         0x0000000000000000        0xc stm32_f103c6_Drivers/GPIO/stm32_f103c6_gpio_drivers.o
 .group         0x0000000000000000        0xc stm32_f103c6_Drivers/GPIO/stm32_f103c6_gpio_drivers.o
 .group         0x0000000000000000        0xc stm32_f103c6_Drivers/GPIO/stm32_f103c6_gpio_drivers.o
 .group         0x0000000000000000        0xc stm32_f103c6_Drivers/GPIO/stm32_f103c6_gpio_drivers.o
 .group         0x0000000000000000        0xc stm32_f103c6_Drivers/GPIO/stm32_f103c6_gpio_drivers.o
 .group         0x0000000000000000        0xc stm32_f103c6_Drivers/GPIO/stm32_f103c6_gpio_drivers.o
 .group         0x0000000000000000        0xc stm32_f103c6_Drivers/GPIO/stm32_f103c6_gpio_drivers.o
 .group         0x0000000000000000        0xc stm32_f103c6_Drivers/GPIO/stm32_f103c6_gpio_drivers.o
 .group         0x0000000000000000        0xc stm32_f103c6_Drivers/GPIO/stm32_f103c6_gpio_drivers.o
 .text          0x0000000000000000        0x0 stm32_f103c6_Drivers/GPIO/stm32_f103c6_gpio_drivers.o
 .data          0x0000000000000000        0x0 stm32_f103c6_Drivers/GPIO/stm32_f103c6_gpio_drivers.o
 .bss           0x0000000000000000        0x0 stm32_f103c6_Drivers/GPIO/stm32_f103c6_gpio_drivers.o
 .text.MCAL_GPIO_DeInit
                0x0000000000000000       0xd4 stm32_f103c6_Drivers/GPIO/stm32_f103c6_gpio_drivers.o
 .text.MCAL_GPIO_ReadPin
                0x0000000000000000       0x32 stm32_f103c6_Drivers/GPIO/stm32_f103c6_gpio_drivers.o
 .text.MCAL_GPIO_ReadPort
                0x0000000000000000       0x18 stm32_f103c6_Drivers/GPIO/stm32_f103c6_gpio_drivers.o
 .text.MCAL_GPIO_TogglePin
                0x0000000000000000       0x22 stm32_f103c6_Drivers/GPIO/stm32_f103c6_gpio_drivers.o
 .text.MCAL_LockPin
                0x0000000000000000       0x4e stm32_f103c6_Drivers/GPIO/stm32_f103c6_gpio_drivers.o
 .debug_macro   0x0000000000000000      0xa60 stm32_f103c6_Drivers/GPIO/stm32_f103c6_gpio_drivers.o
 .debug_macro   0x0000000000000000       0x22 stm32_f103c6_Drivers/GPIO/stm32_f103c6_gpio_drivers.o
 .debug_macro   0x0000000000000000       0x8e stm32_f103c6_Drivers/GPIO/stm32_f103c6_gpio_drivers.o
 .debug_macro   0x0000000000000000       0x51 stm32_f103c6_Drivers/GPIO/stm32_f103c6_gpio_drivers.o
 .debug_macro   0x0000000000000000       0xef stm32_f103c6_Drivers/GPIO/stm32_f103c6_gpio_drivers.o
 .debug_macro   0x0000000000000000       0x6a stm32_f103c6_Drivers/GPIO/stm32_f103c6_gpio_drivers.o
 .debug_macro   0x0000000000000000      0x1df stm32_f103c6_Drivers/GPIO/stm32_f103c6_gpio_drivers.o
 .debug_macro   0x0000000000000000       0x18 stm32_f103c6_Drivers/GPIO/stm32_f103c6_gpio_drivers.o
 .debug_macro   0x0000000000000000       0x46 stm32_f103c6_Drivers/GPIO/stm32_f103c6_gpio_drivers.o
 .debug_macro   0x0000000000000000       0x3c stm32_f103c6_Drivers/GPIO/stm32_f103c6_gpio_drivers.o
 .debug_macro   0x0000000000000000       0x34 stm32_f103c6_Drivers/GPIO/stm32_f103c6_gpio_drivers.o
 .debug_macro   0x0000000000000000       0x16 stm32_f103c6_Drivers/GPIO/stm32_f103c6_gpio_drivers.o
 .debug_macro   0x0000000000000000      0x10e stm32_f103c6_Drivers/GPIO/stm32_f103c6_gpio_drivers.o
 .debug_macro   0x0000000000000000       0x8d stm32_f103c6_Drivers/GPIO/stm32_f103c6_gpio_drivers.o
 .debug_macro   0x0000000000000000       0x52 stm32_f103c6_Drivers/GPIO/stm32_f103c6_gpio_drivers.o
 .debug_macro   0x0000000000000000       0x1f stm32_f103c6_Drivers/GPIO/stm32_f103c6_gpio_drivers.o
 .debug_macro   0x0000000000000000       0x43 stm32_f103c6_Drivers/GPIO/stm32_f103c6_gpio_drivers.o
 .debug_macro   0x0000000000000000       0x20 stm32_f103c6_Drivers/GPIO/stm32_f103c6_gpio_drivers.o
 .debug_macro   0x0000000000000000      0x1a3 stm32_f103c6_Drivers/GPIO/stm32_f103c6_gpio_drivers.o
 .debug_macro   0x0000000000000000      0x330 stm32_f103c6_Drivers/GPIO/stm32_f103c6_gpio_drivers.o
 .debug_macro   0x0000000000000000       0x16 stm32_f103c6_Drivers/GPIO/stm32_f103c6_gpio_drivers.o
 .debug_macro   0x0000000000000000       0x29 stm32_f103c6_Drivers/GPIO/stm32_f103c6_gpio_drivers.o
 .debug_macro   0x0000000000000000      0x1b0 stm32_f103c6_Drivers/GPIO/stm32_f103c6_gpio_drivers.o
 .debug_macro   0x0000000000000000       0xd6 stm32_f103c6_Drivers/GPIO/stm32_f103c6_gpio_drivers.o
 .text          0x0000000000000000        0x0 c:/st/stm32cubeide_1.4.0/stm32cubeide/plugins/com.st.stm32cube.ide.mcu.externaltools.gnu-tools-for-stm32.7-2018-q2-update.win32_1.4.0.202007081208/tools/bin/../lib/gcc/arm-none-eabi/7.3.1/../../../../arm-none-eabi/lib/thumb/v7-m\libc_nano.a(lib_a-errno.o)
 .data          0x0000000000000000        0x0 c:/st/stm32cubeide_1.4.0/stm32cubeide/plugins/com.st.stm32cube.ide.mcu.externaltools.gnu-tools-for-stm32.7-2018-q2-update.win32_1.4.0.202007081208/tools/bin/../lib/gcc/arm-none-eabi/7.3.1/../../../../arm-none-eabi/lib/thumb/v7-m\libc_nano.a(lib_a-errno.o)
 .bss           0x0000000000000000        0x0 c:/st/stm32cubeide_1.4.0/stm32cubeide/plugins/com.st.stm32cube.ide.mcu.externaltools.gnu-tools-for-stm32.7-2018-q2-update.win32_1.4.0.202007081208/tools/bin/../lib/gcc/arm-none-eabi/7.3.1/../../../../arm-none-eabi/lib/thumb/v7-m\libc_nano.a(lib_a-errno.o)
 .text.__errno  0x0000000000000000        0xc c:/st/stm32cubeide_1.4.0/stm32cubeide/plugins/com.st.stm32cube.ide.mcu.externaltools.gnu-tools-for-stm32.7-2018-q2-update.win32_1.4.0.202007081208/tools/bin/../lib/gcc/arm-none-eabi/7.3.1/../../../../arm-none-eabi/lib/thumb/v7-m\libc_nano.a(lib_a-errno.o)
 .debug_frame   0x0000000000000000       0x20 c:/st/stm32cubeide_1.4.0/stm32cubeide/plugins/com.st.stm32cube.ide.mcu.externaltools.gnu-tools-for-stm32.7-2018-q2-update.win32_1.4.0.202007081208/tools/bin/../lib/gcc/arm-none-eabi/7.3.1/../../../../arm-none-eabi/lib/thumb/v7-m\libc_nano.a(lib_a-errno.o)
 .ARM.attributes
                0x0000000000000000       0x2d c:/st/stm32cubeide_1.4.0/stm32cubeide/plugins/com.st.stm32cube.ide.mcu.externaltools.gnu-tools-for-stm32.7-2018-q2-update.win32_1.4.0.202007081208/tools/bin/../lib/gcc/arm-none-eabi/7.3.1/../../../../arm-none-eabi/lib/thumb/v7-m\libc_nano.a(lib_a-errno.o)
 .text          0x0000000000000000        0x0 c:/st/stm32cubeide_1.4.0/stm32cubeide/plugins/com.st.stm32cube.ide.mcu.externaltools.gnu-tools-for-stm32.7-2018-q2-update.win32_1.4.0.202007081208/tools/bin/../lib/gcc/arm-none-eabi/7.3.1/../../../../arm-none-eabi/lib/thumb/v7-m\libc_nano.a(lib_a-exit.o)
 .data          0x0000000000000000        0x0 c:/st/stm32cubeide_1.4.0/stm32cubeide/plugins/com.st.stm32cube.ide.mcu.externaltools.gnu-tools-for-stm32.7-2018-q2-update.win32_1.4.0.202007081208/tools/bin/../lib/gcc/arm-none-eabi/7.3.1/../../../../arm-none-eabi/lib/thumb/v7-m\libc_nano.a(lib_a-exit.o)
 .bss           0x0000000000000000        0x0 c:/st/stm32cubeide_1.4.0/stm32cubeide/plugins/com.st.stm32cube.ide.mcu.externaltools.gnu-tools-for-stm32.7-2018-q2-update.win32_1.4.0.202007081208/tools/bin/../lib/gcc/arm-none-eabi/7.3.1/../../../../arm-none-eabi/lib/thumb/v7-m\libc_nano.a(lib_a-exit.o)
 .text.exit     0x0000000000000000       0x28 c:/st/stm32cubeide_1.4.0/stm32cubeide/plugins/com.st.stm32cube.ide.mcu.externaltools.gnu-tools-for-stm32.7-2018-q2-update.win32_1.4.0.202007081208/tools/bin/../lib/gcc/arm-none-eabi/7.3.1/../../../../arm-none-eabi/lib/thumb/v7-m\libc_nano.a(lib_a-exit.o)
 .debug_frame   0x0000000000000000       0x28 c:/st/stm32cubeide_1.4.0/stm32cubeide/plugins/com.st.stm32cube.ide.mcu.externaltools.gnu-tools-for-stm32.7-2018-q2-update.win32_1.4.0.202007081208/tools/bin/../lib/gcc/arm-none-eabi/7.3.1/../../../../arm-none-eabi/lib/thumb/v7-m\libc_nano.a(lib_a-exit.o)
 .ARM.attributes
                0x0000000000000000       0x2d c:/st/stm32cubeide_1.4.0/stm32cubeide/plugins/com.st.stm32cube.ide.mcu.externaltools.gnu-tools-for-stm32.7-2018-q2-update.win32_1.4.0.202007081208/tools/bin/../lib/gcc/arm-none-eabi/7.3.1/../../../../arm-none-eabi/lib/thumb/v7-m\libc_nano.a(lib_a-exit.o)
 .text          0x0000000000000000        0x0 c:/st/stm32cubeide_1.4.0/stm32cubeide/plugins/com.st.stm32cube.ide.mcu.externaltools.gnu-tools-for-stm32.7-2018-q2-update.win32_1.4.0.202007081208/tools/bin/../lib/gcc/arm-none-eabi/7.3.1/../../../../arm-none-eabi/lib/thumb/v7-m\libc_nano.a(lib_a-impure.o)
 .data          0x0000000000000000        0x0 c:/st/stm32cubeide_1.4.0/stm32cubeide/plugins/com.st.stm32cube.ide.mcu.externaltools.gnu-tools-for-stm32.7-2018-q2-update.win32_1.4.0.202007081208/tools/bin/../lib/gcc/arm-none-eabi/7.3.1/../../../../arm-none-eabi/lib/thumb/v7-m\libc_nano.a(lib_a-impure.o)
 .bss           0x0000000000000000        0x0 c:/st/stm32cubeide_1.4.0/stm32cubeide/plugins/com.st.stm32cube.ide.mcu.externaltools.gnu-tools-for-stm32.7-2018-q2-update.win32_1.4.0.202007081208/tools/bin/../lib/gcc/arm-none-eabi/7.3.1/../../../../arm-none-eabi/lib/thumb/v7-m\libc_nano.a(lib_a-impure.o)
 .data._impure_ptr
                0x0000000000000000        0x4 c:/st/stm32cubeide_1.4.0/stm32cubeide/plugins/com.st.stm32cube.ide.mcu.externaltools.gnu-tools-for-stm32.7-2018-q2-update.win32_1.4.0.202007081208/tools/bin/../lib/gcc/arm-none-eabi/7.3.1/../../../../arm-none-eabi/lib/thumb/v7-m\libc_nano.a(lib_a-impure.o)
 .data.impure_data
                0x0000000000000000       0x60 c:/st/stm32cubeide_1.4.0/stm32cubeide/plugins/com.st.stm32cube.ide.mcu.externaltools.gnu-tools-for-stm32.7-2018-q2-update.win32_1.4.0.202007081208/tools/bin/../lib/gcc/arm-none-eabi/7.3.1/../../../../arm-none-eabi/lib/thumb/v7-m\libc_nano.a(lib_a-impure.o)
 .rodata._global_impure_ptr
                0x0000000000000000        0x4 c:/st/stm32cubeide_1.4.0/stm32cubeide/plugins/com.st.stm32cube.ide.mcu.externaltools.gnu-tools-for-stm32.7-2018-q2-update.win32_1.4.0.202007081208/tools/bin/../lib/gcc/arm-none-eabi/7.3.1/../../../../arm-none-eabi/lib/thumb/v7-m\libc_nano.a(lib_a-impure.o)
 .ARM.attributes
                0x0000000000000000       0x2d c:/st/stm32cubeide_1.4.0/stm32cubeide/plugins/com.st.stm32cube.ide.mcu.externaltools.gnu-tools-for-stm32.7-2018-q2-update.win32_1.4.0.202007081208/tools/bin/../lib/gcc/arm-none-eabi/7.3.1/../../../../arm-none-eabi/lib/thumb/v7-m\libc_nano.a(lib_a-impure.o)
 .text          0x0000000000000000        0x0 c:/st/stm32cubeide_1.4.0/stm32cubeide/plugins/com.st.stm32cube.ide.mcu.externaltools.gnu-tools-for-stm32.7-2018-q2-update.win32_1.4.0.202007081208/tools/bin/../lib/gcc/arm-none-eabi/7.3.1/../../../../arm-none-eabi/lib/thumb/v7-m\libc_nano.a(lib_a-init.o)
 .data          0x0000000000000000        0x0 c:/st/stm32cubeide_1.4.0/stm32cubeide/plugins/com.st.stm32cube.ide.mcu.externaltools.gnu-tools-for-stm32.7-2018-q2-update.win32_1.4.0.202007081208/tools/bin/../lib/gcc/arm-none-eabi/7.3.1/../../../../arm-none-eabi/lib/thumb/v7-m\libc_nano.a(lib_a-init.o)
 .bss           0x0000000000000000        0x0 c:/st/stm32cubeide_1.4.0/stm32cubeide/plugins/com.st.stm32cube.ide.mcu.externaltools.gnu-tools-for-stm32.7-2018-q2-update.win32_1.4.0.202007081208/tools/bin/../lib/gcc/arm-none-eabi/7.3.1/../../../../arm-none-eabi/lib/thumb/v7-m\libc_nano.a(lib_a-init.o)
 .text          0x0000000000000000        0x0 c:/st/stm32cubeide_1.4.0/stm32cubeide/plugins/com.st.stm32cube.ide.mcu.externaltools.gnu-tools-for-stm32.7-2018-q2-update.win32_1.4.0.202007081208/tools/bin/../lib/gcc/arm-none-eabi/7.3.1/../../../../arm-none-eabi/lib/thumb/v7-m\libc_nano.a(lib_a-memset.o)
 .data          0x0000000000000000        0x0 c:/st/stm32cubeide_1.4.0/stm32cubeide/plugins/com.st.stm32cube.ide.mcu.externaltools.gnu-tools-for-stm32.7-2018-q2-update.win32_1.4.0.202007081208/tools/bin/../lib/gcc/arm-none-eabi/7.3.1/../../../../arm-none-eabi/lib/thumb/v7-m\libc_nano.a(lib_a-memset.o)
 .bss           0x0000000000000000        0x0 c:/st/stm32cubeide_1.4.0/stm32cubeide/plugins/com.st.stm32cube.ide.mcu.externaltools.gnu-tools-for-stm32.7-2018-q2-update.win32_1.4.0.202007081208/tools/bin/../lib/gcc/arm-none-eabi/7.3.1/../../../../arm-none-eabi/lib/thumb/v7-m\libc_nano.a(lib_a-memset.o)
 .text.memset   0x0000000000000000       0x10 c:/st/stm32cubeide_1.4.0/stm32cubeide/plugins/com.st.stm32cube.ide.mcu.externaltools.gnu-tools-for-stm32.7-2018-q2-update.win32_1.4.0.202007081208/tools/bin/../lib/gcc/arm-none-eabi/7.3.1/../../../../arm-none-eabi/lib/thumb/v7-m\libc_nano.a(lib_a-memset.o)
 .debug_frame   0x0000000000000000       0x20 c:/st/stm32cubeide_1.4.0/stm32cubeide/plugins/com.st.stm32cube.ide.mcu.externaltools.gnu-tools-for-stm32.7-2018-q2-update.win32_1.4.0.202007081208/tools/bin/../lib/gcc/arm-none-eabi/7.3.1/../../../../arm-none-eabi/lib/thumb/v7-m\libc_nano.a(lib_a-memset.o)
 .ARM.attributes
                0x0000000000000000       0x2d c:/st/stm32cubeide_1.4.0/stm32cubeide/plugins/com.st.stm32cube.ide.mcu.externaltools.gnu-tools-for-stm32.7-2018-q2-update.win32_1.4.0.202007081208/tools/bin/../lib/gcc/arm-none-eabi/7.3.1/../../../../arm-none-eabi/lib/thumb/v7-m\libc_nano.a(lib_a-memset.o)
 .text          0x0000000000000000        0x0 c:/st/stm32cubeide_1.4.0/stm32cubeide/plugins/com.st.stm32cube.ide.mcu.externaltools.gnu-tools-for-stm32.7-2018-q2-update.win32_1.4.0.202007081208/tools/bin/../lib/gcc/arm-none-eabi/7.3.1/thumb/v7-m/crtend.o
 .data          0x0000000000000000        0x0 c:/st/stm32cubeide_1.4.0/stm32cubeide/plugins/com.st.stm32cube.ide.mcu.externaltools.gnu-tools-for-stm32.7-2018-q2-update.win32_1.4.0.202007081208/tools/bin/../lib/gcc/arm-none-eabi/7.3.1/thumb/v7-m/crtend.o
 .bss           0x0000000000000000        0x0 c:/st/stm32cubeide_1.4.0/stm32cubeide/plugins/com.st.stm32cube.ide.mcu.externaltools.gnu-tools-for-stm32.7-2018-q2-update.win32_1.4.0.202007081208/tools/bin/../lib/gcc/arm-none-eabi/7.3.1/thumb/v7-m/crtend.o
 .eh_frame      0x0000000000000000        0x4 c:/st/stm32cubeide_1.4.0/stm32cubeide/plugins/com.st.stm32cube.ide.mcu.externaltools.gnu-tools-for-stm32.7-2018-q2-update.win32_1.4.0.202007081208/tools/bin/../lib/gcc/arm-none-eabi/7.3.1/thumb/v7-m/crtend.o
 .ARM.attributes
                0x0000000000000000       0x2d c:/st/stm32cubeide_1.4.0/stm32cubeide/plugins/com.st.stm32cube.ide.mcu.externaltools.gnu-tools-for-stm32.7-2018-q2-update.win32_1.4.0.202007081208/tools/bin/../lib/gcc/arm-none-eabi/7.3.1/thumb/v7-m/crtend.o
 .text          0x0000000000000000        0x0 c:/st/stm32cubeide_1.4.0/stm32cubeide/plugins/com.st.stm32cube.ide.mcu.externaltools.gnu-tools-for-stm32.7-2018-q2-update.win32_1.4.0.202007081208/tools/bin/../lib/gcc/arm-none-eabi/7.3.1/thumb/v7-m/crtn.o
 .data          0x0000000000000000        0x0 c:/st/stm32cubeide_1.4.0/stm32cubeide/plugins/com.st.stm32cube.ide.mcu.externaltools.gnu-tools-for-stm32.7-2018-q2-update.win32_1.4.0.202007081208/tools/bin/../lib/gcc/arm-none-eabi/7.3.1/thumb/v7-m/crtn.o
 .bss           0x0000000000000000        0x0 c:/st/stm32cubeide_1.4.0/stm32cubeide/plugins/com.st.stm32cube.ide.mcu.externaltools.gnu-tools-for-stm32.7-2018-q2-update.win32_1.4.0.202007081208/tools/bin/../lib/gcc/arm-none-eabi/7.3.1/thumb/v7-m/crtn.o

Memory Configuration

Name             Origin             Length             Attributes
RAM              0x0000000020000000 0x0000000000002800 xrw
ROM              0x0000000008000000 0x0000000000008000 xr
*default*        0x0000000000000000 0xffffffffffffffff

Linker script and memory map

LOAD c:/st/stm32cubeide_1.4.0/stm32cubeide/plugins/com.st.stm32cube.ide.mcu.externaltools.gnu-tools-for-stm32.7-2018-q2-update.win32_1.4.0.202007081208/tools/bin/../lib/gcc/arm-none-eabi/7.3.1/thumb/v7-m/crti.o
LOAD c:/st/stm32cubeide_1.4.0/stm32cubeide/plugins/com.st.stm32cube.ide.mcu.externaltools.gnu-tools-for-stm32.7-2018-q2-update.win32_1.4.0.202007081208/tools/bin/../lib/gcc/arm-none-eabi/7.3.1/thumb/v7-m/crtbegin.o
LOAD c:/st/stm32cubeide_1.4.0/stm32cubeide/plugins/com.st.stm32cube.ide.mcu.externaltools.gnu-tools-for-stm32.7-2018-q2-update.win32_1.4.0.202007081208/tools/bin/../lib/gcc/arm-none-eabi/7.3.1/../../../../arm-none-eabi/lib/thumb/v7-m/crt0.o
LOAD HAL/LCD_Driver/lcd.o
LOAD Src/main.o
LOAD Src/syscalls.o
LOAD Src/sysmem.o
LOAD Startup/startup_stm32f103c6tx.o
LOAD stm32_f103c6_Drivers/EXTI/stm32_f103c6_EXTI_drivers.o
LOAD stm32_f103c6_Drivers/GPIO/stm32_f103c6_gpio_drivers.o
START GROUP
LOAD c:/st/stm32cubeide_1.4.0/stm32cubeide/plugins/com.st.stm32cube.ide.mcu.externaltools.gnu-tools-for-stm32.7-2018-q2-update.win32_1.4.0.202007081208/tools/bin/../lib/gcc/arm-none-eabi/7.3.1/../../../../arm-none-eabi/lib/thumb/v7-m\libc_nano.a
LOAD c:/st/stm32cubeide_1.4.0/stm32cubeide/plugins/com.st.stm32cube.ide.mcu.externaltools.gnu-tools-for-stm32.7-2018-q2-update.win32_1.4.0.202007081208/tools/bin/../lib/gcc/arm-none-eabi/7.3.1/../../../../arm-none-eabi/lib/thumb/v7-m\libm.a
END GROUP
START GROUP
LOAD c:/st/stm32cubeide_1.4.0/stm32cubeide/plugins/com.st.stm32cube.ide.mcu.externaltools.gnu-tools-for-stm32.7-2018-q2-update.win32_1.4.0.202007081208/tools/bin/../lib/gcc/arm-none-eabi/7.3.1/thumb/v7-m\libgcc.a
LOAD c:/st/stm32cubeide_1.4.0/stm32cubeide/plugins/com.st.stm32cube.ide.mcu.externaltools.gnu-tools-for-stm32.7-2018-q2-update.win32_1.4.0.202007081208/tools/bin/../lib/gcc/arm-none-eabi/7.3.1/../../../../arm-none-eabi/lib/thumb/v7-m\libg_nano.a
LOAD c:/st/stm32cubeide_1.4.0/stm32cubeide/plugins/com.st.stm32cube.ide.mcu.externaltools.gnu-tools-for-stm32.7-2018-q2-update.win32_1.4.0.202007081208/tools/bin/../lib/gcc/arm-none-eabi/7.3.1/../../../../arm-none-eabi/lib/thumb/v7-m\libc_nano.a
END GROUP
START GROUP
LOAD c:/st/stm32cubeide_1.4.0/stm32cubeide/plugins/com.st.stm32cube.ide.mcu.externaltools.gnu-tools-for-stm32.7-2018-q2-update.win32_1.4.0.202007081208/tools/bin/../lib/gcc/arm-none-eabi/7.3.1/thumb/v7-m\libgcc.a
LOAD c:/st/stm32cubeide_1.4.0/stm32cubeide/plugins/com.st.stm32cube.ide.mcu.externaltools.gnu-tools-for-stm32.7-2018-q2-update.win32_1.4.0.202007081208/tools/bin/../lib/gcc/arm-none-eabi/7.3.1/../../../../arm-none-eabi/lib/thumb/v7-m\libc_nano.a
LOAD c:/st/stm32cubeide_1.4.0/stm32cubeide/plugins/com.st.stm32cube.ide.mcu.externaltools.gnu-tools-for-stm32.7-2018-q2-update.win32_1.4.0.202007081208/tools/bin/../lib/gcc/arm-none-eabi/7.3.1/../../../../arm-none-eabi/lib/thumb/v7-m\libnosys.a
END GROUP
START GROUP
LOAD c:/st/stm32cubeide_1.4.0/stm32cubeide/plugins/com.st.stm32cube.ide.mcu.externaltools.gnu-tools-for-stm32.7-2018-q2-update.win32_1.4.0.202007081208/tools/bin/../lib/gcc/arm-none-eabi/7.3.1/thumb/v7-m\libgcc.a
LOAD c:/st/stm32cubeide_1.4.0/stm32cubeide/plugins/com.st.stm32cube.ide.mcu.externaltools.gnu-tools-for-stm32.7-2018-q2-update.win32_1.4.0.202007081208/tools/bin/../lib/gcc/arm-none-eabi/7.3.1/../../../../arm-none-eabi/lib/thumb/v7-m\libc_nano.a
LOAD c:/st/stm32cubeide_1.4.0/stm32cubeide/plugins/com.st.stm32cube.ide.mcu.externaltools.gnu-tools-for-stm32.7-2018-q2-update.win32_1.4.0.202007081208/tools/bin/../lib/gcc/arm-none-eabi/7.3.1/../../../../arm-none-eabi/lib/thumb/v7-m\libnosys.a
END GROUP
LOAD c:/st/stm32cubeide_1.4.0/stm32cubeide/plugins/com.st.stm32cube.ide.mcu.externaltools.gnu-tools-for-stm32.7-2018-q2-update.win32_1.4.0.202007081208/tools/bin/../lib/gcc/arm-none-eabi/7.3.1/thumb/v7-m/crtend.o
LOAD c:/st/stm32cubeide_1.4.0/stm32cubeide/plugins/com.st.stm32cube.ide.mcu.externaltools.gnu-tools-for-stm32.7-2018-q2-update.win32_1.4.0.202007081208/tools/bin/../lib/gcc/arm-none-eabi/7.3.1/thumb/v7-m/crtn.o
                0x0000000020002800                _estack = (ORIGIN (RAM) + LENGTH (RAM))
                0x0000000000000200                _Min_Heap_Size = 0x200
                0x0000000000000400                _Min_Stack_Size = 0x400

.isr_vector     0x0000000008000000      0x130
                0x0000000008000000                . = ALIGN (0x4)
 *(.isr_vector)
 .isr_vector    0x0000000008000000      0x130 Startup/startup_stm32f103c6tx.o
                0x0000000008000000                g_pfnVectors
                0x0000000008000130                . = ALIGN (0x4)

.text           0x0000000008000130      0xd04
                0x0000000008000130                . = ALIGN (0x4)
 *(.text)
 .text          0x0000000008000130       0x40 c:/st/stm32cubeide_1.4.0/stm32cubeide/plugins/com.st.stm32cube.ide.mcu.externaltools.gnu-tools-for-stm32.7-2018-q2-update.win32_1.4.0.202007081208/tools/bin/../lib/gcc/arm-none-eabi/7.3.1/thumb/v7-m/crtbegin.o
 *(.text*)
 .text.delay_ms
                0x0000000008000170       0x38 HAL/LCD_Driver/lcd.o
                0x0000000008000170                delay_ms
 .text.lcd_init
                0x00000000080001a8      0x108 HAL/LCD_Driver/lcd.o
                0x00000000080001a8                lcd_init
 .text.lcd_kick
                0x00000000080002b0       0x2c HAL/LCD_Driver/lcd.o
                0x00000000080002b0                lcd_kick
 .text.lcd_write_char
                0x00000000080002dc       0x48 HAL/LCD_Driver/lcd.o
                0x00000000080002dc                lcd_write_char
 .text.lcd_write_string
                0x0000000008000324       0x5c HAL/LCD_Driver/lcd.o
                0x0000000008000324                lcd_write_string
 .text.lcd_is_busy
                0x0000000008000380       0x98 HAL/LCD_Driver/lcd.o
                0x0000000008000380                lcd_is_busy
 .text.lcd_write_command
                0x0000000008000418       0x48 HAL/LCD_Driver/lcd.o
                0x0000000008000418                lcd_write_command
 .text.lcd_goto_xy
                0x0000000008000460       0x54 HAL/LCD_Driver/lcd.o
                0x0000000008000460                lcd_goto_xy
 .text.lcd_clear
                0x00000000080004b4        0xe HAL/LCD_Driver/lcd.o
                0x00000000080004b4                lcd_clear
 .text.delay    0x00000000080004c2       0x38 Src/main.o
                0x00000000080004c2                delay
 *fill*         0x00000000080004fa        0x2 
 .text.EXTI9_CALLBACK
                0x00000000080004fc       0x24 Src/main.o
                0x00000000080004fc                EXTI9_CALLBACK
 .text.clock_init
                0x0000000008000520       0x34 Src/main.o
                0x0000000008000520                clock_init
 .text.main     0x0000000008000554       0x58 Src/main.o
                0x0000000008000554                main
 .text.Reset_Handler
                0x00000000080005ac       0x50 Startup/startup_stm32f103c6tx.o
                0x00000000080005ac                Reset_Handler
 .text.Default_Handler
                0x00000000080005fc        0x2 Startup/startup_stm32f103c6tx.o
                0x00000000080005fc                TIM8_TRG_COM_IRQHandler
                0x00000000080005fc                TIM8_CC_IRQHandler
                0x00000000080005fc                DebugMon_Handler
                0x00000000080005fc                TIM1_CC_IRQHandler
                0x00000000080005fc                HardFault_Handler
                0x00000000080005fc                TIM6_IRQHandler
                0x00000000080005fc                SysTick_Handler
                0x00000000080005fc                PVD_IRQHandler
                0x00000000080005fc                SDIO_IRQHandler
                0x00000000080005fc                PendSV_Handler
                0x00000000080005fc                NMI_Handler
                0x00000000080005fc                USB_HP_CAN_TX_IRQHandler
                0x00000000080005fc                I2C2_EV_IRQHandler
                0x00000000080005fc                UsageFault_Handler
                0x00000000080005fc                ADC1_2_IRQHandler
                0x00000000080005fc                SPI1_IRQHandler
                0x00000000080005fc                CAN_SCE_IRQHandler
                0x00000000080005fc                TAMPER_IRQHandler
                0x00000000080005fc                TIM8_UP_IRQHandler
                0x00000000080005fc                DMA2_Channel2_IRQHandler
                0x00000000080005fc                DMA1_Channel4_IRQHandler
                0x00000000080005fc                USART3_IRQHandler
                0x00000000080005fc                RTC_IRQHandler
                0x00000000080005fc                DMA1_Channel7_IRQHandler
                0x00000000080005fc                UART5_IRQHandler
                0x00000000080005fc                ADC3_IRQHandler
                0x00000000080005fc                TIM4_IRQHandler
                0x00000000080005fc                CAN_RX1_IRQHandler
                0x00000000080005fc                DMA2_Channel1_IRQHandler
                0x00000000080005fc                I2C1_EV_IRQHandler
                0x00000000080005fc                DMA1_Channel6_IRQHandler
                0x00000000080005fc                UART4_IRQHandler
                0x00000000080005fc                TIM3_IRQHandler
                0x00000000080005fc                RCC_IRQHandler
                0x00000000080005fc                TIM1_TRG_COM_IRQHandler
                0x00000000080005fc                DMA1_Channel1_IRQHandler
                0x00000000080005fc                Default_Handler
                0x00000000080005fc                TIM7_IRQHandler
                0x00000000080005fc                TIM5_IRQHandler
                0x00000000080005fc                SPI2_IRQHandler
                0x00000000080005fc                USB_LP_CAN_RX0_IRQHandler
                0x00000000080005fc                MemManage_Handler
                0x00000000080005fc                SVC_Handler
                0x00000000080005fc                DMA1_Channel5_IRQHandler
                0x00000000080005fc                DMA1_Channel3_IRQHandler
                0x00000000080005fc                FSMC_IRQHandler
                0x00000000080005fc                TIM1_UP_IRQHandler
                0x00000000080005fc                WWDG_IRQHandler
                0x00000000080005fc                TIM2_IRQHandler
                0x00000000080005fc                TIM1_BRK_IRQHandler
                0x00000000080005fc                RTCAlarm_IRQHandler
                0x00000000080005fc                DMA2_Channel4_5_IRQHandler
                0x00000000080005fc                USART2_IRQHandler
                0x00000000080005fc                I2C2_ER_IRQHandler
                0x00000000080005fc                DMA1_Channel2_IRQHandler
                0x00000000080005fc                TIM8_BRK_IRQHandler
                0x00000000080005fc                FLASH_IRQHandler
                0x00000000080005fc                BusFault_Handler
                0x00000000080005fc                USART1_IRQHandler
                0x00000000080005fc                SPI3_IRQHandler
                0x00000000080005fc                I2C1_ER_IRQHandler
                0x00000000080005fc                DMA2_Channel3_IRQHandler
 *fill*         0x00000000080005fe        0x2 
 .text.Enable_NVIC
                0x0000000008000600       0xcc stm32_f103c6_Drivers/EXTI/stm32_f103c6_EXTI_drivers.o
                0x0000000008000600                Enable_NVIC
 .text.Disable_NVIC
                0x00000000080006cc       0xcc stm32_f103c6_Drivers/EXTI/stm32_f103c6_EXTI_drivers.o
                0x00000000080006cc                Disable_NVIC
 .text.EXTI_Update
                0x0000000008000798      0x1dc stm32_f103c6_Drivers/EXTI/stm32_f103c6_EXTI_drivers.o
                0x0000000008000798                EXTI_Update
 .text.MCAL_EXTI_GPIO_Init
                0x0000000008000974       0x16 stm32_f103c6_Drivers/EXTI/stm32_f103c6_EXTI_drivers.o
                0x0000000008000974                MCAL_EXTI_GPIO_Init
 *fill*         0x000000000800098a        0x2 
 .text.EXTI0_IRQHandler
                0x000000000800098c       0x24 stm32_f103c6_Drivers/EXTI/stm32_f103c6_EXTI_drivers.o
                0x000000000800098c                EXTI0_IRQHandler
 .text.EXTI1_IRQHandler
                0x00000000080009b0       0x24 stm32_f103c6_Drivers/EXTI/stm32_f103c6_EXTI_drivers.o
                0x00000000080009b0                EXTI1_IRQHandler
 .text.EXTI2_IRQHandler
                0x00000000080009d4       0x24 stm32_f103c6_Drivers/EXTI/stm32_f103c6_EXTI_drivers.o
                0x00000000080009d4                EXTI2_IRQHandler
 .text.EXTI3_IRQHandler
                0x00000000080009f8       0x24 stm32_f103c6_Drivers/EXTI/stm32_f103c6_EXTI_drivers.o
                0x00000000080009f8                EXTI3_IRQHandler
 .text.EXTI4_IRQHandler
                0x0000000008000a1c       0x24 stm32_f103c6_Drivers/EXTI/stm32_f103c6_EXTI_drivers.o
                0x0000000008000a1c                EXTI4_IRQHandler
 .text.EXTI9_5_IRQHandler
                0x0000000008000a40       0xa8 stm32_f103c6_Drivers/EXTI/stm32_f103c6_EXTI_drivers.o
                0x0000000008000a40                EXTI9_5_IRQHandler
 .text.EXTI15_10_IRQHandler
                0x0000000008000ae8       0xc4 stm32_f103c6_Drivers/EXTI/stm32_f103c6_EXTI_drivers.o
                0x0000000008000ae8                EXTI15_10_IRQHandler
 .text.get_position
                0x0000000008000bac       0xc6 stm32_f103c6_Drivers/GPIO/stm32_f103c6_gpio_drivers.o
                0x0000000008000bac                get_position
 .text.MCAL_GPIO_Init
                0x0000000008000c72      0x10a stm32_f103c6_Drivers/GPIO/stm32_f103c6_gpio_drivers.o
                0x0000000008000c72                MCAL_GPIO_Init
 .text.MCAL_GPIO_WritePin
                0x0000000008000d7c       0x3c stm32_f103c6_Drivers/GPIO/stm32_f103c6_gpio_drivers.o
                0x0000000008000d7c                MCAL_GPIO_WritePin
 .text.MCAL_GPIO_WritePort
                0x0000000008000db8       0x1c stm32_f103c6_Drivers/GPIO/stm32_f103c6_gpio_drivers.o
                0x0000000008000db8                MCAL_GPIO_WritePort
 .text.__libc_init_array
                0x0000000008000dd4       0x48 c:/st/stm32cubeide_1.4.0/stm32cubeide/plugins/com.st.stm32cube.ide.mcu.externaltools.gnu-tools-for-stm32.7-2018-q2-update.win32_1.4.0.202007081208/tools/bin/../lib/gcc/arm-none-eabi/7.3.1/../../../../arm-none-eabi/lib/thumb/v7-m\libc_nano.a(lib_a-init.o)
                0x0000000008000dd4                __libc_init_array
 *(.glue_7)
 .glue_7        0x0000000008000e1c        0x0 linker stubs
 *(.glue_7t)
 .glue_7t       0x0000000008000e1c        0x0 linker stubs
 *(.eh_frame)
 .eh_frame      0x0000000008000e1c        0x0 c:/st/stm32cubeide_1.4.0/stm32cubeide/plugins/com.st.stm32cube.ide.mcu.externaltools.gnu-tools-for-stm32.7-2018-q2-update.win32_1.4.0.202007081208/tools/bin/../lib/gcc/arm-none-eabi/7.3.1/thumb/v7-m/crtbegin.o
 *(.init)
 .init          0x0000000008000e1c        0x4 c:/st/stm32cubeide_1.4.0/stm32cubeide/plugins/com.st.stm32cube.ide.mcu.externaltools.gnu-tools-for-stm32.7-2018-q2-update.win32_1.4.0.202007081208/tools/bin/../lib/gcc/arm-none-eabi/7.3.1/thumb/v7-m/crti.o
                0x0000000008000e1c                _init
 .init          0x0000000008000e20        0x8 c:/st/stm32cubeide_1.4.0/stm32cubeide/plugins/com.st.stm32cube.ide.mcu.externaltools.gnu-tools-for-stm32.7-2018-q2-update.win32_1.4.0.202007081208/tools/bin/../lib/gcc/arm-none-eabi/7.3.1/thumb/v7-m/crtn.o
 *(.fini)
 .fini          0x0000000008000e28        0x4 c:/st/stm32cubeide_1.4.0/stm32cubeide/plugins/com.st.stm32cube.ide.mcu.externaltools.gnu-tools-for-stm32.7-2018-q2-update.win32_1.4.0.202007081208/tools/bin/../lib/gcc/arm-none-eabi/7.3.1/thumb/v7-m/crti.o
                0x0000000008000e28                _fini
 .fini          0x0000000008000e2c        0x8 c:/st/stm32cubeide_1.4.0/stm32cubeide/plugins/com.st.stm32cube.ide.mcu.externaltools.gnu-tools-for-stm32.7-2018-q2-update.win32_1.4.0.202007081208/tools/bin/../lib/gcc/arm-none-eabi/7.3.1/thumb/v7-m/crtn.o
                0x0000000008000e34                . = ALIGN (0x4)
                0x0000000008000e34                _etext = .

.vfp11_veneer   0x0000000008000e34        0x0
 .vfp11_veneer  0x0000000008000e34        0x0 linker stubs

.v4_bx          0x0000000008000e34        0x0
 .v4_bx         0x0000000008000e34        0x0 linker stubs

.iplt           0x0000000008000e34        0x0
 .iplt          0x0000000008000e34        0x0 c:/st/stm32cubeide_1.4.0/stm32cubeide/plugins/com.st.stm32cube.ide.mcu.externaltools.gnu-tools-for-stm32.7-2018-q2-update.win32_1.4.0.202007081208/tools/bin/../lib/gcc/arm-none-eabi/7.3.1/thumb/v7-m/crtbegin.o

.rodata         0x0000000008000e34       0x28
                0x0000000008000e34                . = ALIGN (0x4)
 *(.rodata)
 .rodata        0x0000000008000e34       0x28 Src/main.o
 *(.rodata*)
                0x0000000008000e5c                . = ALIGN (0x4)

.rel.dyn        0x0000000008000e5c        0x0
 .rel.iplt      0x0000000008000e5c        0x0 c:/st/stm32cubeide_1.4.0/stm32cubeide/plugins/com.st.stm32cube.ide.mcu.externaltools.gnu-tools-for-stm32.7-2018-q2-update.win32_1.4.0.202007081208/tools/bin/../lib/gcc/arm-none-eabi/7.3.1/thumb/v7-m/crtbegin.o

.ARM.extab      0x0000000008000e5c        0x0
                0x0000000008000e5c                . = ALIGN (0x4)
 *(.ARM.extab* .gnu.linkonce.armextab.*)
                0x0000000008000e5c                . = ALIGN (0x4)

.ARM            0x0000000008000e5c        0x0
                0x0000000008000e5c                . = ALIGN (0x4)
                0x0000000008000e5c                __exidx_start = .
 *(.ARM.exidx*)
                0x0000000008000e5c                __exidx_end = .
                0x0000000008000e5c                . = ALIGN (0x4)

.preinit_array  0x0000000008000e5c        0x0
                0x0000000008000e5c                . = ALIGN (0x4)
                0x0000000008000e5c                PROVIDE (__preinit_array_start = .)
 *(.preinit_array*)
                0x0000000008000e5c                PROVIDE (__preinit_array_end = .)
                0x0000000008000e5c                . = ALIGN (0x4)

.init_array     0x0000000008000e5c        0x4
                0x0000000008000e5c                . = ALIGN (0x4)
                0x0000000008000e5c                PROVIDE (__init_array_start = .)
 *(SORT_BY_NAME(.init_array.*))
 *(.init_array*)
 .init_array    0x0000000008000e5c        0x4 c:/st/stm32cubeide_1.4.0/stm32cubeide/plugins/com.st.stm32cube.ide.mcu.externaltools.gnu-tools-for-stm32.7-2018-q2-update.win32_1.4.0.202007081208/tools/bin/../lib/gcc/arm-none-eabi/7.3.1/thumb/v7-m/crtbegin.o
                0x0000000008000e60                PROVIDE (__init_array_end = .)
                0x0000000008000e60                . = ALIGN (0x4)

.fini_array     0x0000000008000e60        0x4
                0x0000000008000e60                . = ALIGN (0x4)
                [!provide]                        PROVIDE (__fini_array_start = .)
 *(SORT_BY_NAME(.fini_array.*))
 *(.fini_array*)
 .fini_array    0x0000000008000e60        0x4 c:/st/stm32cubeide_1.4.0/stm32cubeide/plugins/com.st.stm32cube.ide.mcu.externaltools.gnu-tools-for-stm32.7-2018-q2-update.win32_1.4.0.202007081208/tools/bin/../lib/gcc/arm-none-eabi/7.3.1/thumb/v7-m/crtbegin.o
                [!provide]                        PROVIDE (__fini_array_end = .)
                0x0000000008000e64                . = ALIGN (0x4)
                0x0000000008000e64                _sidata = LOADADDR (.data)

.data           0x0000000020000000       0x10 load address 0x0000000008000e64
                0x0000000020000000                . = ALIGN (0x4)
                0x0000000020000000                _sdata = .
 *(.data)
 *(.data*)
 .data.LCD_data_pins
                0x0000000020000000       0x10 HAL/LCD_Driver/lcd.o
                0x0000000020000000                LCD_data_pins
                0x0000000020000010                . = ALIGN (0x4)
                0x0000000020000010                _edata = .

.igot.plt       0x0000000020000010        0x0 load address 0x0000000008000e74
 .igot.plt      0x0000000020000010        0x0 c:/st/stm32cubeide_1.4.0/stm32cubeide/plugins/com.st.stm32cube.ide.mcu.externaltools.gnu-tools-for-stm32.7-2018-q2-update.win32_1.4.0.202007081208/tools/bin/../lib/gcc/arm-none-eabi/7.3.1/thumb/v7-m/crtbegin.o
                0x0000000020000010                . = ALIGN (0x4)

.bss            0x0000000020000010       0x64 load address 0x0000000008000e74
                0x0000000020000010                _sbss = .
                0x0000000020000010                __bss_start__ = _sbss
 *(.bss)
 .bss           0x0000000020000010       0x1c c:/st/stm32cubeide_1.4.0/stm32cubeide/plugins/com.st.stm32cube.ide.mcu.externaltools.gnu-tools-for-stm32.7-2018-q2-update.win32_1.4.0.202007081208/tools/bin/../lib/gcc/arm-none-eabi/7.3.1/thumb/v7-m/crtbegin.o
 *(.bss*)
 .bss.IRQ_Flag  0x000000002000002c        0x4 Src/main.o
                0x000000002000002c                IRQ_Flag
 *(COMMON)
 COMMON         0x0000000020000030        0x4 HAL/LCD_Driver/lcd.o
                0x0000000020000030                pin_cfg
 COMMON         0x0000000020000034       0x40 stm32_f103c6_Drivers/EXTI/stm32_f103c6_EXTI_drivers.o
                0x0000000020000034                GP_IRQ_callback
                0x0000000020000074                . = ALIGN (0x4)
                0x0000000020000074                _ebss = .
                0x0000000020000074                __bss_end__ = _ebss

._user_heap_stack
                0x0000000020000074      0x604 load address 0x0000000008000e74
                0x0000000020000078                . = ALIGN (0x8)
 *fill*         0x0000000020000074        0x4 
                [!provide]                        PROVIDE (end = .)
                0x0000000020000078                PROVIDE (_end = .)
                0x0000000020000278                . = (. + _Min_Heap_Size)
 *fill*         0x0000000020000078      0x200 
                0x0000000020000678                . = (. + _Min_Stack_Size)
 *fill*         0x0000000020000278      0x400 
                0x0000000020000678                . = ALIGN (0x8)

/DISCARD/
 libc.a(*)
 libm.a(*)
 libgcc.a(*)

.ARM.attributes
                0x0000000000000000       0x29
 *(.ARM.attributes)
 .ARM.attributes
                0x0000000000000000       0x1d c:/st/stm32cubeide_1.4.0/stm32cubeide/plugins/com.st.stm32cube.ide.mcu.externaltools.gnu-tools-for-stm32.7-2018-q2-update.win32_1.4.0.202007081208/tools/bin/../lib/gcc/arm-none-eabi/7.3.1/thumb/v7-m/crti.o
 .ARM.attributes
                0x000000000000001d       0x2d c:/st/stm32cubeide_1.4.0/stm32cubeide/plugins/com.st.stm32cube.ide.mcu.externaltools.gnu-tools-for-stm32.7-2018-q2-update.win32_1.4.0.202007081208/tools/bin/../lib/gcc/arm-none-eabi/7.3.1/thumb/v7-m/crtbegin.o
 .ARM.attributes
                0x000000000000004a       0x33 HAL/LCD_Driver/lcd.o
 .ARM.attributes
                0x000000000000007d       0x33 Src/main.o
 .ARM.attributes
                0x00000000000000b0       0x21 Startup/startup_stm32f103c6tx.o
 .ARM.attributes
                0x00000000000000d1       0x33 stm32_f103c6_Drivers/EXTI/stm32_f103c6_EXTI_drivers.o
 .ARM.attributes
                0x0000000000000104       0x33 stm32_f103c6_Drivers/GPIO/stm32_f103c6_gpio_drivers.o
 .ARM.attributes
                0x0000000000000137       0x2d c:/st/stm32cubeide_1.4.0/stm32cubeide/plugins/com.st.stm32cube.ide.mcu.externaltools.gnu-tools-for-stm32.7-2018-q2-update.win32_1.4.0.202007081208/tools/bin/../lib/gcc/arm-none-eabi/7.3.1/../../../../arm-none-eabi/lib/thumb/v7-m\libc_nano.a(lib_a-init.o)
 .ARM.attributes
                0x0000000000000164       0x1d c:/st/stm32cubeide_1.4.0/stm32cubeide/plugins/com.st.stm32cube.ide.mcu.externaltools.gnu-tools-for-stm32.7-2018-q2-update.win32_1.4.0.202007081208/tools/bin/../lib/gcc/arm-none-eabi/7.3.1/thumb/v7-m/crtn.o
OUTPUT(Drivers.elf elf32-littlearm)

.debug_info     0x0000000000000000     0x33bc
 .debug_info    0x0000000000000000      0xc3a HAL/LCD_Driver/lcd.o
 .debug_info    0x0000000000000c3a      0xc3c Src/main.o
 .debug_info    0x0000000000001876       0x22 Startup/startup_stm32f103c6tx.o
 .debug_info    0x0000000000001898      0xdc3 stm32_f103c6_Drivers/EXTI/stm32_f103c6_EXTI_drivers.o
 .debug_info    0x000000000000265b      0xd61 stm32_f103c6_Drivers/GPIO/stm32_f103c6_gpio_drivers.o

.debug_abbrev   0x0000000000000000      0x839
 .debug_abbrev  0x0000000000000000      0x1ed HAL/LCD_Driver/lcd.o
 .debug_abbrev  0x00000000000001ed      0x1f8 Src/main.o
 .debug_abbrev  0x00000000000003e5       0x12 Startup/startup_stm32f103c6tx.o
 .debug_abbrev  0x00000000000003f7      0x22a stm32_f103c6_Drivers/EXTI/stm32_f103c6_EXTI_drivers.o
 .debug_abbrev  0x0000000000000621      0x218 stm32_f103c6_Drivers/GPIO/stm32_f103c6_gpio_drivers.o

.debug_loc      0x0000000000000000      0xa14
 .debug_loc     0x0000000000000000      0x2c0 HAL/LCD_Driver/lcd.o
 .debug_loc     0x00000000000002c0      0x104 Src/main.o
 .debug_loc     0x00000000000003c4      0x320 stm32_f103c6_Drivers/EXTI/stm32_f103c6_EXTI_drivers.o
 .debug_loc     0x00000000000006e4      0x330 stm32_f103c6_Drivers/GPIO/stm32_f103c6_gpio_drivers.o

.debug_aranges  0x0000000000000000      0x1a8
 .debug_aranges
                0x0000000000000000       0x68 HAL/LCD_Driver/lcd.o
 .debug_aranges
                0x0000000000000068       0x38 Src/main.o
 .debug_aranges
                0x00000000000000a0       0x28 Startup/startup_stm32f103c6tx.o
 .debug_aranges
                0x00000000000000c8       0x80 stm32_f103c6_Drivers/EXTI/stm32_f103c6_EXTI_drivers.o
 .debug_aranges
                0x0000000000000148       0x60 stm32_f103c6_Drivers/GPIO/stm32_f103c6_gpio_drivers.o

.debug_ranges   0x0000000000000000      0x160
 .debug_ranges  0x0000000000000000       0x58 HAL/LCD_Driver/lcd.o
 .debug_ranges  0x0000000000000058       0x28 Src/main.o
 .debug_ranges  0x0000000000000080       0x20 Startup/startup_stm32f103c6tx.o
 .debug_ranges  0x00000000000000a0       0x70 stm32_f103c6_Drivers/EXTI/stm32_f103c6_EXTI_drivers.o
 .debug_ranges  0x0000000000000110       0x50 stm32_f103c6_Drivers/GPIO/stm32_f103c6_gpio_drivers.o

.debug_macro    0x0000000000000000     0x230f
 .debug_macro   0x0000000000000000      0x158 HAL/LCD_Driver/lcd.o
 .debug_macro   0x0000000000000158      0xa60 HAL/LCD_Driver/lcd.o
 .debug_macro   0x0000000000000bb8       0x22 HAL/LCD_Driver/lcd.o
 .debug_macro   0x0000000000000bda       0x8e HAL/LCD_Driver/lcd.o
 .debug_macro   0x0000000000000c68       0x51 HAL/LCD_Driver/lcd.o
 .debug_macro   0x0000000000000cb9       0xef HAL/LCD_Driver/lcd.o
 .debug_macro   0x0000000000000da8       0x6a HAL/LCD_Driver/lcd.o
 .debug_macro   0x0000000000000e12      0x1df HAL/LCD_Driver/lcd.o
 .debug_macro   0x0000000000000ff1       0x18 HAL/LCD_Driver/lcd.o
 .debug_macro   0x0000000000001009       0x46 HAL/LCD_Driver/lcd.o
 .debug_macro   0x000000000000104f       0x3c HAL/LCD_Driver/lcd.o
 .debug_macro   0x000000000000108b       0x34 HAL/LCD_Driver/lcd.o
 .debug_macro   0x00000000000010bf       0x16 HAL/LCD_Driver/lcd.o
 .debug_macro   0x00000000000010d5      0x10e HAL/LCD_Driver/lcd.o
 .debug_macro   0x00000000000011e3       0x8d HAL/LCD_Driver/lcd.o
 .debug_macro   0x0000000000001270       0x52 HAL/LCD_Driver/lcd.o
 .debug_macro   0x00000000000012c2       0x1f HAL/LCD_Driver/lcd.o
 .debug_macro   0x00000000000012e1       0x43 HAL/LCD_Driver/lcd.o
 .debug_macro   0x0000000000001324       0x20 HAL/LCD_Driver/lcd.o
 .debug_macro   0x0000000000001344      0x1a3 HAL/LCD_Driver/lcd.o
 .debug_macro   0x00000000000014e7      0x330 HAL/LCD_Driver/lcd.o
 .debug_macro   0x0000000000001817       0x16 HAL/LCD_Driver/lcd.o
 .debug_macro   0x000000000000182d       0x29 HAL/LCD_Driver/lcd.o
 .debug_macro   0x0000000000001856      0x1b0 HAL/LCD_Driver/lcd.o
 .debug_macro   0x0000000000001a06       0xd6 HAL/LCD_Driver/lcd.o
 .debug_macro   0x0000000000001adc       0x9a HAL/LCD_Driver/lcd.o
 .debug_macro   0x0000000000001b76      0x15f Src/main.o
 .debug_macro   0x0000000000001cd5       0xdc Src/main.o
 .debug_macro   0x0000000000001db1      0x225 Src/main.o
 .debug_macro   0x0000000000001fd6       0xa0 Src/main.o
 .debug_macro   0x0000000000002076      0x154 stm32_f103c6_Drivers/EXTI/stm32_f103c6_EXTI_drivers.o
 .debug_macro   0x00000000000021ca      0x145 stm32_f103c6_Drivers/GPIO/stm32_f103c6_gpio_drivers.o

.debug_line     0x0000000000000000     0x1bf9
 .debug_line    0x0000000000000000      0x6ee HAL/LCD_Driver/lcd.o
 .debug_line    0x00000000000006ee      0x657 Src/main.o
 .debug_line    0x0000000000000d45       0x84 Startup/startup_stm32f103c6tx.o
 .debug_line    0x0000000000000dc9      0x773 stm32_f103c6_Drivers/EXTI/stm32_f103c6_EXTI_drivers.o
 .debug_line    0x000000000000153c      0x6bd stm32_f103c6_Drivers/GPIO/stm32_f103c6_gpio_drivers.o

.debug_str      0x0000000000000000     0x9345
 .debug_str     0x0000000000000000     0x7c7b HAL/LCD_Driver/lcd.o
                                       0x7ef2 (size before relaxing)
 .debug_str     0x0000000000007c7b     0x1396 Src/main.o
                                       0x9190 (size before relaxing)
 .debug_str     0x0000000000009011       0x31 Startup/startup_stm32f103c6tx.o
                                         0x8d (size before relaxing)
 .debug_str     0x0000000000009042      0x1f1 stm32_f103c6_Drivers/EXTI/stm32_f103c6_EXTI_drivers.o
                                       0x90e4 (size before relaxing)
 .debug_str     0x0000000000009233      0x112 stm32_f103c6_Drivers/GPIO/stm32_f103c6_gpio_drivers.o
                                       0x7d36 (size before relaxing)

.comment        0x0000000000000000       0x7b
 .comment       0x0000000000000000       0x7b HAL/LCD_Driver/lcd.o
                                         0x7c (size before relaxing)
 .comment       0x000000000000007b       0x7c Src/main.o
 .comment       0x000000000000007b       0x7c stm32_f103c6_Drivers/EXTI/stm32_f103c6_EXTI_drivers.o
 .comment       0x000000000000007b       0x7c stm32_f103c6_Drivers/GPIO/stm32_f103c6_gpio_drivers.o

.debug_frame    0x0000000000000000      0x54c
 .debug_frame   0x0000000000000000      0x164 HAL/LCD_Driver/lcd.o
 .debug_frame   0x0000000000000164       0x94 Src/main.o
 .debug_frame   0x00000000000001f8      0x1b0 stm32_f103c6_Drivers/EXTI/stm32_f103c6_EXTI_drivers.o
 .debug_frame   0x00000000000003a8      0x178 stm32_f103c6_Drivers/GPIO/stm32_f103c6_gpio_drivers.o
 .debug_frame   0x0000000000000520       0x2c c:/st/stm32cubeide_1.4.0/stm32cubeide/plugins/com.st.stm32cube.ide.mcu.externaltools.gnu-tools-for-stm32.7-2018-q2-update.win32_1.4.0.202007081208/tools/bin/../lib/gcc/arm-none-eabi/7.3.1/../../../../arm-none-eabi/lib/thumb/v7-m\libc_nano.a(lib_a-init.o)
