stm32_f103c6_EXTI_drivers.c:42:6:Enable_NVIC	16	static
stm32_f103c6_EXTI_drivers.c:96:6:Disable_NVIC	16	static
stm32_f103c6_EXTI_drivers.c:149:6:EXTI_Update	24	static
stm32_f103c6_EXTI_drivers.c:220:6:MCAL_EXTI_GPIO_DeInit	4	static
stm32_f103c6_EXTI_drivers.c:256:6:MCAL_EXTI_GPIO_Init	16	static
stm32_f103c6_EXTI_drivers.c:270:6:MCAL_EXTI_GPIO_Update	16	static
stm32_f103c6_EXTI_drivers.c:286:6:EXTI0_IRQHandler	8	static
stm32_f103c6_EXTI_drivers.c:294:6:EXTI1_IRQHandler	8	static
stm32_f103c6_EXTI_drivers.c:302:6:EXTI2_IRQHandler	8	static
stm32_f103c6_EXTI_drivers.c:310:6:EXTI3_IRQHandler	8	static
stm32_f103c6_EXTI_drivers.c:318:6:EXTI4_IRQHandler	8	static
stm32_f103c6_EXTI_drivers.c:326:6:EXTI9_5_IRQHandler	8	static
stm32_f103c6_EXTI_drivers.c:335:6:EXTI15_10_IRQHandler	8	static
