Archive member included to satisfy reference by file (symbol)

c:/st/stm32cubeide_1.4.0/stm32cubeide/plugins/com.st.stm32cube.ide.mcu.externaltools.gnu-tools-for-stm32.7-2018-q2-update.win32_1.4.0.202007081208/tools/bin/../lib/gcc/arm-none-eabi/7.3.1/../../../../arm-none-eabi/lib/thumb/v7-m\libc_nano.a(lib_a-errno.o)
                              Src/syscalls.o (__errno)
c:/st/stm32cubeide_1.4.0/stm32cubeide/plugins/com.st.stm32cube.ide.mcu.externaltools.gnu-tools-for-stm32.7-2018-q2-update.win32_1.4.0.202007081208/tools/bin/../lib/gcc/arm-none-eabi/7.3.1/../../../../arm-none-eabi/lib/thumb/v7-m\libc_nano.a(lib_a-exit.o)
                              c:/st/stm32cubeide_1.4.0/stm32cubeide/plugins/com.st.stm32cube.ide.mcu.externaltools.gnu-tools-for-stm32.7-2018-q2-update.win32_1.4.0.202007081208/tools/bin/../lib/gcc/arm-none-eabi/7.3.1/../../../../arm-none-eabi/lib/thumb/v7-m/crt0.o (exit)
c:/st/stm32cubeide_1.4.0/stm32cubeide/plugins/com.st.stm32cube.ide.mcu.externaltools.gnu-tools-for-stm32.7-2018-q2-update.win32_1.4.0.202007081208/tools/bin/../lib/gcc/arm-none-eabi/7.3.1/../../../../arm-none-eabi/lib/thumb/v7-m\libc_nano.a(lib_a-impure.o)
                              c:/st/stm32cubeide_1.4.0/stm32cubeide/plugins/com.st.stm32cube.ide.mcu.externaltools.gnu-tools-for-stm32.7-2018-q2-update.win32_1.4.0.202007081208/tools/bin/../lib/gcc/arm-none-eabi/7.3.1/../../../../arm-none-eabi/lib/thumb/v7-m\libc_nano.a(lib_a-exit.o) (_global_impure_ptr)
c:/st/stm32cubeide_1.4.0/stm32cubeide/plugins/com.st.stm32cube.ide.mcu.externaltools.gnu-tools-for-stm32.7-2018-q2-update.win32_1.4.0.202007081208/tools/bin/../lib/gcc/arm-none-eabi/7.3.1/../../../../arm-none-eabi/lib/thumb/v7-m\libc_nano.a(lib_a-init.o)
                              c:/st/stm32cubeide_1.4.0/stm32cubeide/plugins/com.st.stm32cube.ide.mcu.externaltools.gnu-tools-for-stm32.7-2018-q2-update.win32_1.4.0.202007081208/tools/bin/../lib/gcc/arm-none-eabi/7.3.1/../../../../arm-none-eabi/lib/thumb/v7-m/crt0.o (__libc_init_array)
c:/st/stm32cubeide_1.4.0/stm32cubeide/plugins/com.st.stm32cube.ide.mcu.externaltools.gnu-tools-for-stm32.7-2018-q2-update.win32_1.4.0.202007081208/tools/bin/../lib/gcc/arm-none-eabi/7.3.1/../../../../arm-none-eabi/lib/thumb/v7-m\libc_nano.a(lib_a-memset.o)
                              c:/st/stm32cubeide_1.4.0/stm32cubeide/plugins/com.st.stm32cube.ide.mcu.externaltools.gnu-tools-for-stm32.7-2018-q2-update.win32_1.4.0.202007081208/tools/bin/../lib/gcc/arm-none-eabi/7.3.1/../../../../arm-none-eabi/lib/thumb/v7-m/crt0.o (memset)

Allocating common symbols
Common symbol       size              file

Global_UART_config  0x48              MCAL/UART/stm32_f103c6_USART_drivers.o
Recieve_Buffer1     0x1               Src/main.o
pin_cfg             0x4               HAL/LCD_Driver/lcd.o
Recieve_Buffer2     0x1               Src/main.o
Allowed_ID          0x3               Src/main.o

Discarded input sections

 .text          0x0000000000000000        0x0 c:/st/stm32cubeide_1.4.0/stm32cubeide/plugins/com.st.stm32cube.ide.mcu.externaltools.gnu-tools-for-stm32.7-2018-q2-update.win32_1.4.0.202007081208/tools/bin/../lib/gcc/arm-none-eabi/7.3.1/thumb/v7-m/crti.o
 .data          0x0000000000000000        0x0 c:/st/stm32cubeide_1.4.0/stm32cubeide/plugins/com.st.stm32cube.ide.mcu.externaltools.gnu-tools-for-stm32.7-2018-q2-update.win32_1.4.0.202007081208/tools/bin/../lib/gcc/arm-none-eabi/7.3.1/thumb/v7-m/crti.o
 .bss           0x0000000000000000        0x0 c:/st/stm32cubeide_1.4.0/stm32cubeide/plugins/com.st.stm32cube.ide.mcu.externaltools.gnu-tools-for-stm32.7-2018-q2-update.win32_1.4.0.202007081208/tools/bin/../lib/gcc/arm-none-eabi/7.3.1/thumb/v7-m/crti.o
 .data          0x0000000000000000        0x4 c:/st/stm32cubeide_1.4.0/stm32cubeide/plugins/com.st.stm32cube.ide.mcu.externaltools.gnu-tools-for-stm32.7-2018-q2-update.win32_1.4.0.202007081208/tools/bin/../lib/gcc/arm-none-eabi/7.3.1/thumb/v7-m/crtbegin.o
 .text          0x0000000000000000       0x74 c:/st/stm32cubeide_1.4.0/stm32cubeide/plugins/com.st.stm32cube.ide.mcu.externaltools.gnu-tools-for-stm32.7-2018-q2-update.win32_1.4.0.202007081208/tools/bin/../lib/gcc/arm-none-eabi/7.3.1/../../../../arm-none-eabi/lib/thumb/v7-m/crt0.o
 .data          0x0000000000000000        0x0 c:/st/stm32cubeide_1.4.0/stm32cubeide/plugins/com.st.stm32cube.ide.mcu.externaltools.gnu-tools-for-stm32.7-2018-q2-update.win32_1.4.0.202007081208/tools/bin/../lib/gcc/arm-none-eabi/7.3.1/../../../../arm-none-eabi/lib/thumb/v7-m/crt0.o
 .bss           0x0000000000000000        0x0 c:/st/stm32cubeide_1.4.0/stm32cubeide/plugins/com.st.stm32cube.ide.mcu.externaltools.gnu-tools-for-stm32.7-2018-q2-update.win32_1.4.0.202007081208/tools/bin/../lib/gcc/arm-none-eabi/7.3.1/../../../../arm-none-eabi/lib/thumb/v7-m/crt0.o
 .ARM.extab     0x0000000000000000        0x0 c:/st/stm32cubeide_1.4.0/stm32cubeide/plugins/com.st.stm32cube.ide.mcu.externaltools.gnu-tools-for-stm32.7-2018-q2-update.win32_1.4.0.202007081208/tools/bin/../lib/gcc/arm-none-eabi/7.3.1/../../../../arm-none-eabi/lib/thumb/v7-m/crt0.o
 .ARM.exidx     0x0000000000000000        0x8 c:/st/stm32cubeide_1.4.0/stm32cubeide/plugins/com.st.stm32cube.ide.mcu.externaltools.gnu-tools-for-stm32.7-2018-q2-update.win32_1.4.0.202007081208/tools/bin/../lib/gcc/arm-none-eabi/7.3.1/../../../../arm-none-eabi/lib/thumb/v7-m/crt0.o
 .ARM.attributes
                0x0000000000000000       0x1b c:/st/stm32cubeide_1.4.0/stm32cubeide/plugins/com.st.stm32cube.ide.mcu.externaltools.gnu-tools-for-stm32.7-2018-q2-update.win32_1.4.0.202007081208/tools/bin/../lib/gcc/arm-none-eabi/7.3.1/../../../../arm-none-eabi/lib/thumb/v7-m/crt0.o
 .group         0x0000000000000000        0xc HAL/Kepad_Driver/keypad.o
 .group         0x0000000000000000        0xc HAL/Kepad_Driver/keypad.o
 .group         0x0000000000000000        0xc HAL/Kepad_Driver/keypad.o
 .group         0x0000000000000000        0xc HAL/Kepad_Driver/keypad.o
 .group         0x0000000000000000        0xc HAL/Kepad_Driver/keypad.o
 .group         0x0000000000000000        0xc HAL/Kepad_Driver/keypad.o
 .group         0x0000000000000000        0xc HAL/Kepad_Driver/keypad.o
 .group         0x0000000000000000        0xc HAL/Kepad_Driver/keypad.o
 .group         0x0000000000000000        0xc HAL/Kepad_Driver/keypad.o
 .group         0x0000000000000000        0xc HAL/Kepad_Driver/keypad.o
 .group         0x0000000000000000        0xc HAL/Kepad_Driver/keypad.o
 .group         0x0000000000000000        0xc HAL/Kepad_Driver/keypad.o
 .group         0x0000000000000000        0xc HAL/Kepad_Driver/keypad.o
 .group         0x0000000000000000        0xc HAL/Kepad_Driver/keypad.o
 .group         0x0000000000000000        0xc HAL/Kepad_Driver/keypad.o
 .group         0x0000000000000000        0xc HAL/Kepad_Driver/keypad.o
 .group         0x0000000000000000        0xc HAL/Kepad_Driver/keypad.o
 .group         0x0000000000000000        0xc HAL/Kepad_Driver/keypad.o
 .group         0x0000000000000000        0xc HAL/Kepad_Driver/keypad.o
 .group         0x0000000000000000        0xc HAL/Kepad_Driver/keypad.o
 .group         0x0000000000000000        0xc HAL/Kepad_Driver/keypad.o
 .group         0x0000000000000000        0xc HAL/Kepad_Driver/keypad.o
 .group         0x0000000000000000        0xc HAL/Kepad_Driver/keypad.o
 .group         0x0000000000000000        0xc HAL/Kepad_Driver/keypad.o
 .group         0x0000000000000000        0xc HAL/Kepad_Driver/keypad.o
 .text          0x0000000000000000        0x0 HAL/Kepad_Driver/keypad.o
 .data          0x0000000000000000        0x0 HAL/Kepad_Driver/keypad.o
 .bss           0x0000000000000000        0x0 HAL/Kepad_Driver/keypad.o
 .group         0x0000000000000000        0xc HAL/LCD_Driver/lcd.o
 .group         0x0000000000000000        0xc HAL/LCD_Driver/lcd.o
 .group         0x0000000000000000        0xc HAL/LCD_Driver/lcd.o
 .group         0x0000000000000000        0xc HAL/LCD_Driver/lcd.o
 .group         0x0000000000000000        0xc HAL/LCD_Driver/lcd.o
 .group         0x0000000000000000        0xc HAL/LCD_Driver/lcd.o
 .group         0x0000000000000000        0xc HAL/LCD_Driver/lcd.o
 .group         0x0000000000000000        0xc HAL/LCD_Driver/lcd.o
 .group         0x0000000000000000        0xc HAL/LCD_Driver/lcd.o
 .group         0x0000000000000000        0xc HAL/LCD_Driver/lcd.o
 .group         0x0000000000000000        0xc HAL/LCD_Driver/lcd.o
 .group         0x0000000000000000        0xc HAL/LCD_Driver/lcd.o
 .group         0x0000000000000000        0xc HAL/LCD_Driver/lcd.o
 .group         0x0000000000000000        0xc HAL/LCD_Driver/lcd.o
 .group         0x0000000000000000        0xc HAL/LCD_Driver/lcd.o
 .group         0x0000000000000000        0xc HAL/LCD_Driver/lcd.o
 .group         0x0000000000000000        0xc HAL/LCD_Driver/lcd.o
 .group         0x0000000000000000        0xc HAL/LCD_Driver/lcd.o
 .group         0x0000000000000000        0xc HAL/LCD_Driver/lcd.o
 .group         0x0000000000000000        0xc HAL/LCD_Driver/lcd.o
 .group         0x0000000000000000        0xc HAL/LCD_Driver/lcd.o
 .group         0x0000000000000000        0xc HAL/LCD_Driver/lcd.o
 .group         0x0000000000000000        0xc HAL/LCD_Driver/lcd.o
 .group         0x0000000000000000        0xc HAL/LCD_Driver/lcd.o
 .group         0x0000000000000000        0xc HAL/LCD_Driver/lcd.o
 .group         0x0000000000000000        0xc HAL/LCD_Driver/lcd.o
 .text          0x0000000000000000        0x0 HAL/LCD_Driver/lcd.o
 .data          0x0000000000000000        0x0 HAL/LCD_Driver/lcd.o
 .bss           0x0000000000000000        0x0 HAL/LCD_Driver/lcd.o
 .text.lcd_is_busy
                0x0000000000000000      0x12c HAL/LCD_Driver/lcd.o
 .text.lcd_shift_right
                0x0000000000000000       0x3c HAL/LCD_Driver/lcd.o
 .debug_macro   0x0000000000000000      0xa60 HAL/LCD_Driver/lcd.o
 .debug_macro   0x0000000000000000       0x22 HAL/LCD_Driver/lcd.o
 .debug_macro   0x0000000000000000       0x8e HAL/LCD_Driver/lcd.o
 .debug_macro   0x0000000000000000       0x51 HAL/LCD_Driver/lcd.o
 .debug_macro   0x0000000000000000       0xef HAL/LCD_Driver/lcd.o
 .debug_macro   0x0000000000000000       0x6a HAL/LCD_Driver/lcd.o
 .debug_macro   0x0000000000000000      0x1df HAL/LCD_Driver/lcd.o
 .debug_macro   0x0000000000000000       0x18 HAL/LCD_Driver/lcd.o
 .debug_macro   0x0000000000000000       0x46 HAL/LCD_Driver/lcd.o
 .debug_macro   0x0000000000000000       0x3c HAL/LCD_Driver/lcd.o
 .debug_macro   0x0000000000000000       0x34 HAL/LCD_Driver/lcd.o
 .debug_macro   0x0000000000000000       0x16 HAL/LCD_Driver/lcd.o
 .debug_macro   0x0000000000000000      0x10e HAL/LCD_Driver/lcd.o
 .debug_macro   0x0000000000000000       0x8d HAL/LCD_Driver/lcd.o
 .debug_macro   0x0000000000000000       0x52 HAL/LCD_Driver/lcd.o
 .debug_macro   0x0000000000000000       0x1f HAL/LCD_Driver/lcd.o
 .debug_macro   0x0000000000000000       0x43 HAL/LCD_Driver/lcd.o
 .debug_macro   0x0000000000000000       0x20 HAL/LCD_Driver/lcd.o
 .debug_macro   0x0000000000000000      0x1a3 HAL/LCD_Driver/lcd.o
 .debug_macro   0x0000000000000000      0x330 HAL/LCD_Driver/lcd.o
 .debug_macro   0x0000000000000000       0x16 HAL/LCD_Driver/lcd.o
 .debug_macro   0x0000000000000000       0x29 HAL/LCD_Driver/lcd.o
 .debug_macro   0x0000000000000000      0x32a HAL/LCD_Driver/lcd.o
 .debug_macro   0x0000000000000000       0xd6 HAL/LCD_Driver/lcd.o
 .group         0x0000000000000000        0xc HAL/Servo_Motor/Servo_Motor.o
 .group         0x0000000000000000        0xc HAL/Servo_Motor/Servo_Motor.o
 .group         0x0000000000000000        0xc HAL/Servo_Motor/Servo_Motor.o
 .group         0x0000000000000000        0xc HAL/Servo_Motor/Servo_Motor.o
 .group         0x0000000000000000        0xc HAL/Servo_Motor/Servo_Motor.o
 .group         0x0000000000000000        0xc HAL/Servo_Motor/Servo_Motor.o
 .group         0x0000000000000000        0xc HAL/Servo_Motor/Servo_Motor.o
 .group         0x0000000000000000        0xc HAL/Servo_Motor/Servo_Motor.o
 .group         0x0000000000000000        0xc HAL/Servo_Motor/Servo_Motor.o
 .group         0x0000000000000000        0xc HAL/Servo_Motor/Servo_Motor.o
 .group         0x0000000000000000        0xc HAL/Servo_Motor/Servo_Motor.o
 .group         0x0000000000000000        0xc HAL/Servo_Motor/Servo_Motor.o
 .group         0x0000000000000000        0xc HAL/Servo_Motor/Servo_Motor.o
 .group         0x0000000000000000        0xc HAL/Servo_Motor/Servo_Motor.o
 .group         0x0000000000000000        0xc HAL/Servo_Motor/Servo_Motor.o
 .group         0x0000000000000000        0xc HAL/Servo_Motor/Servo_Motor.o
 .group         0x0000000000000000        0xc HAL/Servo_Motor/Servo_Motor.o
 .group         0x0000000000000000        0xc HAL/Servo_Motor/Servo_Motor.o
 .group         0x0000000000000000        0xc HAL/Servo_Motor/Servo_Motor.o
 .group         0x0000000000000000        0xc HAL/Servo_Motor/Servo_Motor.o
 .group         0x0000000000000000        0xc HAL/Servo_Motor/Servo_Motor.o
 .group         0x0000000000000000        0xc HAL/Servo_Motor/Servo_Motor.o
 .group         0x0000000000000000        0xc HAL/Servo_Motor/Servo_Motor.o
 .group         0x0000000000000000        0xc HAL/Servo_Motor/Servo_Motor.o
 .group         0x0000000000000000        0xc HAL/Servo_Motor/Servo_Motor.o
 .group         0x0000000000000000        0xc HAL/Servo_Motor/Servo_Motor.o
 .text          0x0000000000000000        0x0 HAL/Servo_Motor/Servo_Motor.o
 .data          0x0000000000000000        0x0 HAL/Servo_Motor/Servo_Motor.o
 .bss           0x0000000000000000        0x0 HAL/Servo_Motor/Servo_Motor.o
 .debug_macro   0x0000000000000000      0xa60 HAL/Servo_Motor/Servo_Motor.o
 .debug_macro   0x0000000000000000       0x22 HAL/Servo_Motor/Servo_Motor.o
 .debug_macro   0x0000000000000000       0x8e HAL/Servo_Motor/Servo_Motor.o
 .debug_macro   0x0000000000000000       0x51 HAL/Servo_Motor/Servo_Motor.o
 .debug_macro   0x0000000000000000       0xef HAL/Servo_Motor/Servo_Motor.o
 .debug_macro   0x0000000000000000       0x6a HAL/Servo_Motor/Servo_Motor.o
 .debug_macro   0x0000000000000000      0x1df HAL/Servo_Motor/Servo_Motor.o
 .debug_macro   0x0000000000000000       0x18 HAL/Servo_Motor/Servo_Motor.o
 .debug_macro   0x0000000000000000       0x46 HAL/Servo_Motor/Servo_Motor.o
 .debug_macro   0x0000000000000000       0x3c HAL/Servo_Motor/Servo_Motor.o
 .debug_macro   0x0000000000000000       0x34 HAL/Servo_Motor/Servo_Motor.o
 .debug_macro   0x0000000000000000       0x16 HAL/Servo_Motor/Servo_Motor.o
 .debug_macro   0x0000000000000000      0x10e HAL/Servo_Motor/Servo_Motor.o
 .debug_macro   0x0000000000000000       0x8d HAL/Servo_Motor/Servo_Motor.o
 .debug_macro   0x0000000000000000       0x52 HAL/Servo_Motor/Servo_Motor.o
 .debug_macro   0x0000000000000000       0x1f HAL/Servo_Motor/Servo_Motor.o
 .debug_macro   0x0000000000000000       0x43 HAL/Servo_Motor/Servo_Motor.o
 .debug_macro   0x0000000000000000       0x20 HAL/Servo_Motor/Servo_Motor.o
 .debug_macro   0x0000000000000000      0x1a3 HAL/Servo_Motor/Servo_Motor.o
 .debug_macro   0x0000000000000000      0x330 HAL/Servo_Motor/Servo_Motor.o
 .debug_macro   0x0000000000000000       0x16 HAL/Servo_Motor/Servo_Motor.o
 .debug_macro   0x0000000000000000       0x29 HAL/Servo_Motor/Servo_Motor.o
 .debug_macro   0x0000000000000000      0x32a HAL/Servo_Motor/Servo_Motor.o
 .debug_macro   0x0000000000000000       0xd6 HAL/Servo_Motor/Servo_Motor.o
 .debug_macro   0x0000000000000000       0x40 HAL/Servo_Motor/Servo_Motor.o
 .group         0x0000000000000000        0xc MCAL/GPIO/stm32_f103c6_gpio_drivers.o
 .group         0x0000000000000000        0xc MCAL/GPIO/stm32_f103c6_gpio_drivers.o
 .group         0x0000000000000000        0xc MCAL/GPIO/stm32_f103c6_gpio_drivers.o
 .group         0x0000000000000000        0xc MCAL/GPIO/stm32_f103c6_gpio_drivers.o
 .group         0x0000000000000000        0xc MCAL/GPIO/stm32_f103c6_gpio_drivers.o
 .group         0x0000000000000000        0xc MCAL/GPIO/stm32_f103c6_gpio_drivers.o
 .group         0x0000000000000000        0xc MCAL/GPIO/stm32_f103c6_gpio_drivers.o
 .group         0x0000000000000000        0xc MCAL/GPIO/stm32_f103c6_gpio_drivers.o
 .group         0x0000000000000000        0xc MCAL/GPIO/stm32_f103c6_gpio_drivers.o
 .group         0x0000000000000000        0xc MCAL/GPIO/stm32_f103c6_gpio_drivers.o
 .group         0x0000000000000000        0xc MCAL/GPIO/stm32_f103c6_gpio_drivers.o
 .group         0x0000000000000000        0xc MCAL/GPIO/stm32_f103c6_gpio_drivers.o
 .group         0x0000000000000000        0xc MCAL/GPIO/stm32_f103c6_gpio_drivers.o
 .group         0x0000000000000000        0xc MCAL/GPIO/stm32_f103c6_gpio_drivers.o
 .group         0x0000000000000000        0xc MCAL/GPIO/stm32_f103c6_gpio_drivers.o
 .group         0x0000000000000000        0xc MCAL/GPIO/stm32_f103c6_gpio_drivers.o
 .group         0x0000000000000000        0xc MCAL/GPIO/stm32_f103c6_gpio_drivers.o
 .group         0x0000000000000000        0xc MCAL/GPIO/stm32_f103c6_gpio_drivers.o
 .group         0x0000000000000000        0xc MCAL/GPIO/stm32_f103c6_gpio_drivers.o
 .group         0x0000000000000000        0xc MCAL/GPIO/stm32_f103c6_gpio_drivers.o
 .group         0x0000000000000000        0xc MCAL/GPIO/stm32_f103c6_gpio_drivers.o
 .group         0x0000000000000000        0xc MCAL/GPIO/stm32_f103c6_gpio_drivers.o
 .group         0x0000000000000000        0xc MCAL/GPIO/stm32_f103c6_gpio_drivers.o
 .group         0x0000000000000000        0xc MCAL/GPIO/stm32_f103c6_gpio_drivers.o
 .text          0x0000000000000000        0x0 MCAL/GPIO/stm32_f103c6_gpio_drivers.o
 .data          0x0000000000000000        0x0 MCAL/GPIO/stm32_f103c6_gpio_drivers.o
 .bss           0x0000000000000000        0x0 MCAL/GPIO/stm32_f103c6_gpio_drivers.o
 .text.MCAL_GPIO_DeInit
                0x0000000000000000       0xd4 MCAL/GPIO/stm32_f103c6_gpio_drivers.o
 .text.MCAL_GPIO_ReadPort
                0x0000000000000000       0x18 MCAL/GPIO/stm32_f103c6_gpio_drivers.o
 .text.MCAL_GPIO_WritePort
                0x0000000000000000       0x1c MCAL/GPIO/stm32_f103c6_gpio_drivers.o
 .text.MCAL_GPIO_TogglePin
                0x0000000000000000       0x22 MCAL/GPIO/stm32_f103c6_gpio_drivers.o
 .text.MCAL_LockPin
                0x0000000000000000       0x4e MCAL/GPIO/stm32_f103c6_gpio_drivers.o
 .debug_macro   0x0000000000000000      0xa60 MCAL/GPIO/stm32_f103c6_gpio_drivers.o
 .debug_macro   0x0000000000000000       0x22 MCAL/GPIO/stm32_f103c6_gpio_drivers.o
 .debug_macro   0x0000000000000000       0x8e MCAL/GPIO/stm32_f103c6_gpio_drivers.o
 .debug_macro   0x0000000000000000       0x51 MCAL/GPIO/stm32_f103c6_gpio_drivers.o
 .debug_macro   0x0000000000000000       0xef MCAL/GPIO/stm32_f103c6_gpio_drivers.o
 .debug_macro   0x0000000000000000       0x6a MCAL/GPIO/stm32_f103c6_gpio_drivers.o
 .debug_macro   0x0000000000000000      0x1df MCAL/GPIO/stm32_f103c6_gpio_drivers.o
 .debug_macro   0x0000000000000000       0x18 MCAL/GPIO/stm32_f103c6_gpio_drivers.o
 .debug_macro   0x0000000000000000       0x46 MCAL/GPIO/stm32_f103c6_gpio_drivers.o
 .debug_macro   0x0000000000000000       0x3c MCAL/GPIO/stm32_f103c6_gpio_drivers.o
 .debug_macro   0x0000000000000000       0x34 MCAL/GPIO/stm32_f103c6_gpio_drivers.o
 .debug_macro   0x0000000000000000       0x16 MCAL/GPIO/stm32_f103c6_gpio_drivers.o
 .debug_macro   0x0000000000000000      0x10e MCAL/GPIO/stm32_f103c6_gpio_drivers.o
 .debug_macro   0x0000000000000000       0x8d MCAL/GPIO/stm32_f103c6_gpio_drivers.o
 .debug_macro   0x0000000000000000       0x52 MCAL/GPIO/stm32_f103c6_gpio_drivers.o
 .debug_macro   0x0000000000000000       0x1f MCAL/GPIO/stm32_f103c6_gpio_drivers.o
 .debug_macro   0x0000000000000000       0x43 MCAL/GPIO/stm32_f103c6_gpio_drivers.o
 .debug_macro   0x0000000000000000       0x20 MCAL/GPIO/stm32_f103c6_gpio_drivers.o
 .debug_macro   0x0000000000000000      0x1a3 MCAL/GPIO/stm32_f103c6_gpio_drivers.o
 .debug_macro   0x0000000000000000      0x330 MCAL/GPIO/stm32_f103c6_gpio_drivers.o
 .debug_macro   0x0000000000000000       0x16 MCAL/GPIO/stm32_f103c6_gpio_drivers.o
 .debug_macro   0x0000000000000000       0x29 MCAL/GPIO/stm32_f103c6_gpio_drivers.o
 .debug_macro   0x0000000000000000      0x32a MCAL/GPIO/stm32_f103c6_gpio_drivers.o
 .debug_macro   0x0000000000000000       0xd6 MCAL/GPIO/stm32_f103c6_gpio_drivers.o
 .group         0x0000000000000000        0xc MCAL/RCC/stm32_f103c6_RCC_driver.o
 .group         0x0000000000000000        0xc MCAL/RCC/stm32_f103c6_RCC_driver.o
 .group         0x0000000000000000        0xc MCAL/RCC/stm32_f103c6_RCC_driver.o
 .group         0x0000000000000000        0xc MCAL/RCC/stm32_f103c6_RCC_driver.o
 .group         0x0000000000000000        0xc MCAL/RCC/stm32_f103c6_RCC_driver.o
 .group         0x0000000000000000        0xc MCAL/RCC/stm32_f103c6_RCC_driver.o
 .group         0x0000000000000000        0xc MCAL/RCC/stm32_f103c6_RCC_driver.o
 .group         0x0000000000000000        0xc MCAL/RCC/stm32_f103c6_RCC_driver.o
 .group         0x0000000000000000        0xc MCAL/RCC/stm32_f103c6_RCC_driver.o
 .group         0x0000000000000000        0xc MCAL/RCC/stm32_f103c6_RCC_driver.o
 .group         0x0000000000000000        0xc MCAL/RCC/stm32_f103c6_RCC_driver.o
 .group         0x0000000000000000        0xc MCAL/RCC/stm32_f103c6_RCC_driver.o
 .group         0x0000000000000000        0xc MCAL/RCC/stm32_f103c6_RCC_driver.o
 .group         0x0000000000000000        0xc MCAL/RCC/stm32_f103c6_RCC_driver.o
 .group         0x0000000000000000        0xc MCAL/RCC/stm32_f103c6_RCC_driver.o
 .group         0x0000000000000000        0xc MCAL/RCC/stm32_f103c6_RCC_driver.o
 .group         0x0000000000000000        0xc MCAL/RCC/stm32_f103c6_RCC_driver.o
 .group         0x0000000000000000        0xc MCAL/RCC/stm32_f103c6_RCC_driver.o
 .group         0x0000000000000000        0xc MCAL/RCC/stm32_f103c6_RCC_driver.o
 .group         0x0000000000000000        0xc MCAL/RCC/stm32_f103c6_RCC_driver.o
 .group         0x0000000000000000        0xc MCAL/RCC/stm32_f103c6_RCC_driver.o
 .group         0x0000000000000000        0xc MCAL/RCC/stm32_f103c6_RCC_driver.o
 .group         0x0000000000000000        0xc MCAL/RCC/stm32_f103c6_RCC_driver.o
 .group         0x0000000000000000        0xc MCAL/RCC/stm32_f103c6_RCC_driver.o
 .group         0x0000000000000000        0xc MCAL/RCC/stm32_f103c6_RCC_driver.o
 .text          0x0000000000000000        0x0 MCAL/RCC/stm32_f103c6_RCC_driver.o
 .data          0x0000000000000000        0x0 MCAL/RCC/stm32_f103c6_RCC_driver.o
 .bss           0x0000000000000000        0x0 MCAL/RCC/stm32_f103c6_RCC_driver.o
 .debug_macro   0x0000000000000000      0xa60 MCAL/RCC/stm32_f103c6_RCC_driver.o
 .debug_macro   0x0000000000000000       0x22 MCAL/RCC/stm32_f103c6_RCC_driver.o
 .debug_macro   0x0000000000000000       0x8e MCAL/RCC/stm32_f103c6_RCC_driver.o
 .debug_macro   0x0000000000000000       0x51 MCAL/RCC/stm32_f103c6_RCC_driver.o
 .debug_macro   0x0000000000000000       0xef MCAL/RCC/stm32_f103c6_RCC_driver.o
 .debug_macro   0x0000000000000000       0x6a MCAL/RCC/stm32_f103c6_RCC_driver.o
 .debug_macro   0x0000000000000000      0x1df MCAL/RCC/stm32_f103c6_RCC_driver.o
 .debug_macro   0x0000000000000000       0x18 MCAL/RCC/stm32_f103c6_RCC_driver.o
 .debug_macro   0x0000000000000000       0x46 MCAL/RCC/stm32_f103c6_RCC_driver.o
 .debug_macro   0x0000000000000000       0x3c MCAL/RCC/stm32_f103c6_RCC_driver.o
 .debug_macro   0x0000000000000000       0x34 MCAL/RCC/stm32_f103c6_RCC_driver.o
 .debug_macro   0x0000000000000000       0x16 MCAL/RCC/stm32_f103c6_RCC_driver.o
 .debug_macro   0x0000000000000000      0x10e MCAL/RCC/stm32_f103c6_RCC_driver.o
 .debug_macro   0x0000000000000000       0x8d MCAL/RCC/stm32_f103c6_RCC_driver.o
 .debug_macro   0x0000000000000000       0x52 MCAL/RCC/stm32_f103c6_RCC_driver.o
 .debug_macro   0x0000000000000000       0x1f MCAL/RCC/stm32_f103c6_RCC_driver.o
 .debug_macro   0x0000000000000000       0x43 MCAL/RCC/stm32_f103c6_RCC_driver.o
 .debug_macro   0x0000000000000000       0x20 MCAL/RCC/stm32_f103c6_RCC_driver.o
 .debug_macro   0x0000000000000000      0x1a3 MCAL/RCC/stm32_f103c6_RCC_driver.o
 .debug_macro   0x0000000000000000      0x330 MCAL/RCC/stm32_f103c6_RCC_driver.o
 .debug_macro   0x0000000000000000       0x16 MCAL/RCC/stm32_f103c6_RCC_driver.o
 .debug_macro   0x0000000000000000       0x29 MCAL/RCC/stm32_f103c6_RCC_driver.o
 .debug_macro   0x0000000000000000      0x32a MCAL/RCC/stm32_f103c6_RCC_driver.o
 .group         0x0000000000000000        0xc MCAL/Timer/Timer.o
 .group         0x0000000000000000        0xc MCAL/Timer/Timer.o
 .group         0x0000000000000000        0xc MCAL/Timer/Timer.o
 .group         0x0000000000000000        0xc MCAL/Timer/Timer.o
 .group         0x0000000000000000        0xc MCAL/Timer/Timer.o
 .group         0x0000000000000000        0xc MCAL/Timer/Timer.o
 .group         0x0000000000000000        0xc MCAL/Timer/Timer.o
 .group         0x0000000000000000        0xc MCAL/Timer/Timer.o
 .group         0x0000000000000000        0xc MCAL/Timer/Timer.o
 .group         0x0000000000000000        0xc MCAL/Timer/Timer.o
 .group         0x0000000000000000        0xc MCAL/Timer/Timer.o
 .group         0x0000000000000000        0xc MCAL/Timer/Timer.o
 .group         0x0000000000000000        0xc MCAL/Timer/Timer.o
 .group         0x0000000000000000        0xc MCAL/Timer/Timer.o
 .group         0x0000000000000000        0xc MCAL/Timer/Timer.o
 .group         0x0000000000000000        0xc MCAL/Timer/Timer.o
 .group         0x0000000000000000        0xc MCAL/Timer/Timer.o
 .group         0x0000000000000000        0xc MCAL/Timer/Timer.o
 .group         0x0000000000000000        0xc MCAL/Timer/Timer.o
 .group         0x0000000000000000        0xc MCAL/Timer/Timer.o
 .group         0x0000000000000000        0xc MCAL/Timer/Timer.o
 .group         0x0000000000000000        0xc MCAL/Timer/Timer.o
 .group         0x0000000000000000        0xc MCAL/Timer/Timer.o
 .group         0x0000000000000000        0xc MCAL/Timer/Timer.o
 .group         0x0000000000000000        0xc MCAL/Timer/Timer.o
 .text          0x0000000000000000        0x0 MCAL/Timer/Timer.o
 .data          0x0000000000000000        0x0 MCAL/Timer/Timer.o
 .bss           0x0000000000000000        0x0 MCAL/Timer/Timer.o
 .debug_macro   0x0000000000000000      0xa60 MCAL/Timer/Timer.o
 .debug_macro   0x0000000000000000       0x22 MCAL/Timer/Timer.o
 .debug_macro   0x0000000000000000       0x8e MCAL/Timer/Timer.o
 .debug_macro   0x0000000000000000       0x51 MCAL/Timer/Timer.o
 .debug_macro   0x0000000000000000       0xef MCAL/Timer/Timer.o
 .debug_macro   0x0000000000000000       0x6a MCAL/Timer/Timer.o
 .debug_macro   0x0000000000000000      0x1df MCAL/Timer/Timer.o
 .debug_macro   0x0000000000000000       0x18 MCAL/Timer/Timer.o
 .debug_macro   0x0000000000000000       0x46 MCAL/Timer/Timer.o
 .debug_macro   0x0000000000000000       0x3c MCAL/Timer/Timer.o
 .debug_macro   0x0000000000000000       0x34 MCAL/Timer/Timer.o
 .debug_macro   0x0000000000000000       0x16 MCAL/Timer/Timer.o
 .debug_macro   0x0000000000000000      0x10e MCAL/Timer/Timer.o
 .debug_macro   0x0000000000000000       0x8d MCAL/Timer/Timer.o
 .debug_macro   0x0000000000000000       0x52 MCAL/Timer/Timer.o
 .debug_macro   0x0000000000000000       0x1f MCAL/Timer/Timer.o
 .debug_macro   0x0000000000000000       0x43 MCAL/Timer/Timer.o
 .debug_macro   0x0000000000000000       0x20 MCAL/Timer/Timer.o
 .debug_macro   0x0000000000000000      0x1a3 MCAL/Timer/Timer.o
 .debug_macro   0x0000000000000000      0x330 MCAL/Timer/Timer.o
 .debug_macro   0x0000000000000000       0x16 MCAL/Timer/Timer.o
 .debug_macro   0x0000000000000000       0x29 MCAL/Timer/Timer.o
 .debug_macro   0x0000000000000000      0x32a MCAL/Timer/Timer.o
 .debug_macro   0x0000000000000000       0xdc MCAL/Timer/Timer.o
 .debug_macro   0x0000000000000000       0x40 MCAL/Timer/Timer.o
 .group         0x0000000000000000        0xc MCAL/UART/stm32_f103c6_USART_drivers.o
 .group         0x0000000000000000        0xc MCAL/UART/stm32_f103c6_USART_drivers.o
 .group         0x0000000000000000        0xc MCAL/UART/stm32_f103c6_USART_drivers.o
 .group         0x0000000000000000        0xc MCAL/UART/stm32_f103c6_USART_drivers.o
 .group         0x0000000000000000        0xc MCAL/UART/stm32_f103c6_USART_drivers.o
 .group         0x0000000000000000        0xc MCAL/UART/stm32_f103c6_USART_drivers.o
 .group         0x0000000000000000        0xc MCAL/UART/stm32_f103c6_USART_drivers.o
 .group         0x0000000000000000        0xc MCAL/UART/stm32_f103c6_USART_drivers.o
 .group         0x0000000000000000        0xc MCAL/UART/stm32_f103c6_USART_drivers.o
 .group         0x0000000000000000        0xc MCAL/UART/stm32_f103c6_USART_drivers.o
 .group         0x0000000000000000        0xc MCAL/UART/stm32_f103c6_USART_drivers.o
 .group         0x0000000000000000        0xc MCAL/UART/stm32_f103c6_USART_drivers.o
 .group         0x0000000000000000        0xc MCAL/UART/stm32_f103c6_USART_drivers.o
 .group         0x0000000000000000        0xc MCAL/UART/stm32_f103c6_USART_drivers.o
 .group         0x0000000000000000        0xc MCAL/UART/stm32_f103c6_USART_drivers.o
 .group         0x0000000000000000        0xc MCAL/UART/stm32_f103c6_USART_drivers.o
 .group         0x0000000000000000        0xc MCAL/UART/stm32_f103c6_USART_drivers.o
 .group         0x0000000000000000        0xc MCAL/UART/stm32_f103c6_USART_drivers.o
 .group         0x0000000000000000        0xc MCAL/UART/stm32_f103c6_USART_drivers.o
 .group         0x0000000000000000        0xc MCAL/UART/stm32_f103c6_USART_drivers.o
 .group         0x0000000000000000        0xc MCAL/UART/stm32_f103c6_USART_drivers.o
 .group         0x0000000000000000        0xc MCAL/UART/stm32_f103c6_USART_drivers.o
 .group         0x0000000000000000        0xc MCAL/UART/stm32_f103c6_USART_drivers.o
 .group         0x0000000000000000        0xc MCAL/UART/stm32_f103c6_USART_drivers.o
 .group         0x0000000000000000        0xc MCAL/UART/stm32_f103c6_USART_drivers.o
 .group         0x0000000000000000        0xc MCAL/UART/stm32_f103c6_USART_drivers.o
 .text          0x0000000000000000        0x0 MCAL/UART/stm32_f103c6_USART_drivers.o
 .data          0x0000000000000000        0x0 MCAL/UART/stm32_f103c6_USART_drivers.o
 .bss           0x0000000000000000        0x0 MCAL/UART/stm32_f103c6_USART_drivers.o
 .text.MCAL_UART_DeInit
                0x0000000000000000       0x8c MCAL/UART/stm32_f103c6_USART_drivers.o
 .text.MCAL_UART_WAIT_TC
                0x0000000000000000       0x1e MCAL/UART/stm32_f103c6_USART_drivers.o
 .debug_macro   0x0000000000000000      0xa60 MCAL/UART/stm32_f103c6_USART_drivers.o
 .debug_macro   0x0000000000000000       0x22 MCAL/UART/stm32_f103c6_USART_drivers.o
 .debug_macro   0x0000000000000000       0x8e MCAL/UART/stm32_f103c6_USART_drivers.o
 .debug_macro   0x0000000000000000       0x51 MCAL/UART/stm32_f103c6_USART_drivers.o
 .debug_macro   0x0000000000000000       0xef MCAL/UART/stm32_f103c6_USART_drivers.o
 .debug_macro   0x0000000000000000       0x6a MCAL/UART/stm32_f103c6_USART_drivers.o
 .debug_macro   0x0000000000000000      0x1df MCAL/UART/stm32_f103c6_USART_drivers.o
 .debug_macro   0x0000000000000000       0x18 MCAL/UART/stm32_f103c6_USART_drivers.o
 .debug_macro   0x0000000000000000       0x46 MCAL/UART/stm32_f103c6_USART_drivers.o
 .debug_macro   0x0000000000000000       0x3c MCAL/UART/stm32_f103c6_USART_drivers.o
 .debug_macro   0x0000000000000000       0x34 MCAL/UART/stm32_f103c6_USART_drivers.o
 .debug_macro   0x0000000000000000       0x16 MCAL/UART/stm32_f103c6_USART_drivers.o
 .debug_macro   0x0000000000000000      0x10e MCAL/UART/stm32_f103c6_USART_drivers.o
 .debug_macro   0x0000000000000000       0x8d MCAL/UART/stm32_f103c6_USART_drivers.o
 .debug_macro   0x0000000000000000       0x52 MCAL/UART/stm32_f103c6_USART_drivers.o
 .debug_macro   0x0000000000000000       0x1f MCAL/UART/stm32_f103c6_USART_drivers.o
 .debug_macro   0x0000000000000000       0x43 MCAL/UART/stm32_f103c6_USART_drivers.o
 .debug_macro   0x0000000000000000       0x20 MCAL/UART/stm32_f103c6_USART_drivers.o
 .debug_macro   0x0000000000000000      0x1a3 MCAL/UART/stm32_f103c6_USART_drivers.o
 .debug_macro   0x0000000000000000      0x330 MCAL/UART/stm32_f103c6_USART_drivers.o
 .debug_macro   0x0000000000000000       0x16 MCAL/UART/stm32_f103c6_USART_drivers.o
 .debug_macro   0x0000000000000000       0x29 MCAL/UART/stm32_f103c6_USART_drivers.o
 .debug_macro   0x0000000000000000      0x32a MCAL/UART/stm32_f103c6_USART_drivers.o
 .debug_macro   0x0000000000000000       0xdc MCAL/UART/stm32_f103c6_USART_drivers.o
 .debug_macro   0x0000000000000000       0x10 MCAL/UART/stm32_f103c6_USART_drivers.o
 .group         0x0000000000000000        0xc Src/main.o
 .group         0x0000000000000000        0xc Src/main.o
 .group         0x0000000000000000        0xc Src/main.o
 .group         0x0000000000000000        0xc Src/main.o
 .group         0x0000000000000000        0xc Src/main.o
 .group         0x0000000000000000        0xc Src/main.o
 .group         0x0000000000000000        0xc Src/main.o
 .group         0x0000000000000000        0xc Src/main.o
 .group         0x0000000000000000        0xc Src/main.o
 .group         0x0000000000000000        0xc Src/main.o
 .group         0x0000000000000000        0xc Src/main.o
 .group         0x0000000000000000        0xc Src/main.o
 .group         0x0000000000000000        0xc Src/main.o
 .group         0x0000000000000000        0xc Src/main.o
 .group         0x0000000000000000        0xc Src/main.o
 .group         0x0000000000000000        0xc Src/main.o
 .group         0x0000000000000000        0xc Src/main.o
 .group         0x0000000000000000        0xc Src/main.o
 .group         0x0000000000000000        0xc Src/main.o
 .group         0x0000000000000000        0xc Src/main.o
 .group         0x0000000000000000        0xc Src/main.o
 .group         0x0000000000000000        0xc Src/main.o
 .group         0x0000000000000000        0xc Src/main.o
 .group         0x0000000000000000        0xc Src/main.o
 .group         0x0000000000000000        0xc Src/main.o
 .group         0x0000000000000000        0xc Src/main.o
 .group         0x0000000000000000        0xc Src/main.o
 .group         0x0000000000000000        0xc Src/main.o
 .group         0x0000000000000000        0xc Src/main.o
 .group         0x0000000000000000        0xc Src/main.o
 .text          0x0000000000000000        0x0 Src/main.o
 .data          0x0000000000000000        0x0 Src/main.o
 .bss           0x0000000000000000        0x0 Src/main.o
 .debug_macro   0x0000000000000000      0xa60 Src/main.o
 .debug_macro   0x0000000000000000       0x22 Src/main.o
 .debug_macro   0x0000000000000000       0x8e Src/main.o
 .debug_macro   0x0000000000000000       0x51 Src/main.o
 .debug_macro   0x0000000000000000       0xef Src/main.o
 .debug_macro   0x0000000000000000       0x6a Src/main.o
 .debug_macro   0x0000000000000000      0x1df Src/main.o
 .debug_macro   0x0000000000000000       0x18 Src/main.o
 .debug_macro   0x0000000000000000       0x46 Src/main.o
 .debug_macro   0x0000000000000000       0x3c Src/main.o
 .debug_macro   0x0000000000000000       0x34 Src/main.o
 .debug_macro   0x0000000000000000       0x16 Src/main.o
 .debug_macro   0x0000000000000000      0x10e Src/main.o
 .debug_macro   0x0000000000000000       0x8d Src/main.o
 .debug_macro   0x0000000000000000       0x52 Src/main.o
 .debug_macro   0x0000000000000000       0x1f Src/main.o
 .debug_macro   0x0000000000000000       0x43 Src/main.o
 .debug_macro   0x0000000000000000       0x20 Src/main.o
 .debug_macro   0x0000000000000000      0x1a3 Src/main.o
 .debug_macro   0x0000000000000000      0x330 Src/main.o
 .debug_macro   0x0000000000000000       0x16 Src/main.o
 .debug_macro   0x0000000000000000       0x29 Src/main.o
 .debug_macro   0x0000000000000000      0x32a Src/main.o
 .debug_macro   0x0000000000000000       0xd6 Src/main.o
 .debug_macro   0x0000000000000000       0x10 Src/main.o
 .debug_macro   0x0000000000000000       0xe2 Src/main.o
 .debug_macro   0x0000000000000000       0x10 Src/main.o
 .group         0x0000000000000000        0xc Src/syscalls.o
 .group         0x0000000000000000        0xc Src/syscalls.o
 .group         0x0000000000000000        0xc Src/syscalls.o
 .group         0x0000000000000000        0xc Src/syscalls.o
 .group         0x0000000000000000        0xc Src/syscalls.o
 .group         0x0000000000000000        0xc Src/syscalls.o
 .group         0x0000000000000000        0xc Src/syscalls.o
 .group         0x0000000000000000        0xc Src/syscalls.o
 .group         0x0000000000000000        0xc Src/syscalls.o
 .group         0x0000000000000000        0xc Src/syscalls.o
 .group         0x0000000000000000        0xc Src/syscalls.o
 .group         0x0000000000000000        0xc Src/syscalls.o
 .group         0x0000000000000000        0xc Src/syscalls.o
 .group         0x0000000000000000        0xc Src/syscalls.o
 .group         0x0000000000000000        0xc Src/syscalls.o
 .group         0x0000000000000000        0xc Src/syscalls.o
 .group         0x0000000000000000        0xc Src/syscalls.o
 .group         0x0000000000000000        0xc Src/syscalls.o
 .group         0x0000000000000000        0xc Src/syscalls.o
 .group         0x0000000000000000        0xc Src/syscalls.o
 .group         0x0000000000000000        0xc Src/syscalls.o
 .group         0x0000000000000000        0xc Src/syscalls.o
 .group         0x0000000000000000        0xc Src/syscalls.o
 .group         0x0000000000000000        0xc Src/syscalls.o
 .group         0x0000000000000000        0xc Src/syscalls.o
 .group         0x0000000000000000        0xc Src/syscalls.o
 .group         0x0000000000000000        0xc Src/syscalls.o
 .group         0x0000000000000000        0xc Src/syscalls.o
 .group         0x0000000000000000        0xc Src/syscalls.o
 .group         0x0000000000000000        0xc Src/syscalls.o
 .group         0x0000000000000000        0xc Src/syscalls.o
 .group         0x0000000000000000        0xc Src/syscalls.o
 .group         0x0000000000000000        0xc Src/syscalls.o
 .group         0x0000000000000000        0xc Src/syscalls.o
 .group         0x0000000000000000        0xc Src/syscalls.o
 .group         0x0000000000000000        0xc Src/syscalls.o
 .group         0x0000000000000000        0xc Src/syscalls.o
 .group         0x0000000000000000        0xc Src/syscalls.o
 .group         0x0000000000000000        0xc Src/syscalls.o
 .group         0x0000000000000000        0xc Src/syscalls.o
 .group         0x0000000000000000        0xc Src/syscalls.o
 .group         0x0000000000000000        0xc Src/syscalls.o
 .group         0x0000000000000000        0xc Src/syscalls.o
 .group         0x0000000000000000        0xc Src/syscalls.o
 .text          0x0000000000000000        0x0 Src/syscalls.o
 .data          0x0000000000000000        0x0 Src/syscalls.o
 .bss           0x0000000000000000        0x0 Src/syscalls.o
 .bss.__env     0x0000000000000000        0x4 Src/syscalls.o
 .data.environ  0x0000000000000000        0x4 Src/syscalls.o
 .text.initialise_monitor_handles
                0x0000000000000000        0xc Src/syscalls.o
 .text._getpid  0x0000000000000000        0xe Src/syscalls.o
 .text._kill    0x0000000000000000       0x20 Src/syscalls.o
 .text._exit    0x0000000000000000       0x14 Src/syscalls.o
 .text._read    0x0000000000000000       0x3a Src/syscalls.o
 .text._write   0x0000000000000000       0x38 Src/syscalls.o
 .text._close   0x0000000000000000       0x16 Src/syscalls.o
 .text._fstat   0x0000000000000000       0x1e Src/syscalls.o
 .text._isatty  0x0000000000000000       0x14 Src/syscalls.o
 .text._lseek   0x0000000000000000       0x18 Src/syscalls.o
 .text._open    0x0000000000000000       0x1a Src/syscalls.o
 .text._wait    0x0000000000000000       0x1e Src/syscalls.o
 .text._unlink  0x0000000000000000       0x1e Src/syscalls.o
 .text._times   0x0000000000000000       0x16 Src/syscalls.o
 .text._stat    0x0000000000000000       0x1e Src/syscalls.o
 .text._link    0x0000000000000000       0x20 Src/syscalls.o
 .text._fork    0x0000000000000000       0x16 Src/syscalls.o
 .text._execve  0x0000000000000000       0x22 Src/syscalls.o
 .debug_info    0x0000000000000000     0x1038 Src/syscalls.o
 .debug_abbrev  0x0000000000000000      0x254 Src/syscalls.o
 .debug_loc     0x0000000000000000      0x5b8 Src/syscalls.o
 .debug_aranges
                0x0000000000000000       0xa8 Src/syscalls.o
 .debug_ranges  0x0000000000000000       0x98 Src/syscalls.o
 .debug_macro   0x0000000000000000      0x243 Src/syscalls.o
 .debug_macro   0x0000000000000000      0xa60 Src/syscalls.o
 .debug_macro   0x0000000000000000       0x22 Src/syscalls.o
 .debug_macro   0x0000000000000000       0x40 Src/syscalls.o
 .debug_macro   0x0000000000000000       0x18 Src/syscalls.o
 .debug_macro   0x0000000000000000       0x94 Src/syscalls.o
 .debug_macro   0x0000000000000000       0x3c Src/syscalls.o
 .debug_macro   0x0000000000000000       0x34 Src/syscalls.o
 .debug_macro   0x0000000000000000       0x57 Src/syscalls.o
 .debug_macro   0x0000000000000000      0x174 Src/syscalls.o
 .debug_macro   0x0000000000000000      0x330 Src/syscalls.o
 .debug_macro   0x0000000000000000       0x52 Src/syscalls.o
 .debug_macro   0x0000000000000000       0x1f Src/syscalls.o
 .debug_macro   0x0000000000000000       0x43 Src/syscalls.o
 .debug_macro   0x0000000000000000       0x20 Src/syscalls.o
 .debug_macro   0x0000000000000000      0x1a3 Src/syscalls.o
 .debug_macro   0x0000000000000000       0x10 Src/syscalls.o
 .debug_macro   0x0000000000000000       0x35 Src/syscalls.o
 .debug_macro   0x0000000000000000       0x10 Src/syscalls.o
 .debug_macro   0x0000000000000000       0x10 Src/syscalls.o
 .debug_macro   0x0000000000000000       0x10 Src/syscalls.o
 .debug_macro   0x0000000000000000       0x6a Src/syscalls.o
 .debug_macro   0x0000000000000000       0x1c Src/syscalls.o
 .debug_macro   0x0000000000000000       0x52 Src/syscalls.o
 .debug_macro   0x0000000000000000       0x40 Src/syscalls.o
 .debug_macro   0x0000000000000000       0x10 Src/syscalls.o
 .debug_macro   0x0000000000000000       0x40 Src/syscalls.o
 .debug_macro   0x0000000000000000       0xd7 Src/syscalls.o
 .debug_macro   0x0000000000000000       0x1c Src/syscalls.o
 .debug_macro   0x0000000000000000       0x3d Src/syscalls.o
 .debug_macro   0x0000000000000000       0x35 Src/syscalls.o
 .debug_macro   0x0000000000000000      0x122 Src/syscalls.o
 .debug_macro   0x0000000000000000       0x16 Src/syscalls.o
 .debug_macro   0x0000000000000000       0x16 Src/syscalls.o
 .debug_macro   0x0000000000000000       0x29 Src/syscalls.o
 .debug_macro   0x0000000000000000       0x10 Src/syscalls.o
 .debug_macro   0x0000000000000000      0x241 Src/syscalls.o
 .debug_macro   0x0000000000000000       0x1c Src/syscalls.o
 .debug_macro   0x0000000000000000       0x10 Src/syscalls.o
 .debug_macro   0x0000000000000000       0x10 Src/syscalls.o
 .debug_macro   0x0000000000000000       0x16 Src/syscalls.o
 .debug_macro   0x0000000000000000      0x145 Src/syscalls.o
 .debug_macro   0x0000000000000000      0x189 Src/syscalls.o
 .debug_macro   0x0000000000000000       0x16 Src/syscalls.o
 .debug_macro   0x0000000000000000       0x88 Src/syscalls.o
 .debug_line    0x0000000000000000      0x739 Src/syscalls.o
 .debug_str     0x0000000000000000     0x8884 Src/syscalls.o
 .comment       0x0000000000000000       0x7c Src/syscalls.o
 .debug_frame   0x0000000000000000      0x2ac Src/syscalls.o
 .ARM.attributes
                0x0000000000000000       0x33 Src/syscalls.o
 .group         0x0000000000000000        0xc Src/sysmem.o
 .group         0x0000000000000000        0xc Src/sysmem.o
 .group         0x0000000000000000        0xc Src/sysmem.o
 .group         0x0000000000000000        0xc Src/sysmem.o
 .group         0x0000000000000000        0xc Src/sysmem.o
 .group         0x0000000000000000        0xc Src/sysmem.o
 .group         0x0000000000000000        0xc Src/sysmem.o
 .group         0x0000000000000000        0xc Src/sysmem.o
 .group         0x0000000000000000        0xc Src/sysmem.o
 .group         0x0000000000000000        0xc Src/sysmem.o
 .group         0x0000000000000000        0xc Src/sysmem.o
 .group         0x0000000000000000        0xc Src/sysmem.o
 .group         0x0000000000000000        0xc Src/sysmem.o
 .group         0x0000000000000000        0xc Src/sysmem.o
 .group         0x0000000000000000        0xc Src/sysmem.o
 .group         0x0000000000000000        0xc Src/sysmem.o
 .group         0x0000000000000000        0xc Src/sysmem.o
 .group         0x0000000000000000        0xc Src/sysmem.o
 .group         0x0000000000000000        0xc Src/sysmem.o
 .text          0x0000000000000000        0x0 Src/sysmem.o
 .data          0x0000000000000000        0x0 Src/sysmem.o
 .bss           0x0000000000000000        0x0 Src/sysmem.o
 .bss.__sbrk_heap_end
                0x0000000000000000        0x4 Src/sysmem.o
 .text._sbrk    0x0000000000000000       0x6c Src/sysmem.o
 .debug_info    0x0000000000000000      0xa7c Src/sysmem.o
 .debug_abbrev  0x0000000000000000      0x18e Src/sysmem.o
 .debug_loc     0x0000000000000000       0x50 Src/sysmem.o
 .debug_aranges
                0x0000000000000000       0x20 Src/sysmem.o
 .debug_ranges  0x0000000000000000       0x10 Src/sysmem.o
 .debug_macro   0x0000000000000000       0xee Src/sysmem.o
 .debug_macro   0x0000000000000000      0xa60 Src/sysmem.o
 .debug_macro   0x0000000000000000       0x10 Src/sysmem.o
 .debug_macro   0x0000000000000000       0x22 Src/sysmem.o
 .debug_macro   0x0000000000000000       0x40 Src/sysmem.o
 .debug_macro   0x0000000000000000       0x18 Src/sysmem.o
 .debug_macro   0x0000000000000000       0x94 Src/sysmem.o
 .debug_macro   0x0000000000000000       0x3c Src/sysmem.o
 .debug_macro   0x0000000000000000       0x34 Src/sysmem.o
 .debug_macro   0x0000000000000000      0x174 Src/sysmem.o
 .debug_macro   0x0000000000000000       0x57 Src/sysmem.o
 .debug_macro   0x0000000000000000       0x52 Src/sysmem.o
 .debug_macro   0x0000000000000000       0x1f Src/sysmem.o
 .debug_macro   0x0000000000000000       0x43 Src/sysmem.o
 .debug_macro   0x0000000000000000       0x20 Src/sysmem.o
 .debug_macro   0x0000000000000000      0x1a3 Src/sysmem.o
 .debug_macro   0x0000000000000000      0x23b Src/sysmem.o
 .debug_macro   0x0000000000000000       0xef Src/sysmem.o
 .debug_macro   0x0000000000000000       0x6a Src/sysmem.o
 .debug_macro   0x0000000000000000      0x1df Src/sysmem.o
 .debug_line    0x0000000000000000      0x4c2 Src/sysmem.o
 .debug_str     0x0000000000000000     0x5f52 Src/sysmem.o
 .comment       0x0000000000000000       0x7c Src/sysmem.o
 .debug_frame   0x0000000000000000       0x34 Src/sysmem.o
 .ARM.attributes
                0x0000000000000000       0x33 Src/sysmem.o
 .text          0x0000000000000000       0x14 Startup/startup_stm32f103c6tx.o
 .data          0x0000000000000000        0x0 Startup/startup_stm32f103c6tx.o
 .bss           0x0000000000000000        0x0 Startup/startup_stm32f103c6tx.o
 .text          0x0000000000000000        0x0 c:/st/stm32cubeide_1.4.0/stm32cubeide/plugins/com.st.stm32cube.ide.mcu.externaltools.gnu-tools-for-stm32.7-2018-q2-update.win32_1.4.0.202007081208/tools/bin/../lib/gcc/arm-none-eabi/7.3.1/../../../../arm-none-eabi/lib/thumb/v7-m\libc_nano.a(lib_a-errno.o)
 .data          0x0000000000000000        0x0 c:/st/stm32cubeide_1.4.0/stm32cubeide/plugins/com.st.stm32cube.ide.mcu.externaltools.gnu-tools-for-stm32.7-2018-q2-update.win32_1.4.0.202007081208/tools/bin/../lib/gcc/arm-none-eabi/7.3.1/../../../../arm-none-eabi/lib/thumb/v7-m\libc_nano.a(lib_a-errno.o)
 .bss           0x0000000000000000        0x0 c:/st/stm32cubeide_1.4.0/stm32cubeide/plugins/com.st.stm32cube.ide.mcu.externaltools.gnu-tools-for-stm32.7-2018-q2-update.win32_1.4.0.202007081208/tools/bin/../lib/gcc/arm-none-eabi/7.3.1/../../../../arm-none-eabi/lib/thumb/v7-m\libc_nano.a(lib_a-errno.o)
 .text.__errno  0x0000000000000000        0xc c:/st/stm32cubeide_1.4.0/stm32cubeide/plugins/com.st.stm32cube.ide.mcu.externaltools.gnu-tools-for-stm32.7-2018-q2-update.win32_1.4.0.202007081208/tools/bin/../lib/gcc/arm-none-eabi/7.3.1/../../../../arm-none-eabi/lib/thumb/v7-m\libc_nano.a(lib_a-errno.o)
 .debug_frame   0x0000000000000000       0x20 c:/st/stm32cubeide_1.4.0/stm32cubeide/plugins/com.st.stm32cube.ide.mcu.externaltools.gnu-tools-for-stm32.7-2018-q2-update.win32_1.4.0.202007081208/tools/bin/../lib/gcc/arm-none-eabi/7.3.1/../../../../arm-none-eabi/lib/thumb/v7-m\libc_nano.a(lib_a-errno.o)
 .ARM.attributes
                0x0000000000000000       0x2d c:/st/stm32cubeide_1.4.0/stm32cubeide/plugins/com.st.stm32cube.ide.mcu.externaltools.gnu-tools-for-stm32.7-2018-q2-update.win32_1.4.0.202007081208/tools/bin/../lib/gcc/arm-none-eabi/7.3.1/../../../../arm-none-eabi/lib/thumb/v7-m\libc_nano.a(lib_a-errno.o)
 .text          0x0000000000000000        0x0 c:/st/stm32cubeide_1.4.0/stm32cubeide/plugins/com.st.stm32cube.ide.mcu.externaltools.gnu-tools-for-stm32.7-2018-q2-update.win32_1.4.0.202007081208/tools/bin/../lib/gcc/arm-none-eabi/7.3.1/../../../../arm-none-eabi/lib/thumb/v7-m\libc_nano.a(lib_a-exit.o)
 .data          0x0000000000000000        0x0 c:/st/stm32cubeide_1.4.0/stm32cubeide/plugins/com.st.stm32cube.ide.mcu.externaltools.gnu-tools-for-stm32.7-2018-q2-update.win32_1.4.0.202007081208/tools/bin/../lib/gcc/arm-none-eabi/7.3.1/../../../../arm-none-eabi/lib/thumb/v7-m\libc_nano.a(lib_a-exit.o)
 .bss           0x0000000000000000        0x0 c:/st/stm32cubeide_1.4.0/stm32cubeide/plugins/com.st.stm32cube.ide.mcu.externaltools.gnu-tools-for-stm32.7-2018-q2-update.win32_1.4.0.202007081208/tools/bin/../lib/gcc/arm-none-eabi/7.3.1/../../../../arm-none-eabi/lib/thumb/v7-m\libc_nano.a(lib_a-exit.o)
 .text.exit     0x0000000000000000       0x28 c:/st/stm32cubeide_1.4.0/stm32cubeide/plugins/com.st.stm32cube.ide.mcu.externaltools.gnu-tools-for-stm32.7-2018-q2-update.win32_1.4.0.202007081208/tools/bin/../lib/gcc/arm-none-eabi/7.3.1/../../../../arm-none-eabi/lib/thumb/v7-m\libc_nano.a(lib_a-exit.o)
 .debug_frame   0x0000000000000000       0x28 c:/st/stm32cubeide_1.4.0/stm32cubeide/plugins/com.st.stm32cube.ide.mcu.externaltools.gnu-tools-for-stm32.7-2018-q2-update.win32_1.4.0.202007081208/tools/bin/../lib/gcc/arm-none-eabi/7.3.1/../../../../arm-none-eabi/lib/thumb/v7-m\libc_nano.a(lib_a-exit.o)
 .ARM.attributes
                0x0000000000000000       0x2d c:/st/stm32cubeide_1.4.0/stm32cubeide/plugins/com.st.stm32cube.ide.mcu.externaltools.gnu-tools-for-stm32.7-2018-q2-update.win32_1.4.0.202007081208/tools/bin/../lib/gcc/arm-none-eabi/7.3.1/../../../../arm-none-eabi/lib/thumb/v7-m\libc_nano.a(lib_a-exit.o)
 .text          0x0000000000000000        0x0 c:/st/stm32cubeide_1.4.0/stm32cubeide/plugins/com.st.stm32cube.ide.mcu.externaltools.gnu-tools-for-stm32.7-2018-q2-update.win32_1.4.0.202007081208/tools/bin/../lib/gcc/arm-none-eabi/7.3.1/../../../../arm-none-eabi/lib/thumb/v7-m\libc_nano.a(lib_a-impure.o)
 .data          0x0000000000000000        0x0 c:/st/stm32cubeide_1.4.0/stm32cubeide/plugins/com.st.stm32cube.ide.mcu.externaltools.gnu-tools-for-stm32.7-2018-q2-update.win32_1.4.0.202007081208/tools/bin/../lib/gcc/arm-none-eabi/7.3.1/../../../../arm-none-eabi/lib/thumb/v7-m\libc_nano.a(lib_a-impure.o)
 .bss           0x0000000000000000        0x0 c:/st/stm32cubeide_1.4.0/stm32cubeide/plugins/com.st.stm32cube.ide.mcu.externaltools.gnu-tools-for-stm32.7-2018-q2-update.win32_1.4.0.202007081208/tools/bin/../lib/gcc/arm-none-eabi/7.3.1/../../../../arm-none-eabi/lib/thumb/v7-m\libc_nano.a(lib_a-impure.o)
 .data._impure_ptr
                0x0000000000000000        0x4 c:/st/stm32cubeide_1.4.0/stm32cubeide/plugins/com.st.stm32cube.ide.mcu.externaltools.gnu-tools-for-stm32.7-2018-q2-update.win32_1.4.0.202007081208/tools/bin/../lib/gcc/arm-none-eabi/7.3.1/../../../../arm-none-eabi/lib/thumb/v7-m\libc_nano.a(lib_a-impure.o)
 .data.impure_data
                0x0000000000000000       0x60 c:/st/stm32cubeide_1.4.0/stm32cubeide/plugins/com.st.stm32cube.ide.mcu.externaltools.gnu-tools-for-stm32.7-2018-q2-update.win32_1.4.0.202007081208/tools/bin/../lib/gcc/arm-none-eabi/7.3.1/../../../../arm-none-eabi/lib/thumb/v7-m\libc_nano.a(lib_a-impure.o)
 .rodata._global_impure_ptr
                0x0000000000000000        0x4 c:/st/stm32cubeide_1.4.0/stm32cubeide/plugins/com.st.stm32cube.ide.mcu.externaltools.gnu-tools-for-stm32.7-2018-q2-update.win32_1.4.0.202007081208/tools/bin/../lib/gcc/arm-none-eabi/7.3.1/../../../../arm-none-eabi/lib/thumb/v7-m\libc_nano.a(lib_a-impure.o)
 .ARM.attributes
                0x0000000000000000       0x2d c:/st/stm32cubeide_1.4.0/stm32cubeide/plugins/com.st.stm32cube.ide.mcu.externaltools.gnu-tools-for-stm32.7-2018-q2-update.win32_1.4.0.202007081208/tools/bin/../lib/gcc/arm-none-eabi/7.3.1/../../../../arm-none-eabi/lib/thumb/v7-m\libc_nano.a(lib_a-impure.o)
 .text          0x0000000000000000        0x0 c:/st/stm32cubeide_1.4.0/stm32cubeide/plugins/com.st.stm32cube.ide.mcu.externaltools.gnu-tools-for-stm32.7-2018-q2-update.win32_1.4.0.202007081208/tools/bin/../lib/gcc/arm-none-eabi/7.3.1/../../../../arm-none-eabi/lib/thumb/v7-m\libc_nano.a(lib_a-init.o)
 .data          0x0000000000000000        0x0 c:/st/stm32cubeide_1.4.0/stm32cubeide/plugins/com.st.stm32cube.ide.mcu.externaltools.gnu-tools-for-stm32.7-2018-q2-update.win32_1.4.0.202007081208/tools/bin/../lib/gcc/arm-none-eabi/7.3.1/../../../../arm-none-eabi/lib/thumb/v7-m\libc_nano.a(lib_a-init.o)
 .bss           0x0000000000000000        0x0 c:/st/stm32cubeide_1.4.0/stm32cubeide/plugins/com.st.stm32cube.ide.mcu.externaltools.gnu-tools-for-stm32.7-2018-q2-update.win32_1.4.0.202007081208/tools/bin/../lib/gcc/arm-none-eabi/7.3.1/../../../../arm-none-eabi/lib/thumb/v7-m\libc_nano.a(lib_a-init.o)
 .text          0x0000000000000000        0x0 c:/st/stm32cubeide_1.4.0/stm32cubeide/plugins/com.st.stm32cube.ide.mcu.externaltools.gnu-tools-for-stm32.7-2018-q2-update.win32_1.4.0.202007081208/tools/bin/../lib/gcc/arm-none-eabi/7.3.1/../../../../arm-none-eabi/lib/thumb/v7-m\libc_nano.a(lib_a-memset.o)
 .data          0x0000000000000000        0x0 c:/st/stm32cubeide_1.4.0/stm32cubeide/plugins/com.st.stm32cube.ide.mcu.externaltools.gnu-tools-for-stm32.7-2018-q2-update.win32_1.4.0.202007081208/tools/bin/../lib/gcc/arm-none-eabi/7.3.1/../../../../arm-none-eabi/lib/thumb/v7-m\libc_nano.a(lib_a-memset.o)
 .bss           0x0000000000000000        0x0 c:/st/stm32cubeide_1.4.0/stm32cubeide/plugins/com.st.stm32cube.ide.mcu.externaltools.gnu-tools-for-stm32.7-2018-q2-update.win32_1.4.0.202007081208/tools/bin/../lib/gcc/arm-none-eabi/7.3.1/../../../../arm-none-eabi/lib/thumb/v7-m\libc_nano.a(lib_a-memset.o)
 .text.memset   0x0000000000000000       0x10 c:/st/stm32cubeide_1.4.0/stm32cubeide/plugins/com.st.stm32cube.ide.mcu.externaltools.gnu-tools-for-stm32.7-2018-q2-update.win32_1.4.0.202007081208/tools/bin/../lib/gcc/arm-none-eabi/7.3.1/../../../../arm-none-eabi/lib/thumb/v7-m\libc_nano.a(lib_a-memset.o)
 .debug_frame   0x0000000000000000       0x20 c:/st/stm32cubeide_1.4.0/stm32cubeide/plugins/com.st.stm32cube.ide.mcu.externaltools.gnu-tools-for-stm32.7-2018-q2-update.win32_1.4.0.202007081208/tools/bin/../lib/gcc/arm-none-eabi/7.3.1/../../../../arm-none-eabi/lib/thumb/v7-m\libc_nano.a(lib_a-memset.o)
 .ARM.attributes
                0x0000000000000000       0x2d c:/st/stm32cubeide_1.4.0/stm32cubeide/plugins/com.st.stm32cube.ide.mcu.externaltools.gnu-tools-for-stm32.7-2018-q2-update.win32_1.4.0.202007081208/tools/bin/../lib/gcc/arm-none-eabi/7.3.1/../../../../arm-none-eabi/lib/thumb/v7-m\libc_nano.a(lib_a-memset.o)
 .text          0x0000000000000000        0x0 c:/st/stm32cubeide_1.4.0/stm32cubeide/plugins/com.st.stm32cube.ide.mcu.externaltools.gnu-tools-for-stm32.7-2018-q2-update.win32_1.4.0.202007081208/tools/bin/../lib/gcc/arm-none-eabi/7.3.1/thumb/v7-m/crtend.o
 .data          0x0000000000000000        0x0 c:/st/stm32cubeide_1.4.0/stm32cubeide/plugins/com.st.stm32cube.ide.mcu.externaltools.gnu-tools-for-stm32.7-2018-q2-update.win32_1.4.0.202007081208/tools/bin/../lib/gcc/arm-none-eabi/7.3.1/thumb/v7-m/crtend.o
 .bss           0x0000000000000000        0x0 c:/st/stm32cubeide_1.4.0/stm32cubeide/plugins/com.st.stm32cube.ide.mcu.externaltools.gnu-tools-for-stm32.7-2018-q2-update.win32_1.4.0.202007081208/tools/bin/../lib/gcc/arm-none-eabi/7.3.1/thumb/v7-m/crtend.o
 .eh_frame      0x0000000000000000        0x4 c:/st/stm32cubeide_1.4.0/stm32cubeide/plugins/com.st.stm32cube.ide.mcu.externaltools.gnu-tools-for-stm32.7-2018-q2-update.win32_1.4.0.202007081208/tools/bin/../lib/gcc/arm-none-eabi/7.3.1/thumb/v7-m/crtend.o
 .ARM.attributes
                0x0000000000000000       0x2d c:/st/stm32cubeide_1.4.0/stm32cubeide/plugins/com.st.stm32cube.ide.mcu.externaltools.gnu-tools-for-stm32.7-2018-q2-update.win32_1.4.0.202007081208/tools/bin/../lib/gcc/arm-none-eabi/7.3.1/thumb/v7-m/crtend.o
 .text          0x0000000000000000        0x0 c:/st/stm32cubeide_1.4.0/stm32cubeide/plugins/com.st.stm32cube.ide.mcu.externaltools.gnu-tools-for-stm32.7-2018-q2-update.win32_1.4.0.202007081208/tools/bin/../lib/gcc/arm-none-eabi/7.3.1/thumb/v7-m/crtn.o
 .data          0x0000000000000000        0x0 c:/st/stm32cubeide_1.4.0/stm32cubeide/plugins/com.st.stm32cube.ide.mcu.externaltools.gnu-tools-for-stm32.7-2018-q2-update.win32_1.4.0.202007081208/tools/bin/../lib/gcc/arm-none-eabi/7.3.1/thumb/v7-m/crtn.o
 .bss           0x0000000000000000        0x0 c:/st/stm32cubeide_1.4.0/stm32cubeide/plugins/com.st.stm32cube.ide.mcu.externaltools.gnu-tools-for-stm32.7-2018-q2-update.win32_1.4.0.202007081208/tools/bin/../lib/gcc/arm-none-eabi/7.3.1/thumb/v7-m/crtn.o

Memory Configuration

Name             Origin             Length             Attributes
RAM              0x0000000020000000 0x0000000000002800 xrw
ROM              0x0000000008000000 0x0000000000008000 xr
*default*        0x0000000000000000 0xffffffffffffffff

Linker script and memory map

LOAD c:/st/stm32cubeide_1.4.0/stm32cubeide/plugins/com.st.stm32cube.ide.mcu.externaltools.gnu-tools-for-stm32.7-2018-q2-update.win32_1.4.0.202007081208/tools/bin/../lib/gcc/arm-none-eabi/7.3.1/thumb/v7-m/crti.o
LOAD c:/st/stm32cubeide_1.4.0/stm32cubeide/plugins/com.st.stm32cube.ide.mcu.externaltools.gnu-tools-for-stm32.7-2018-q2-update.win32_1.4.0.202007081208/tools/bin/../lib/gcc/arm-none-eabi/7.3.1/thumb/v7-m/crtbegin.o
LOAD c:/st/stm32cubeide_1.4.0/stm32cubeide/plugins/com.st.stm32cube.ide.mcu.externaltools.gnu-tools-for-stm32.7-2018-q2-update.win32_1.4.0.202007081208/tools/bin/../lib/gcc/arm-none-eabi/7.3.1/../../../../arm-none-eabi/lib/thumb/v7-m/crt0.o
LOAD HAL/Kepad_Driver/keypad.o
LOAD HAL/LCD_Driver/lcd.o
LOAD HAL/Servo_Motor/Servo_Motor.o
LOAD MCAL/GPIO/stm32_f103c6_gpio_drivers.o
LOAD MCAL/RCC/stm32_f103c6_RCC_driver.o
LOAD MCAL/Timer/Timer.o
LOAD MCAL/UART/stm32_f103c6_USART_drivers.o
LOAD Src/main.o
LOAD Src/syscalls.o
LOAD Src/sysmem.o
LOAD Startup/startup_stm32f103c6tx.o
START GROUP
LOAD c:/st/stm32cubeide_1.4.0/stm32cubeide/plugins/com.st.stm32cube.ide.mcu.externaltools.gnu-tools-for-stm32.7-2018-q2-update.win32_1.4.0.202007081208/tools/bin/../lib/gcc/arm-none-eabi/7.3.1/../../../../arm-none-eabi/lib/thumb/v7-m\libc_nano.a
LOAD c:/st/stm32cubeide_1.4.0/stm32cubeide/plugins/com.st.stm32cube.ide.mcu.externaltools.gnu-tools-for-stm32.7-2018-q2-update.win32_1.4.0.202007081208/tools/bin/../lib/gcc/arm-none-eabi/7.3.1/../../../../arm-none-eabi/lib/thumb/v7-m\libm.a
END GROUP
START GROUP
LOAD c:/st/stm32cubeide_1.4.0/stm32cubeide/plugins/com.st.stm32cube.ide.mcu.externaltools.gnu-tools-for-stm32.7-2018-q2-update.win32_1.4.0.202007081208/tools/bin/../lib/gcc/arm-none-eabi/7.3.1/thumb/v7-m\libgcc.a
LOAD c:/st/stm32cubeide_1.4.0/stm32cubeide/plugins/com.st.stm32cube.ide.mcu.externaltools.gnu-tools-for-stm32.7-2018-q2-update.win32_1.4.0.202007081208/tools/bin/../lib/gcc/arm-none-eabi/7.3.1/../../../../arm-none-eabi/lib/thumb/v7-m\libg_nano.a
LOAD c:/st/stm32cubeide_1.4.0/stm32cubeide/plugins/com.st.stm32cube.ide.mcu.externaltools.gnu-tools-for-stm32.7-2018-q2-update.win32_1.4.0.202007081208/tools/bin/../lib/gcc/arm-none-eabi/7.3.1/../../../../arm-none-eabi/lib/thumb/v7-m\libc_nano.a
END GROUP
START GROUP
LOAD c:/st/stm32cubeide_1.4.0/stm32cubeide/plugins/com.st.stm32cube.ide.mcu.externaltools.gnu-tools-for-stm32.7-2018-q2-update.win32_1.4.0.202007081208/tools/bin/../lib/gcc/arm-none-eabi/7.3.1/thumb/v7-m\libgcc.a
LOAD c:/st/stm32cubeide_1.4.0/stm32cubeide/plugins/com.st.stm32cube.ide.mcu.externaltools.gnu-tools-for-stm32.7-2018-q2-update.win32_1.4.0.202007081208/tools/bin/../lib/gcc/arm-none-eabi/7.3.1/../../../../arm-none-eabi/lib/thumb/v7-m\libc_nano.a
LOAD c:/st/stm32cubeide_1.4.0/stm32cubeide/plugins/com.st.stm32cube.ide.mcu.externaltools.gnu-tools-for-stm32.7-2018-q2-update.win32_1.4.0.202007081208/tools/bin/../lib/gcc/arm-none-eabi/7.3.1/../../../../arm-none-eabi/lib/thumb/v7-m\libnosys.a
END GROUP
START GROUP
LOAD c:/st/stm32cubeide_1.4.0/stm32cubeide/plugins/com.st.stm32cube.ide.mcu.externaltools.gnu-tools-for-stm32.7-2018-q2-update.win32_1.4.0.202007081208/tools/bin/../lib/gcc/arm-none-eabi/7.3.1/thumb/v7-m\libgcc.a
LOAD c:/st/stm32cubeide_1.4.0/stm32cubeide/plugins/com.st.stm32cube.ide.mcu.externaltools.gnu-tools-for-stm32.7-2018-q2-update.win32_1.4.0.202007081208/tools/bin/../lib/gcc/arm-none-eabi/7.3.1/../../../../arm-none-eabi/lib/thumb/v7-m\libc_nano.a
LOAD c:/st/stm32cubeide_1.4.0/stm32cubeide/plugins/com.st.stm32cube.ide.mcu.externaltools.gnu-tools-for-stm32.7-2018-q2-update.win32_1.4.0.202007081208/tools/bin/../lib/gcc/arm-none-eabi/7.3.1/../../../../arm-none-eabi/lib/thumb/v7-m\libnosys.a
END GROUP
LOAD c:/st/stm32cubeide_1.4.0/stm32cubeide/plugins/com.st.stm32cube.ide.mcu.externaltools.gnu-tools-for-stm32.7-2018-q2-update.win32_1.4.0.202007081208/tools/bin/../lib/gcc/arm-none-eabi/7.3.1/thumb/v7-m/crtend.o
LOAD c:/st/stm32cubeide_1.4.0/stm32cubeide/plugins/com.st.stm32cube.ide.mcu.externaltools.gnu-tools-for-stm32.7-2018-q2-update.win32_1.4.0.202007081208/tools/bin/../lib/gcc/arm-none-eabi/7.3.1/thumb/v7-m/crtn.o
                0x0000000020002800                _estack = (ORIGIN (RAM) + LENGTH (RAM))
                0x0000000000000200                _Min_Heap_Size = 0x200
                0x0000000000000400                _Min_Stack_Size = 0x400

.isr_vector     0x0000000008000000      0x130
                0x0000000008000000                . = ALIGN (0x4)
 *(.isr_vector)
 .isr_vector    0x0000000008000000      0x130 Startup/startup_stm32f103c6tx.o
                0x0000000008000000                g_pfnVectors
                0x0000000008000130                . = ALIGN (0x4)

.text           0x0000000008000130     0x1c38
                0x0000000008000130                . = ALIGN (0x4)
 *(.text)
 .text          0x0000000008000130       0x40 c:/st/stm32cubeide_1.4.0/stm32cubeide/plugins/com.st.stm32cube.ide.mcu.externaltools.gnu-tools-for-stm32.7-2018-q2-update.win32_1.4.0.202007081208/tools/bin/../lib/gcc/arm-none-eabi/7.3.1/thumb/v7-m/crtbegin.o
 *(.text*)
 .text.keypad_init
                0x0000000008000170       0x74 HAL/Kepad_Driver/keypad.o
                0x0000000008000170                keypad_init
 .text.keypad_get_key
                0x00000000080001e4       0xcc HAL/Kepad_Driver/keypad.o
                0x00000000080001e4                keypad_get_key
 .text.delay_ms
                0x00000000080002b0       0x38 HAL/LCD_Driver/lcd.o
                0x00000000080002b0                delay_ms
 .text.lcd_init
                0x00000000080002e8      0x23c HAL/LCD_Driver/lcd.o
                0x00000000080002e8                lcd_init
 .text.lcd_kick
                0x0000000008000524       0x78 HAL/LCD_Driver/lcd.o
                0x0000000008000524                lcd_kick
 .text.lcd_write_char
                0x000000000800059c      0x194 HAL/LCD_Driver/lcd.o
                0x000000000800059c                lcd_write_char
 .text.lcd_write_string
                0x0000000008000730       0xc4 HAL/LCD_Driver/lcd.o
                0x0000000008000730                lcd_write_string
 .text.lcd_write_command
                0x00000000080007f4      0x194 HAL/LCD_Driver/lcd.o
                0x00000000080007f4                lcd_write_command
 .text.lcd_goto_xy
                0x0000000008000988      0x150 HAL/LCD_Driver/lcd.o
                0x0000000008000988                lcd_goto_xy
 .text.lcd_clear
                0x0000000008000ad8       0x3c HAL/LCD_Driver/lcd.o
                0x0000000008000ad8                lcd_clear
 .text.Servo1_Entry_Gate_Init
                0x0000000008000b14       0x2c HAL/Servo_Motor/Servo_Motor.o
                0x0000000008000b14                Servo1_Entry_Gate_Init
 .text.Servo1_Entry_Gate
                0x0000000008000b40       0x64 HAL/Servo_Motor/Servo_Motor.o
                0x0000000008000b40                Servo1_Entry_Gate
 .text.Servo2_Exit_Gate_Init
                0x0000000008000ba4       0x2c HAL/Servo_Motor/Servo_Motor.o
                0x0000000008000ba4                Servo2_Exit_Gate_Init
 .text.Servo2_Exit_Gate
                0x0000000008000bd0       0x64 HAL/Servo_Motor/Servo_Motor.o
                0x0000000008000bd0                Servo2_Exit_Gate
 .text.get_position
                0x0000000008000c34       0xc6 MCAL/GPIO/stm32_f103c6_gpio_drivers.o
                0x0000000008000c34                get_position
 .text.MCAL_GPIO_Init
                0x0000000008000cfa      0x10a MCAL/GPIO/stm32_f103c6_gpio_drivers.o
                0x0000000008000cfa                MCAL_GPIO_Init
 .text.MCAL_GPIO_ReadPin
                0x0000000008000e04       0x32 MCAL/GPIO/stm32_f103c6_gpio_drivers.o
                0x0000000008000e04                MCAL_GPIO_ReadPin
 .text.MCAL_GPIO_WritePin
                0x0000000008000e36       0x3c MCAL/GPIO/stm32_f103c6_gpio_drivers.o
                0x0000000008000e36                MCAL_GPIO_WritePin
 *fill*         0x0000000008000e72        0x2 
 .text.MCAL_RCC_getPCLK1Freq
                0x0000000008000e74       0x28 MCAL/RCC/stm32_f103c6_RCC_driver.o
                0x0000000008000e74                MCAL_RCC_getPCLK1Freq
 .text.MCAL_RCC_getPCLK2Freq
                0x0000000008000e9c       0x28 MCAL/RCC/stm32_f103c6_RCC_driver.o
                0x0000000008000e9c                MCAL_RCC_getPCLK2Freq
 .text.MCAL_RCC_getHCLKFreq
                0x0000000008000ec4       0x28 MCAL/RCC/stm32_f103c6_RCC_driver.o
                0x0000000008000ec4                MCAL_RCC_getHCLKFreq
 .text.MCAL_RCC_getSysCLKFreq
                0x0000000008000eec       0x3c MCAL/RCC/stm32_f103c6_RCC_driver.o
                0x0000000008000eec                MCAL_RCC_getSysCLKFreq
 .text.Timer2_init
                0x0000000008000f28       0x50 MCAL/Timer/Timer.o
                0x0000000008000f28                Timer2_init
 .text.dus      0x0000000008000f78       0x28 MCAL/Timer/Timer.o
                0x0000000008000f78                dus
 .text.dms      0x0000000008000fa0       0x30 MCAL/Timer/Timer.o
                0x0000000008000fa0                dms
 .text.MCAL_UART_Init
                0x0000000008000fd0      0x1d8 MCAL/UART/stm32_f103c6_USART_drivers.o
                0x0000000008000fd0                MCAL_UART_Init
 .text.MCAL_UART_GPIO_Set_Pins
                0x00000000080011a8      0x1d8 MCAL/UART/stm32_f103c6_USART_drivers.o
                0x00000000080011a8                MCAL_UART_GPIO_Set_Pins
 .text.MCAL_UART_SendData
                0x0000000008001380       0xd8 MCAL/UART/stm32_f103c6_USART_drivers.o
                0x0000000008001380                MCAL_UART_SendData
 .text.MCAL_UART_ReceiveData
                0x0000000008001458      0x174 MCAL/UART/stm32_f103c6_USART_drivers.o
                0x0000000008001458                MCAL_UART_ReceiveData
 .text.USART1_IRQHandler
                0x00000000080015cc       0x14 MCAL/UART/stm32_f103c6_USART_drivers.o
                0x00000000080015cc                USART1_IRQHandler
 .text.USART2_IRQHandler
                0x00000000080015e0       0x14 MCAL/UART/stm32_f103c6_USART_drivers.o
                0x00000000080015e0                USART2_IRQHandler
 .text.USART3_IRQHandler
                0x00000000080015f4       0x14 MCAL/UART/stm32_f103c6_USART_drivers.o
                0x00000000080015f4                USART3_IRQHandler
 .text.Usart1_Handler_ISR
                0x0000000008001608      0x198 Src/main.o
                0x0000000008001608                Usart1_Handler_ISR
 .text.Usart2_Handler_ISR
                0x00000000080017a0      0x174 Src/main.o
                0x00000000080017a0                Usart2_Handler_ISR
 .text.main     0x0000000008001914       0x44 Src/main.o
                0x0000000008001914                main
 .text.LEDS_Init
                0x0000000008001958       0x58 Src/main.o
                0x0000000008001958                LEDS_Init
 .text.PIR_Init
                0x00000000080019b0       0x38 Src/main.o
                0x00000000080019b0                PIR_Init
 .text.clock_init
                0x00000000080019e8       0x34 Src/main.o
                0x00000000080019e8                clock_init
 .text.Welcome_message
                0x0000000008001a1c       0xac Src/main.o
                0x0000000008001a1c                Welcome_message
 .text.print_slots_counter
                0x0000000008001ac8       0x44 Src/main.o
                0x0000000008001ac8                print_slots_counter
 .text.UART1_UART2_Init
                0x0000000008001b0c       0x84 Src/main.o
                0x0000000008001b0c                UART1_UART2_Init
 .text.Admin_Set_IDs
                0x0000000008001b90      0x124 Src/main.o
                0x0000000008001b90                Admin_Set_IDs
 .text.Reset_Handler
                0x0000000008001cb4       0x50 Startup/startup_stm32f103c6tx.o
                0x0000000008001cb4                Reset_Handler
 .text.Default_Handler
                0x0000000008001d04        0x2 Startup/startup_stm32f103c6tx.o
                0x0000000008001d04                EXTI2_IRQHandler
                0x0000000008001d04                TIM8_TRG_COM_IRQHandler
                0x0000000008001d04                TIM8_CC_IRQHandler
                0x0000000008001d04                DebugMon_Handler
                0x0000000008001d04                TIM1_CC_IRQHandler
                0x0000000008001d04                HardFault_Handler
                0x0000000008001d04                TIM6_IRQHandler
                0x0000000008001d04                SysTick_Handler
                0x0000000008001d04                PVD_IRQHandler
                0x0000000008001d04                SDIO_IRQHandler
                0x0000000008001d04                PendSV_Handler
                0x0000000008001d04                NMI_Handler
                0x0000000008001d04                EXTI3_IRQHandler
                0x0000000008001d04                USB_HP_CAN_TX_IRQHandler
                0x0000000008001d04                EXTI0_IRQHandler
                0x0000000008001d04                I2C2_EV_IRQHandler
                0x0000000008001d04                UsageFault_Handler
                0x0000000008001d04                ADC1_2_IRQHandler
                0x0000000008001d04                SPI1_IRQHandler
                0x0000000008001d04                CAN_SCE_IRQHandler
                0x0000000008001d04                TAMPER_IRQHandler
                0x0000000008001d04                TIM8_UP_IRQHandler
                0x0000000008001d04                DMA2_Channel2_IRQHandler
                0x0000000008001d04                DMA1_Channel4_IRQHandler
                0x0000000008001d04                RTC_IRQHandler
                0x0000000008001d04                DMA1_Channel7_IRQHandler
                0x0000000008001d04                UART5_IRQHandler
                0x0000000008001d04                ADC3_IRQHandler
                0x0000000008001d04                TIM4_IRQHandler
                0x0000000008001d04                CAN_RX1_IRQHandler
                0x0000000008001d04                DMA2_Channel1_IRQHandler
                0x0000000008001d04                I2C1_EV_IRQHandler
                0x0000000008001d04                DMA1_Channel6_IRQHandler
                0x0000000008001d04                UART4_IRQHandler
                0x0000000008001d04                TIM3_IRQHandler
                0x0000000008001d04                RCC_IRQHandler
                0x0000000008001d04                TIM1_TRG_COM_IRQHandler
                0x0000000008001d04                DMA1_Channel1_IRQHandler
                0x0000000008001d04                Default_Handler
                0x0000000008001d04                EXTI15_10_IRQHandler
                0x0000000008001d04                TIM7_IRQHandler
                0x0000000008001d04                TIM5_IRQHandler
                0x0000000008001d04                EXTI9_5_IRQHandler
                0x0000000008001d04                SPI2_IRQHandler
                0x0000000008001d04                USB_LP_CAN_RX0_IRQHandler
                0x0000000008001d04                MemManage_Handler
                0x0000000008001d04                SVC_Handler
                0x0000000008001d04                DMA1_Channel5_IRQHandler
                0x0000000008001d04                EXTI4_IRQHandler
                0x0000000008001d04                DMA1_Channel3_IRQHandler
                0x0000000008001d04                FSMC_IRQHandler
                0x0000000008001d04                TIM1_UP_IRQHandler
                0x0000000008001d04                WWDG_IRQHandler
                0x0000000008001d04                TIM2_IRQHandler
                0x0000000008001d04                TIM1_BRK_IRQHandler
                0x0000000008001d04                EXTI1_IRQHandler
                0x0000000008001d04                RTCAlarm_IRQHandler
                0x0000000008001d04                DMA2_Channel4_5_IRQHandler
                0x0000000008001d04                I2C2_ER_IRQHandler
                0x0000000008001d04                DMA1_Channel2_IRQHandler
                0x0000000008001d04                TIM8_BRK_IRQHandler
                0x0000000008001d04                FLASH_IRQHandler
                0x0000000008001d04                BusFault_Handler
                0x0000000008001d04                SPI3_IRQHandler
                0x0000000008001d04                I2C1_ER_IRQHandler
                0x0000000008001d04                DMA2_Channel3_IRQHandler
 *fill*         0x0000000008001d06        0x2 
 .text.__libc_init_array
                0x0000000008001d08       0x48 c:/st/stm32cubeide_1.4.0/stm32cubeide/plugins/com.st.stm32cube.ide.mcu.externaltools.gnu-tools-for-stm32.7-2018-q2-update.win32_1.4.0.202007081208/tools/bin/../lib/gcc/arm-none-eabi/7.3.1/../../../../arm-none-eabi/lib/thumb/v7-m\libc_nano.a(lib_a-init.o)
                0x0000000008001d08                __libc_init_array
 *(.glue_7)
 .glue_7        0x0000000008001d50        0x0 linker stubs
 *(.glue_7t)
 .glue_7t       0x0000000008001d50        0x0 linker stubs
 *(.eh_frame)
 .eh_frame      0x0000000008001d50        0x0 c:/st/stm32cubeide_1.4.0/stm32cubeide/plugins/com.st.stm32cube.ide.mcu.externaltools.gnu-tools-for-stm32.7-2018-q2-update.win32_1.4.0.202007081208/tools/bin/../lib/gcc/arm-none-eabi/7.3.1/thumb/v7-m/crtbegin.o
 *(.init)
 .init          0x0000000008001d50        0x4 c:/st/stm32cubeide_1.4.0/stm32cubeide/plugins/com.st.stm32cube.ide.mcu.externaltools.gnu-tools-for-stm32.7-2018-q2-update.win32_1.4.0.202007081208/tools/bin/../lib/gcc/arm-none-eabi/7.3.1/thumb/v7-m/crti.o
                0x0000000008001d50                _init
 .init          0x0000000008001d54        0x8 c:/st/stm32cubeide_1.4.0/stm32cubeide/plugins/com.st.stm32cube.ide.mcu.externaltools.gnu-tools-for-stm32.7-2018-q2-update.win32_1.4.0.202007081208/tools/bin/../lib/gcc/arm-none-eabi/7.3.1/thumb/v7-m/crtn.o
 *(.fini)
 .fini          0x0000000008001d5c        0x4 c:/st/stm32cubeide_1.4.0/stm32cubeide/plugins/com.st.stm32cube.ide.mcu.externaltools.gnu-tools-for-stm32.7-2018-q2-update.win32_1.4.0.202007081208/tools/bin/../lib/gcc/arm-none-eabi/7.3.1/thumb/v7-m/crti.o
                0x0000000008001d5c                _fini
 .fini          0x0000000008001d60        0x8 c:/st/stm32cubeide_1.4.0/stm32cubeide/plugins/com.st.stm32cube.ide.mcu.externaltools.gnu-tools-for-stm32.7-2018-q2-update.win32_1.4.0.202007081208/tools/bin/../lib/gcc/arm-none-eabi/7.3.1/thumb/v7-m/crtn.o
                0x0000000008001d68                . = ALIGN (0x4)
                0x0000000008001d68                _etext = .

.vfp11_veneer   0x0000000008001d68        0x0
 .vfp11_veneer  0x0000000008001d68        0x0 linker stubs

.v4_bx          0x0000000008001d68        0x0
 .v4_bx         0x0000000008001d68        0x0 linker stubs

.iplt           0x0000000008001d68        0x0
 .iplt          0x0000000008001d68        0x0 c:/st/stm32cubeide_1.4.0/stm32cubeide/plugins/com.st.stm32cube.ide.mcu.externaltools.gnu-tools-for-stm32.7-2018-q2-update.win32_1.4.0.202007081208/tools/bin/../lib/gcc/arm-none-eabi/7.3.1/thumb/v7-m/crtbegin.o

.rodata         0x0000000008001d68      0x164
                0x0000000008001d68                . = ALIGN (0x4)
 *(.rodata)
 .rodata        0x0000000008001d68        0xc HAL/Kepad_Driver/keypad.o
 .rodata        0x0000000008001d74      0x13d Src/main.o
 *(.rodata*)
 *fill*         0x0000000008001eb1        0x3 
 .rodata.APBPrescaler_table
                0x0000000008001eb4        0x8 MCAL/RCC/stm32_f103c6_RCC_driver.o
                0x0000000008001eb4                APBPrescaler_table
 .rodata.AHBPrescaler_table
                0x0000000008001ebc       0x10 MCAL/RCC/stm32_f103c6_RCC_driver.o
                0x0000000008001ebc                AHBPrescaler_table
                0x0000000008001ecc                . = ALIGN (0x4)

.rel.dyn        0x0000000008001ecc        0x0
 .rel.iplt      0x0000000008001ecc        0x0 c:/st/stm32cubeide_1.4.0/stm32cubeide/plugins/com.st.stm32cube.ide.mcu.externaltools.gnu-tools-for-stm32.7-2018-q2-update.win32_1.4.0.202007081208/tools/bin/../lib/gcc/arm-none-eabi/7.3.1/thumb/v7-m/crtbegin.o

.ARM.extab      0x0000000008001ecc        0x0
                0x0000000008001ecc                . = ALIGN (0x4)
 *(.ARM.extab* .gnu.linkonce.armextab.*)
                0x0000000008001ecc                . = ALIGN (0x4)

.ARM            0x0000000008001ecc        0x0
                0x0000000008001ecc                . = ALIGN (0x4)
                0x0000000008001ecc                __exidx_start = .
 *(.ARM.exidx*)
                0x0000000008001ecc                __exidx_end = .
                0x0000000008001ecc                . = ALIGN (0x4)

.preinit_array  0x0000000008001ecc        0x0
                0x0000000008001ecc                . = ALIGN (0x4)
                0x0000000008001ecc                PROVIDE (__preinit_array_start = .)
 *(.preinit_array*)
                0x0000000008001ecc                PROVIDE (__preinit_array_end = .)
                0x0000000008001ecc                . = ALIGN (0x4)

.init_array     0x0000000008001ecc        0x4
                0x0000000008001ecc                . = ALIGN (0x4)
                0x0000000008001ecc                PROVIDE (__init_array_start = .)
 *(SORT_BY_NAME(.init_array.*))
 *(.init_array*)
 .init_array    0x0000000008001ecc        0x4 c:/st/stm32cubeide_1.4.0/stm32cubeide/plugins/com.st.stm32cube.ide.mcu.externaltools.gnu-tools-for-stm32.7-2018-q2-update.win32_1.4.0.202007081208/tools/bin/../lib/gcc/arm-none-eabi/7.3.1/thumb/v7-m/crtbegin.o
                0x0000000008001ed0                PROVIDE (__init_array_end = .)
                0x0000000008001ed0                . = ALIGN (0x4)

.fini_array     0x0000000008001ed0        0x4
                0x0000000008001ed0                . = ALIGN (0x4)
                [!provide]                        PROVIDE (__fini_array_start = .)
 *(SORT_BY_NAME(.fini_array.*))
 *(.fini_array*)
 .fini_array    0x0000000008001ed0        0x4 c:/st/stm32cubeide_1.4.0/stm32cubeide/plugins/com.st.stm32cube.ide.mcu.externaltools.gnu-tools-for-stm32.7-2018-q2-update.win32_1.4.0.202007081208/tools/bin/../lib/gcc/arm-none-eabi/7.3.1/thumb/v7-m/crtbegin.o
                [!provide]                        PROVIDE (__fini_array_end = .)
                0x0000000008001ed4                . = ALIGN (0x4)
                0x0000000008001ed4                _sidata = LOADADDR (.data)

.data           0x0000000020000000       0x4c load address 0x0000000008001ed4
                0x0000000020000000                . = ALIGN (0x4)
                0x0000000020000000                _sdata = .
 *(.data)
 *(.data*)
 .data.col      0x0000000020000000        0x6 HAL/Kepad_Driver/keypad.o
                0x0000000020000000                col
 *fill*         0x0000000020000006        0x2 
 .data.row      0x0000000020000008        0x8 HAL/Kepad_Driver/keypad.o
                0x0000000020000008                row
 .data.LCD_data_pins
                0x0000000020000010       0x10 HAL/LCD_Driver/lcd.o
                0x0000000020000010                LCD_data_pins
 .data.LCD1     0x0000000020000020       0x14 Src/main.o
                0x0000000020000020                LCD1
 .data.LCD2     0x0000000020000034       0x14 Src/main.o
                0x0000000020000034                LCD2
 .data.slots_counter
                0x0000000020000048        0x4 Src/main.o
                0x0000000020000048                slots_counter
                0x000000002000004c                . = ALIGN (0x4)
                0x000000002000004c                _edata = .

.igot.plt       0x000000002000004c        0x0 load address 0x0000000008001f20
 .igot.plt      0x000000002000004c        0x0 c:/st/stm32cubeide_1.4.0/stm32cubeide/plugins/com.st.stm32cube.ide.mcu.externaltools.gnu-tools-for-stm32.7-2018-q2-update.win32_1.4.0.202007081208/tools/bin/../lib/gcc/arm-none-eabi/7.3.1/thumb/v7-m/crtbegin.o
                0x000000002000004c                . = ALIGN (0x4)

.bss            0x000000002000004c       0x74 load address 0x0000000008001f20
                0x000000002000004c                _sbss = .
                0x000000002000004c                __bss_start__ = _sbss
 *(.bss)
 .bss           0x000000002000004c       0x1c c:/st/stm32cubeide_1.4.0/stm32cubeide/plugins/com.st.stm32cube.ide.mcu.externaltools.gnu-tools-for-stm32.7-2018-q2-update.win32_1.4.0.202007081208/tools/bin/../lib/gcc/arm-none-eabi/7.3.1/thumb/v7-m/crtbegin.o
 *(.bss*)
 .bss.keypad_val
                0x0000000020000068        0x1 Src/main.o
                0x0000000020000068                keypad_val
 *(COMMON)
 *fill*         0x0000000020000069        0x3 
 COMMON         0x000000002000006c        0x4 HAL/LCD_Driver/lcd.o
                0x000000002000006c                pin_cfg
 COMMON         0x0000000020000070       0x48 MCAL/UART/stm32_f103c6_USART_drivers.o
                0x0000000020000070                Global_UART_config
 COMMON         0x00000000200000b8        0x7 Src/main.o
                0x00000000200000b8                Recieve_Buffer1
                0x00000000200000b9                Recieve_Buffer2
                0x00000000200000bc                Allowed_ID
                0x00000000200000c0                . = ALIGN (0x4)
 *fill*         0x00000000200000bf        0x1 
                0x00000000200000c0                _ebss = .
                0x00000000200000c0                __bss_end__ = _ebss

._user_heap_stack
                0x00000000200000c0      0x600 load address 0x0000000008001f20
                0x00000000200000c0                . = ALIGN (0x8)
                [!provide]                        PROVIDE (end = .)
                0x00000000200000c0                PROVIDE (_end = .)
                0x00000000200002c0                . = (. + _Min_Heap_Size)
 *fill*         0x00000000200000c0      0x200 
                0x00000000200006c0                . = (. + _Min_Stack_Size)
 *fill*         0x00000000200002c0      0x400 
                0x00000000200006c0                . = ALIGN (0x8)

/DISCARD/
 libc.a(*)
 libm.a(*)
 libgcc.a(*)

.ARM.attributes
                0x0000000000000000       0x29
 *(.ARM.attributes)
 .ARM.attributes
                0x0000000000000000       0x1d c:/st/stm32cubeide_1.4.0/stm32cubeide/plugins/com.st.stm32cube.ide.mcu.externaltools.gnu-tools-for-stm32.7-2018-q2-update.win32_1.4.0.202007081208/tools/bin/../lib/gcc/arm-none-eabi/7.3.1/thumb/v7-m/crti.o
 .ARM.attributes
                0x000000000000001d       0x2d c:/st/stm32cubeide_1.4.0/stm32cubeide/plugins/com.st.stm32cube.ide.mcu.externaltools.gnu-tools-for-stm32.7-2018-q2-update.win32_1.4.0.202007081208/tools/bin/../lib/gcc/arm-none-eabi/7.3.1/thumb/v7-m/crtbegin.o
 .ARM.attributes
                0x000000000000004a       0x33 HAL/Kepad_Driver/keypad.o
 .ARM.attributes
                0x000000000000007d       0x33 HAL/LCD_Driver/lcd.o
 .ARM.attributes
                0x00000000000000b0       0x33 HAL/Servo_Motor/Servo_Motor.o
 .ARM.attributes
                0x00000000000000e3       0x33 MCAL/GPIO/stm32_f103c6_gpio_drivers.o
 .ARM.attributes
                0x0000000000000116       0x33 MCAL/RCC/stm32_f103c6_RCC_driver.o
 .ARM.attributes
                0x0000000000000149       0x33 MCAL/Timer/Timer.o
 .ARM.attributes
                0x000000000000017c       0x33 MCAL/UART/stm32_f103c6_USART_drivers.o
 .ARM.attributes
                0x00000000000001af       0x33 Src/main.o
 .ARM.attributes
                0x00000000000001e2       0x21 Startup/startup_stm32f103c6tx.o
 .ARM.attributes
                0x0000000000000203       0x2d c:/st/stm32cubeide_1.4.0/stm32cubeide/plugins/com.st.stm32cube.ide.mcu.externaltools.gnu-tools-for-stm32.7-2018-q2-update.win32_1.4.0.202007081208/tools/bin/../lib/gcc/arm-none-eabi/7.3.1/../../../../arm-none-eabi/lib/thumb/v7-m\libc_nano.a(lib_a-init.o)
 .ARM.attributes
                0x0000000000000230       0x1d c:/st/stm32cubeide_1.4.0/stm32cubeide/plugins/com.st.stm32cube.ide.mcu.externaltools.gnu-tools-for-stm32.7-2018-q2-update.win32_1.4.0.202007081208/tools/bin/../lib/gcc/arm-none-eabi/7.3.1/thumb/v7-m/crtn.o
OUTPUT(Smart_Parking.elf elf32-littlearm)

.debug_info     0x0000000000000000     0x63f3
 .debug_info    0x0000000000000000      0xb55 HAL/Kepad_Driver/keypad.o
 .debug_info    0x0000000000000b55      0xdfe HAL/LCD_Driver/lcd.o
 .debug_info    0x0000000000001953      0xb19 HAL/Servo_Motor/Servo_Motor.o
 .debug_info    0x000000000000246c      0xd61 MCAL/GPIO/stm32_f103c6_gpio_drivers.o
 .debug_info    0x00000000000031cd      0xb25 MCAL/RCC/stm32_f103c6_RCC_driver.o
 .debug_info    0x0000000000003cf2      0xa06 MCAL/Timer/Timer.o
 .debug_info    0x00000000000046f8      0xe2f MCAL/UART/stm32_f103c6_USART_drivers.o
 .debug_info    0x0000000000005527      0xeaa Src/main.o
 .debug_info    0x00000000000063d1       0x22 Startup/startup_stm32f103c6tx.o

.debug_abbrev   0x0000000000000000      0xf85
 .debug_abbrev  0x0000000000000000      0x1b9 HAL/Kepad_Driver/keypad.o
 .debug_abbrev  0x00000000000001b9      0x230 HAL/LCD_Driver/lcd.o
 .debug_abbrev  0x00000000000003e9      0x1a6 HAL/Servo_Motor/Servo_Motor.o
 .debug_abbrev  0x000000000000058f      0x218 MCAL/GPIO/stm32_f103c6_gpio_drivers.o
 .debug_abbrev  0x00000000000007a7      0x19b MCAL/RCC/stm32_f103c6_RCC_driver.o
 .debug_abbrev  0x0000000000000942      0x1b9 MCAL/Timer/Timer.o
 .debug_abbrev  0x0000000000000afb      0x225 MCAL/UART/stm32_f103c6_USART_drivers.o
 .debug_abbrev  0x0000000000000d20      0x253 Src/main.o
 .debug_abbrev  0x0000000000000f73       0x12 Startup/startup_stm32f103c6tx.o

.debug_loc      0x0000000000000000      0xeea
 .debug_loc     0x0000000000000000       0xa0 HAL/Kepad_Driver/keypad.o
 .debug_loc     0x00000000000000a0      0x32c HAL/LCD_Driver/lcd.o
 .debug_loc     0x00000000000003cc      0x140 HAL/Servo_Motor/Servo_Motor.o
 .debug_loc     0x000000000000050c      0x330 MCAL/GPIO/stm32_f103c6_gpio_drivers.o
 .debug_loc     0x000000000000083c       0xc8 MCAL/RCC/stm32_f103c6_RCC_driver.o
 .debug_loc     0x0000000000000904       0xf0 MCAL/Timer/Timer.o
 .debug_loc     0x00000000000009f4      0x294 MCAL/UART/stm32_f103c6_USART_drivers.o
 .debug_loc     0x0000000000000c88      0x262 Src/main.o

.debug_aranges  0x0000000000000000      0x280
 .debug_aranges
                0x0000000000000000       0x28 HAL/Kepad_Driver/keypad.o
 .debug_aranges
                0x0000000000000028       0x68 HAL/LCD_Driver/lcd.o
 .debug_aranges
                0x0000000000000090       0x38 HAL/Servo_Motor/Servo_Motor.o
 .debug_aranges
                0x00000000000000c8       0x60 MCAL/GPIO/stm32_f103c6_gpio_drivers.o
 .debug_aranges
                0x0000000000000128       0x38 MCAL/RCC/stm32_f103c6_RCC_driver.o
 .debug_aranges
                0x0000000000000160       0x30 MCAL/Timer/Timer.o
 .debug_aranges
                0x0000000000000190       0x60 MCAL/UART/stm32_f103c6_USART_drivers.o
 .debug_aranges
                0x00000000000001f0       0x68 Src/main.o
 .debug_aranges
                0x0000000000000258       0x28 Startup/startup_stm32f103c6tx.o

.debug_ranges   0x0000000000000000      0x1f8
 .debug_ranges  0x0000000000000000       0x18 HAL/Kepad_Driver/keypad.o
 .debug_ranges  0x0000000000000018       0x58 HAL/LCD_Driver/lcd.o
 .debug_ranges  0x0000000000000070       0x28 HAL/Servo_Motor/Servo_Motor.o
 .debug_ranges  0x0000000000000098       0x50 MCAL/GPIO/stm32_f103c6_gpio_drivers.o
 .debug_ranges  0x00000000000000e8       0x28 MCAL/RCC/stm32_f103c6_RCC_driver.o
 .debug_ranges  0x0000000000000110       0x20 MCAL/Timer/Timer.o
 .debug_ranges  0x0000000000000130       0x50 MCAL/UART/stm32_f103c6_USART_drivers.o
 .debug_ranges  0x0000000000000180       0x58 Src/main.o
 .debug_ranges  0x00000000000001d8       0x20 Startup/startup_stm32f103c6tx.o

.debug_macro    0x0000000000000000     0x2a0b
 .debug_macro   0x0000000000000000      0x158 HAL/Kepad_Driver/keypad.o
 .debug_macro   0x0000000000000158      0xa60 HAL/Kepad_Driver/keypad.o
 .debug_macro   0x0000000000000bb8       0x22 HAL/Kepad_Driver/keypad.o
 .debug_macro   0x0000000000000bda       0x8e HAL/Kepad_Driver/keypad.o
 .debug_macro   0x0000000000000c68       0x51 HAL/Kepad_Driver/keypad.o
 .debug_macro   0x0000000000000cb9       0xef HAL/Kepad_Driver/keypad.o
 .debug_macro   0x0000000000000da8       0x6a HAL/Kepad_Driver/keypad.o
 .debug_macro   0x0000000000000e12      0x1df HAL/Kepad_Driver/keypad.o
 .debug_macro   0x0000000000000ff1       0x18 HAL/Kepad_Driver/keypad.o
 .debug_macro   0x0000000000001009       0x46 HAL/Kepad_Driver/keypad.o
 .debug_macro   0x000000000000104f       0x3c HAL/Kepad_Driver/keypad.o
 .debug_macro   0x000000000000108b       0x34 HAL/Kepad_Driver/keypad.o
 .debug_macro   0x00000000000010bf       0x16 HAL/Kepad_Driver/keypad.o
 .debug_macro   0x00000000000010d5      0x10e HAL/Kepad_Driver/keypad.o
 .debug_macro   0x00000000000011e3       0x8d HAL/Kepad_Driver/keypad.o
 .debug_macro   0x0000000000001270       0x52 HAL/Kepad_Driver/keypad.o
 .debug_macro   0x00000000000012c2       0x1f HAL/Kepad_Driver/keypad.o
 .debug_macro   0x00000000000012e1       0x43 HAL/Kepad_Driver/keypad.o
 .debug_macro   0x0000000000001324       0x20 HAL/Kepad_Driver/keypad.o
 .debug_macro   0x0000000000001344      0x1a3 HAL/Kepad_Driver/keypad.o
 .debug_macro   0x00000000000014e7      0x330 HAL/Kepad_Driver/keypad.o
 .debug_macro   0x0000000000001817       0x16 HAL/Kepad_Driver/keypad.o
 .debug_macro   0x000000000000182d       0x29 HAL/Kepad_Driver/keypad.o
 .debug_macro   0x0000000000001856      0x32a HAL/Kepad_Driver/keypad.o
 .debug_macro   0x0000000000001b80       0xd6 HAL/Kepad_Driver/keypad.o
 .debug_macro   0x0000000000001c56       0x40 HAL/Kepad_Driver/keypad.o
 .debug_macro   0x0000000000001c96      0x16b HAL/LCD_Driver/lcd.o
 .debug_macro   0x0000000000001e01       0x7c HAL/LCD_Driver/lcd.o
 .debug_macro   0x0000000000001e7d       0x40 HAL/LCD_Driver/lcd.o
 .debug_macro   0x0000000000001ebd      0x16b HAL/Servo_Motor/Servo_Motor.o
 .debug_macro   0x0000000000002028       0x10 HAL/Servo_Motor/Servo_Motor.o
 .debug_macro   0x0000000000002038      0x145 MCAL/GPIO/stm32_f103c6_gpio_drivers.o
 .debug_macro   0x000000000000217d      0x14e MCAL/RCC/stm32_f103c6_RCC_driver.o
 .debug_macro   0x00000000000022cb       0xdc MCAL/RCC/stm32_f103c6_RCC_driver.o
 .debug_macro   0x00000000000023a7       0x10 MCAL/RCC/stm32_f103c6_RCC_driver.o
 .debug_macro   0x00000000000023b7      0x14e MCAL/Timer/Timer.o
 .debug_macro   0x0000000000002505      0x15d MCAL/UART/stm32_f103c6_USART_drivers.o
 .debug_macro   0x0000000000002662       0xe2 MCAL/UART/stm32_f103c6_USART_drivers.o
 .debug_macro   0x0000000000002744      0x1b9 Src/main.o
 .debug_macro   0x00000000000028fd       0x46 Src/main.o
 .debug_macro   0x0000000000002943       0x82 Src/main.o
 .debug_macro   0x00000000000029c5       0x46 Src/main.o

.debug_line     0x0000000000000000     0x365b
 .debug_line    0x0000000000000000      0x635 HAL/Kepad_Driver/keypad.o
 .debug_line    0x0000000000000635      0x8ce HAL/LCD_Driver/lcd.o
 .debug_line    0x0000000000000f03      0x603 HAL/Servo_Motor/Servo_Motor.o
 .debug_line    0x0000000000001506      0x685 MCAL/GPIO/stm32_f103c6_gpio_drivers.o
 .debug_line    0x0000000000001b8b      0x5b2 MCAL/RCC/stm32_f103c6_RCC_driver.o
 .debug_line    0x000000000000213d      0x5a1 MCAL/Timer/Timer.o
 .debug_line    0x00000000000026de      0x75b MCAL/UART/stm32_f103c6_USART_drivers.o
 .debug_line    0x0000000000002e39      0x79e Src/main.o
 .debug_line    0x00000000000035d7       0x84 Startup/startup_stm32f103c6tx.o

.debug_str      0x0000000000000000     0x94ab
 .debug_str     0x0000000000000000     0x8319 HAL/Kepad_Driver/keypad.o
                                       0x8585 (size before relaxing)
 .debug_str     0x0000000000008319      0x506 HAL/LCD_Driver/lcd.o
                                       0x89bc (size before relaxing)
 .debug_str     0x000000000000881f       0xac HAL/Servo_Motor/Servo_Motor.o
                                       0x871d (size before relaxing)
 .debug_str     0x00000000000088cb      0x14e MCAL/GPIO/stm32_f103c6_gpio_drivers.o
                                       0x85e6 (size before relaxing)
 .debug_str     0x0000000000008a19      0x104 MCAL/RCC/stm32_f103c6_RCC_driver.o
                                       0x8590 (size before relaxing)
 .debug_str     0x0000000000008b1d       0x22 MCAL/Timer/Timer.o
                                       0x8629 (size before relaxing)
 .debug_str     0x0000000000008b3f      0x7fb MCAL/UART/stm32_f103c6_USART_drivers.o
                                       0x8d53 (size before relaxing)
 .debug_str     0x000000000000933a      0x140 Src/main.o
                                       0x9269 (size before relaxing)
 .debug_str     0x000000000000947a       0x31 Startup/startup_stm32f103c6tx.o
                                         0x75 (size before relaxing)

.comment        0x0000000000000000       0x7b
 .comment       0x0000000000000000       0x7b HAL/Kepad_Driver/keypad.o
                                         0x7c (size before relaxing)
 .comment       0x000000000000007b       0x7c HAL/LCD_Driver/lcd.o
 .comment       0x000000000000007b       0x7c HAL/Servo_Motor/Servo_Motor.o
 .comment       0x000000000000007b       0x7c MCAL/GPIO/stm32_f103c6_gpio_drivers.o
 .comment       0x000000000000007b       0x7c MCAL/RCC/stm32_f103c6_RCC_driver.o
 .comment       0x000000000000007b       0x7c MCAL/Timer/Timer.o
 .comment       0x000000000000007b       0x7c MCAL/UART/stm32_f103c6_USART_drivers.o
 .comment       0x000000000000007b       0x7c Src/main.o

.debug_frame    0x0000000000000000      0x7c4
 .debug_frame   0x0000000000000000       0x58 HAL/Kepad_Driver/keypad.o
 .debug_frame   0x0000000000000058      0x188 HAL/LCD_Driver/lcd.o
 .debug_frame   0x00000000000001e0       0xa0 HAL/Servo_Motor/Servo_Motor.o
 .debug_frame   0x0000000000000280      0x178 MCAL/GPIO/stm32_f103c6_gpio_drivers.o
 .debug_frame   0x00000000000003f8       0x84 MCAL/RCC/stm32_f103c6_RCC_driver.o
 .debug_frame   0x000000000000047c       0x7c MCAL/Timer/Timer.o
 .debug_frame   0x00000000000004f8      0x150 MCAL/UART/stm32_f103c6_USART_drivers.o
 .debug_frame   0x0000000000000648      0x150 Src/main.o
 .debug_frame   0x0000000000000798       0x2c c:/st/stm32cubeide_1.4.0/stm32cubeide/plugins/com.st.stm32cube.ide.mcu.externaltools.gnu-tools-for-stm32.7-2018-q2-update.win32_1.4.0.202007081208/tools/bin/../lib/gcc/arm-none-eabi/7.3.1/../../../../arm-none-eabi/lib/thumb/v7-m\libc_nano.a(lib_a-init.o)
